<?xml version="1.0"?>
<link_info>
   <banner>TI ARM Linker PC v5.2.5</banner>
   <copyright>Copyright (c) 1996-2015 Texas Instruments Incorporated</copyright>
   <link_time>0x570ec92e</link_time>
   <link_errors>0x0</link_errors>
   <output_file>Application.out</output_file>
   <entry_point>
      <name>_c_int00</name>
      <address>0x2000979d</address>
   </entry_point>
   <input_file_list>
      <input_file id="fl-2">
         <path>.\</path>
         <kind>object</kind>
         <file>Adafruit_GFX.obj</file>
         <name>Adafruit_GFX.obj</name>
      </input_file>
      <input_file id="fl-3">
         <path>.\</path>
         <kind>object</kind>
         <file>Adafruit_OLED.obj</file>
         <name>Adafruit_OLED.obj</name>
      </input_file>
      <input_file id="fl-4">
         <path>.\</path>
         <kind>object</kind>
         <file>i2c_if.obj</file>
         <name>i2c_if.obj</name>
      </input_file>
      <input_file id="fl-5">
         <path>.\</path>
         <kind>object</kind>
         <file>main.obj</file>
         <name>main.obj</name>
      </input_file>
      <input_file id="fl-6">
         <path>.\</path>
         <kind>object</kind>
         <file>pin_mux_config.obj</file>
         <name>pin_mux_config.obj</name>
      </input_file>
      <input_file id="fl-7">
         <path>.\</path>
         <kind>object</kind>
         <file>startup_ccs.obj</file>
         <name>startup_ccs.obj</name>
      </input_file>
      <input_file id="fl-8">
         <path>.\</path>
         <kind>object</kind>
         <file>test.obj</file>
         <name>test.obj</name>
      </input_file>
      <input_file id="fl-9">
         <path>.\</path>
         <kind>object</kind>
         <file>uart_if.obj</file>
         <name>uart_if.obj</name>
      </input_file>
      <input_file id="fl-130">
         <path>C:\ti\ccsv6\tools\compiler\ti-cgt-arm_5.2.5\lib\</path>
         <kind>archive</kind>
         <file>rtsv7M4_T_le_eabi.lib</file>
         <name>boot.obj</name>
      </input_file>
      <input_file id="fl-131">
         <path>C:\ti\ccsv6\tools\compiler\ti-cgt-arm_5.2.5\lib\</path>
         <kind>archive</kind>
         <file>rtsv7M4_T_le_eabi.lib</file>
         <name>copy_decompress_none.obj</name>
      </input_file>
      <input_file id="fl-132">
         <path>C:\ti\ccsv6\tools\compiler\ti-cgt-arm_5.2.5\lib\</path>
         <kind>archive</kind>
         <file>rtsv7M4_T_le_eabi.lib</file>
         <name>copy_decompress_rle.obj</name>
      </input_file>
      <input_file id="fl-133">
         <path>C:\ti\ccsv6\tools\compiler\ti-cgt-arm_5.2.5\lib\</path>
         <kind>archive</kind>
         <file>rtsv7M4_T_le_eabi.lib</file>
         <name>copy_zero_init.obj</name>
      </input_file>
      <input_file id="fl-134">
         <path>C:\ti\ccsv6\tools\compiler\ti-cgt-arm_5.2.5\lib\</path>
         <kind>archive</kind>
         <file>rtsv7M4_T_le_eabi.lib</file>
         <name>exit.obj</name>
      </input_file>
      <input_file id="fl-135">
         <path>C:\ti\ccsv6\tools\compiler\ti-cgt-arm_5.2.5\lib\</path>
         <kind>archive</kind>
         <file>rtsv7M4_T_le_eabi.lib</file>
         <name>fs_div_t2.obj</name>
      </input_file>
      <input_file id="fl-136">
         <path>C:\ti\ccsv6\tools\compiler\ti-cgt-arm_5.2.5\lib\</path>
         <kind>archive</kind>
         <file>rtsv7M4_T_le_eabi.lib</file>
         <name>fs_mul_t2.obj</name>
      </input_file>
      <input_file id="fl-137">
         <path>C:\ti\ccsv6\tools\compiler\ti-cgt-arm_5.2.5\lib\</path>
         <kind>archive</kind>
         <file>rtsv7M4_T_le_eabi.lib</file>
         <name>fs_toi_t2.obj</name>
      </input_file>
      <input_file id="fl-138">
         <path>C:\ti\ccsv6\tools\compiler\ti-cgt-arm_5.2.5\lib\</path>
         <kind>archive</kind>
         <file>rtsv7M4_T_le_eabi.lib</file>
         <name>i_tofs_t2.obj</name>
      </input_file>
      <input_file id="fl-139">
         <path>C:\ti\ccsv6\tools\compiler\ti-cgt-arm_5.2.5\lib\</path>
         <kind>archive</kind>
         <file>rtsv7M4_T_le_eabi.lib</file>
         <name>memcpy_t2.obj</name>
      </input_file>
      <input_file id="fl-13a">
         <path>C:\ti\ccsv6\tools\compiler\ti-cgt-arm_5.2.5\lib\</path>
         <kind>archive</kind>
         <file>rtsv7M4_T_le_eabi.lib</file>
         <name>memmov.obj</name>
      </input_file>
      <input_file id="fl-13b">
         <path>C:\ti\ccsv6\tools\compiler\ti-cgt-arm_5.2.5\lib\</path>
         <kind>archive</kind>
         <file>rtsv7M4_T_le_eabi.lib</file>
         <name>memory.obj</name>
      </input_file>
      <input_file id="fl-13c">
         <path>C:\ti\ccsv6\tools\compiler\ti-cgt-arm_5.2.5\lib\</path>
         <kind>archive</kind>
         <file>rtsv7M4_T_le_eabi.lib</file>
         <name>memset_t2.obj</name>
      </input_file>
      <input_file id="fl-13d">
         <path>C:\ti\ccsv6\tools\compiler\ti-cgt-arm_5.2.5\lib\</path>
         <kind>archive</kind>
         <file>rtsv7M4_T_le_eabi.lib</file>
         <name>pre_init.obj</name>
      </input_file>
      <input_file id="fl-13e">
         <path>C:\ti\ccsv6\tools\compiler\ti-cgt-arm_5.2.5\lib\</path>
         <kind>archive</kind>
         <file>rtsv7M4_T_le_eabi.lib</file>
         <name>printf.obj</name>
      </input_file>
      <input_file id="fl-13f">
         <path>C:\ti\ccsv6\tools\compiler\ti-cgt-arm_5.2.5\lib\</path>
         <kind>archive</kind>
         <file>rtsv7M4_T_le_eabi.lib</file>
         <name>stkdepth_vars.obj</name>
      </input_file>
      <input_file id="fl-140">
         <path>C:\ti\ccsv6\tools\compiler\ti-cgt-arm_5.2.5\lib\</path>
         <kind>archive</kind>
         <file>rtsv7M4_T_le_eabi.lib</file>
         <name>strlen.obj</name>
      </input_file>
      <input_file id="fl-141">
         <path>C:\ti\ccsv6\tools\compiler\ti-cgt-arm_5.2.5\lib\</path>
         <kind>archive</kind>
         <file>rtsv7M4_T_le_eabi.lib</file>
         <name>vsnprintf.obj</name>
      </input_file>
      <input_file id="fl-142">
         <path>C:\ti\ccsv6\tools\compiler\ti-cgt-arm_5.2.5\lib\</path>
         <kind>archive</kind>
         <file>rtsv7M4_T_le_eabi.lib</file>
         <name>_lock.obj</name>
      </input_file>
      <input_file id="fl-143">
         <path>C:\ti\ccsv6\tools\compiler\ti-cgt-arm_5.2.5\lib\</path>
         <kind>archive</kind>
         <file>rtsv7M4_T_le_eabi.lib</file>
         <name>_printfi.obj</name>
      </input_file>
      <input_file id="fl-144">
         <path>C:\ti\ccsv6\tools\compiler\ti-cgt-arm_5.2.5\lib\</path>
         <kind>archive</kind>
         <file>rtsv7M4_T_le_eabi.lib</file>
         <name>args_main.obj</name>
      </input_file>
      <input_file id="fl-145">
         <path>C:\ti\ccsv6\tools\compiler\ti-cgt-arm_5.2.5\lib\</path>
         <kind>archive</kind>
         <file>rtsv7M4_T_le_eabi.lib</file>
         <name>atoi.obj</name>
      </input_file>
      <input_file id="fl-146">
         <path>C:\ti\ccsv6\tools\compiler\ti-cgt-arm_5.2.5\lib\</path>
         <kind>archive</kind>
         <file>rtsv7M4_T_le_eabi.lib</file>
         <name>autoinit.obj</name>
      </input_file>
      <input_file id="fl-147">
         <path>C:\ti\ccsv6\tools\compiler\ti-cgt-arm_5.2.5\lib\</path>
         <kind>archive</kind>
         <file>rtsv7M4_T_le_eabi.lib</file>
         <name>cpy_tbl.obj</name>
      </input_file>
      <input_file id="fl-148">
         <path>C:\ti\ccsv6\tools\compiler\ti-cgt-arm_5.2.5\lib\</path>
         <kind>archive</kind>
         <file>rtsv7M4_T_le_eabi.lib</file>
         <name>ctype.obj</name>
      </input_file>
      <input_file id="fl-149">
         <path>C:\ti\ccsv6\tools\compiler\ti-cgt-arm_5.2.5\lib\</path>
         <kind>archive</kind>
         <file>rtsv7M4_T_le_eabi.lib</file>
         <name>defs.obj</name>
      </input_file>
      <input_file id="fl-14a">
         <path>C:\ti\ccsv6\tools\compiler\ti-cgt-arm_5.2.5\lib\</path>
         <kind>archive</kind>
         <file>rtsv7M4_T_le_eabi.lib</file>
         <name>fd_add_t2.obj</name>
      </input_file>
      <input_file id="fl-14b">
         <path>C:\ti\ccsv6\tools\compiler\ti-cgt-arm_5.2.5\lib\</path>
         <kind>archive</kind>
         <file>rtsv7M4_T_le_eabi.lib</file>
         <name>fd_cmp_t2.obj</name>
      </input_file>
      <input_file id="fl-14c">
         <path>C:\ti\ccsv6\tools\compiler\ti-cgt-arm_5.2.5\lib\</path>
         <kind>archive</kind>
         <file>rtsv7M4_T_le_eabi.lib</file>
         <name>fd_div_t2.obj</name>
      </input_file>
      <input_file id="fl-14d">
         <path>C:\ti\ccsv6\tools\compiler\ti-cgt-arm_5.2.5\lib\</path>
         <kind>archive</kind>
         <file>rtsv7M4_T_le_eabi.lib</file>
         <name>fd_mul_t2.obj</name>
      </input_file>
      <input_file id="fl-14e">
         <path>C:\ti\ccsv6\tools\compiler\ti-cgt-arm_5.2.5\lib\</path>
         <kind>archive</kind>
         <file>rtsv7M4_T_le_eabi.lib</file>
         <name>fd_toi_t2.obj</name>
      </input_file>
      <input_file id="fl-14f">
         <path>C:\ti\ccsv6\tools\compiler\ti-cgt-arm_5.2.5\lib\</path>
         <kind>archive</kind>
         <file>rtsv7M4_T_le_eabi.lib</file>
         <name>fputc.obj</name>
      </input_file>
      <input_file id="fl-150">
         <path>C:\ti\ccsv6\tools\compiler\ti-cgt-arm_5.2.5\lib\</path>
         <kind>archive</kind>
         <file>rtsv7M4_T_le_eabi.lib</file>
         <name>fputs.obj</name>
      </input_file>
      <input_file id="fl-151">
         <path>C:\ti\ccsv6\tools\compiler\ti-cgt-arm_5.2.5\lib\</path>
         <kind>archive</kind>
         <file>rtsv7M4_T_le_eabi.lib</file>
         <name>frexp.obj</name>
      </input_file>
      <input_file id="fl-152">
         <path>C:\ti\ccsv6\tools\compiler\ti-cgt-arm_5.2.5\lib\</path>
         <kind>archive</kind>
         <file>rtsv7M4_T_le_eabi.lib</file>
         <name>i_tofd_t2.obj</name>
      </input_file>
      <input_file id="fl-153">
         <path>C:\ti\ccsv6\tools\compiler\ti-cgt-arm_5.2.5\lib\</path>
         <kind>archive</kind>
         <file>rtsv7M4_T_le_eabi.lib</file>
         <name>ldexp.obj</name>
      </input_file>
      <input_file id="fl-154">
         <path>C:\ti\ccsv6\tools\compiler\ti-cgt-arm_5.2.5\lib\</path>
         <kind>archive</kind>
         <file>rtsv7M4_T_le_eabi.lib</file>
         <name>lowlev.obj</name>
      </input_file>
      <input_file id="fl-155">
         <path>C:\ti\ccsv6\tools\compiler\ti-cgt-arm_5.2.5\lib\</path>
         <kind>archive</kind>
         <file>rtsv7M4_T_le_eabi.lib</file>
         <name>ltoa.obj</name>
      </input_file>
      <input_file id="fl-156">
         <path>C:\ti\ccsv6\tools\compiler\ti-cgt-arm_5.2.5\lib\</path>
         <kind>archive</kind>
         <file>rtsv7M4_T_le_eabi.lib</file>
         <name>memccpy.obj</name>
      </input_file>
      <input_file id="fl-157">
         <path>C:\ti\ccsv6\tools\compiler\ti-cgt-arm_5.2.5\lib\</path>
         <kind>archive</kind>
         <file>rtsv7M4_T_le_eabi.lib</file>
         <name>memchr.obj</name>
      </input_file>
      <input_file id="fl-158">
         <path>C:\ti\ccsv6\tools\compiler\ti-cgt-arm_5.2.5\lib\</path>
         <kind>archive</kind>
         <file>rtsv7M4_T_le_eabi.lib</file>
         <name>strchr.obj</name>
      </input_file>
      <input_file id="fl-159">
         <path>C:\ti\ccsv6\tools\compiler\ti-cgt-arm_5.2.5\lib\</path>
         <kind>archive</kind>
         <file>rtsv7M4_T_le_eabi.lib</file>
         <name>strcmp.obj</name>
      </input_file>
      <input_file id="fl-15a">
         <path>C:\ti\ccsv6\tools\compiler\ti-cgt-arm_5.2.5\lib\</path>
         <kind>archive</kind>
         <file>rtsv7M4_T_le_eabi.lib</file>
         <name>strncpy.obj</name>
      </input_file>
      <input_file id="fl-15b">
         <path>C:\ti\ccsv6\tools\compiler\ti-cgt-arm_5.2.5\lib\</path>
         <kind>archive</kind>
         <file>rtsv7M4_T_le_eabi.lib</file>
         <name>trgdrv.obj</name>
      </input_file>
      <input_file id="fl-15c">
         <path>C:\ti\ccsv6\tools\compiler\ti-cgt-arm_5.2.5\lib\</path>
         <kind>archive</kind>
         <file>rtsv7M4_T_le_eabi.lib</file>
         <name>trgmsg.obj</name>
      </input_file>
      <input_file id="fl-15d">
         <path>C:\ti\ccsv6\tools\compiler\ti-cgt-arm_5.2.5\lib\</path>
         <kind>archive</kind>
         <file>rtsv7M4_T_le_eabi.lib</file>
         <name>ull_div_t2.obj</name>
      </input_file>
      <input_file id="fl-15e">
         <path>C:\ti\ccsv6\tools\compiler\ti-cgt-arm_5.2.5\lib\</path>
         <kind>archive</kind>
         <file>rtsv7M4_T_le_eabi.lib</file>
         <name>xdclass.obj</name>
      </input_file>
      <input_file id="fl-15f">
         <path>C:\ti\ccsv6\tools\compiler\ti-cgt-arm_5.2.5\lib\</path>
         <kind>archive</kind>
         <file>rtsv7M4_T_le_eabi.lib</file>
         <name>xdscale.obj</name>
      </input_file>
      <input_file id="fl-160">
         <path>C:\ti\ccsv6\tools\compiler\ti-cgt-arm_5.2.5\lib\</path>
         <kind>archive</kind>
         <file>rtsv7M4_T_le_eabi.lib</file>
         <name>xdunscal.obj</name>
      </input_file>
      <input_file id="fl-161">
         <path>C:\ti\ccsv6\tools\compiler\ti-cgt-arm_5.2.5\lib\</path>
         <kind>archive</kind>
         <file>rtsv7M4_T_le_eabi.lib</file>
         <name>xferaise.obj</name>
      </input_file>
      <input_file id="fl-162">
         <path>C:\ti\ccsv6\tools\compiler\ti-cgt-arm_5.2.5\lib\</path>
         <kind>archive</kind>
         <file>rtsv7M4_T_le_eabi.lib</file>
         <name>xvalues.obj</name>
      </input_file>
      <input_file id="fl-163">
         <path>C:\ti\ccsv6\tools\compiler\ti-cgt-arm_5.2.5\lib\</path>
         <kind>archive</kind>
         <file>rtsv7M4_T_le_eabi.lib</file>
         <name>_io_perm.obj</name>
      </input_file>
      <input_file id="fl-164">
         <path>C:\ti\ccsv6\tools\compiler\ti-cgt-arm_5.2.5\lib\</path>
         <kind>archive</kind>
         <file>rtsv7M4_T_le_eabi.lib</file>
         <name>errno.obj</name>
      </input_file>
      <input_file id="fl-165">
         <path>C:\ti\ccsv6\tools\compiler\ti-cgt-arm_5.2.5\lib\</path>
         <kind>archive</kind>
         <file>rtsv7M4_T_le_eabi.lib</file>
         <name>feraiseexcept.obj</name>
      </input_file>
      <input_file id="fl-166">
         <path>C:\ti\ccsv6\tools\compiler\ti-cgt-arm_5.2.5\lib\</path>
         <kind>archive</kind>
         <file>rtsv7M4_T_le_eabi.lib</file>
         <name>fflush.obj</name>
      </input_file>
      <input_file id="fl-167">
         <path>C:\ti\ccsv6\tools\compiler\ti-cgt-arm_5.2.5\lib\</path>
         <kind>archive</kind>
         <file>rtsv7M4_T_le_eabi.lib</file>
         <name>fseek.obj</name>
      </input_file>
      <input_file id="fl-168">
         <path>C:\ti\ccsv6\tools\compiler\ti-cgt-arm_5.2.5\lib\</path>
         <kind>archive</kind>
         <file>rtsv7M4_T_le_eabi.lib</file>
         <name>raise.obj</name>
      </input_file>
      <input_file id="fl-169">
         <path>C:\ti\ccsv6\tools\compiler\ti-cgt-arm_5.2.5\lib\</path>
         <kind>archive</kind>
         <file>rtsv7M4_T_le_eabi.lib</file>
         <name>setvbuf.obj</name>
      </input_file>
      <input_file id="fl-16a">
         <path>C:\ti\ccsv6\tools\compiler\ti-cgt-arm_5.2.5\lib\</path>
         <kind>archive</kind>
         <file>rtsv7M4_T_le_eabi.lib</file>
         <name>signal.obj</name>
      </input_file>
      <input_file id="fl-16b">
         <path>C:\ti\ccsv6\tools\compiler\ti-cgt-arm_5.2.5\lib\</path>
         <kind>archive</kind>
         <file>rtsv7M4_T_le_eabi.lib</file>
         <name>strcpy.obj</name>
      </input_file>
      <input_file id="fl-16c">
         <path>C:\ti\ccsv6\tools\compiler\ti-cgt-arm_5.2.5\lib\</path>
         <kind>archive</kind>
         <file>rtsv7M4_T_le_eabi.lib</file>
         <name>xdnorm.obj</name>
      </input_file>
      <input_file id="fl-16d">
         <path>C:\ti\ccsv6\tools\compiler\ti-cgt-arm_5.2.5\lib\</path>
         <kind>archive</kind>
         <file>rtsv7M4_T_le_eabi.lib</file>
         <name>fopen.obj</name>
      </input_file>
      <input_file id="fl-16e">
         <path>C:\ti\ccsv6\tools\compiler\ti-cgt-arm_5.2.5\lib\</path>
         <kind>archive</kind>
         <file>rtsv7M4_T_le_eabi.lib</file>
         <name>fclose.obj</name>
      </input_file>
      <input_file id="fl-16f">
         <path>C:\ti\ccsv6\tools\compiler\ti-cgt-arm_5.2.5\lib\</path>
         <kind>archive</kind>
         <file>rtsv7M4_T_le_eabi.lib</file>
         <name>remove.obj</name>
      </input_file>
      <input_file id="fl-170">
         <path>C:\ti\CC3200SDK_1.2.0\cc3200-sdk\example\spi_demo\ccs\..\..\..\driverlib\ccs\Release\</path>
         <kind>archive</kind>
         <file>driverlib.a</file>
         <name>gpio.obj</name>
      </input_file>
      <input_file id="fl-171">
         <path>C:\ti\CC3200SDK_1.2.0\cc3200-sdk\example\spi_demo\ccs\..\..\..\driverlib\ccs\Release\</path>
         <kind>archive</kind>
         <file>driverlib.a</file>
         <name>i2c.obj</name>
      </input_file>
      <input_file id="fl-172">
         <path>C:\ti\CC3200SDK_1.2.0\cc3200-sdk\example\spi_demo\ccs\..\..\..\driverlib\ccs\Release\</path>
         <kind>archive</kind>
         <file>driverlib.a</file>
         <name>interrupt.obj</name>
      </input_file>
      <input_file id="fl-173">
         <path>C:\ti\CC3200SDK_1.2.0\cc3200-sdk\example\spi_demo\ccs\..\..\..\driverlib\ccs\Release\</path>
         <kind>archive</kind>
         <file>driverlib.a</file>
         <name>pin.obj</name>
      </input_file>
      <input_file id="fl-174">
         <path>C:\ti\CC3200SDK_1.2.0\cc3200-sdk\example\spi_demo\ccs\..\..\..\driverlib\ccs\Release\</path>
         <kind>archive</kind>
         <file>driverlib.a</file>
         <name>prcm.obj</name>
      </input_file>
      <input_file id="fl-175">
         <path>C:\ti\CC3200SDK_1.2.0\cc3200-sdk\example\spi_demo\ccs\..\..\..\driverlib\ccs\Release\</path>
         <kind>archive</kind>
         <file>driverlib.a</file>
         <name>spi.obj</name>
      </input_file>
      <input_file id="fl-176">
         <path>C:\ti\CC3200SDK_1.2.0\cc3200-sdk\example\spi_demo\ccs\..\..\..\driverlib\ccs\Release\</path>
         <kind>archive</kind>
         <file>driverlib.a</file>
         <name>uart.obj</name>
      </input_file>
      <input_file id="fl-177">
         <path>C:\ti\CC3200SDK_1.2.0\cc3200-sdk\example\spi_demo\ccs\..\..\..\driverlib\ccs\Release\</path>
         <kind>archive</kind>
         <file>driverlib.a</file>
         <name>utils.obj</name>
      </input_file>
      <input_file id="fl-178">
         <path>C:\ti\CC3200SDK_1.2.0\cc3200-sdk\example\spi_demo\ccs\..\..\..\driverlib\ccs\Release\</path>
         <kind>archive</kind>
         <file>driverlib.a</file>
         <name>cpu.obj</name>
      </input_file>
      <input_file id="fl-179">
         <path>C:\ti\CC3200SDK_1.2.0\cc3200-sdk\example\spi_demo\ccs\..\..\..\driverlib\ccs\Release\</path>
         <kind>archive</kind>
         <file>driverlib.a</file>
         <name>flash.obj</name>
      </input_file>
   </input_file_list>
   <object_component_list>
      <object_component id="oc-f">
         <name>.intvecs</name>
         <load_address>0x20004000</load_address>
         <run_address>0x20004000</run_address>
         <size>0x400</size>
         <input_file_ref idref="fl-7"/>
      </object_component>
      <object_component id="oc-18a">
         <name>.text</name>
         <load_address>0x20004400</load_address>
         <run_address>0x20004400</run_address>
         <size>0x10a6</size>
         <input_file_ref idref="fl-143"/>
      </object_component>
      <object_component id="oc-22c">
         <name>.text</name>
         <load_address>0x200054a8</load_address>
         <run_address>0x200054a8</run_address>
         <size>0xa80</size>
         <input_file_ref idref="fl-2"/>
      </object_component>
      <object_component id="oc-11c">
         <name>.text</name>
         <load_address>0x20005f28</load_address>
         <run_address>0x20005f28</run_address>
         <size>0x7fe</size>
         <input_file_ref idref="fl-8"/>
      </object_component>
      <object_component id="oc-110">
         <name>.text</name>
         <load_address>0x20006728</load_address>
         <run_address>0x20006728</run_address>
         <size>0x476</size>
         <input_file_ref idref="fl-3"/>
      </object_component>
      <object_component id="oc-16a">
         <name>.text</name>
         <load_address>0x20006ba0</load_address>
         <run_address>0x20006ba0</run_address>
         <size>0x3dc</size>
         <input_file_ref idref="fl-13b"/>
      </object_component>
      <object_component id="oc-26f">
         <name>.text</name>
         <load_address>0x20006f7c</load_address>
         <run_address>0x20006f7c</run_address>
         <size>0x30c</size>
         <input_file_ref idref="fl-154"/>
      </object_component>
      <object_component id="oc-3c3">
         <name>.text</name>
         <load_address>0x20007288</load_address>
         <run_address>0x20007288</run_address>
         <size>0x2d4</size>
         <input_file_ref idref="fl-15b"/>
      </object_component>
      <object_component id="oc-9f">
         <name>.text</name>
         <load_address>0x2000755c</load_address>
         <run_address>0x2000755c</run_address>
         <size>0x2b0</size>
         <input_file_ref idref="fl-5"/>
      </object_component>
      <object_component id="oc-116">
         <name>.text</name>
         <load_address>0x2000780c</load_address>
         <run_address>0x2000780c</run_address>
         <size>0x290</size>
         <input_file_ref idref="fl-4"/>
      </object_component>
      <object_component id="oc-cc">
         <name>.text</name>
         <load_address>0x20007a9c</load_address>
         <run_address>0x20007a9c</run_address>
         <size>0x280</size>
         <input_file_ref idref="fl-9"/>
      </object_component>
      <object_component id="oc-27f">
         <name>.text</name>
         <load_address>0x20007d1c</load_address>
         <run_address>0x20007d1c</run_address>
         <size>0x1f4</size>
         <input_file_ref idref="fl-15d"/>
      </object_component>
      <object_component id="oc-3ac">
         <name>.text</name>
         <load_address>0x20007f10</load_address>
         <run_address>0x20007f10</run_address>
         <size>0x1c4</size>
         <input_file_ref idref="fl-16d"/>
      </object_component>
      <object_component id="oc-2a8">
         <name>.text</name>
         <load_address>0x200080d4</load_address>
         <run_address>0x200080d4</run_address>
         <size>0x1b6</size>
         <input_file_ref idref="fl-14a"/>
      </object_component>
      <object_component id="oc-28e">
         <name>.text</name>
         <load_address>0x2000828a</load_address>
         <run_address>0x2000828a</run_address>
         <size>0x136</size>
         <input_file_ref idref="fl-14c"/>
      </object_component>
      <object_component id="oc-184">
         <name>.text</name>
         <load_address>0x200083c0</load_address>
         <run_address>0x200083c0</run_address>
         <size>0x134</size>
         <input_file_ref idref="fl-150"/>
      </object_component>
      <object_component id="oc-371">
         <name>.text</name>
         <load_address>0x200084f4</load_address>
         <run_address>0x200084f4</run_address>
         <size>0x110</size>
         <input_file_ref idref="fl-15f"/>
      </object_component>
      <object_component id="oc-289">
         <name>.text</name>
         <load_address>0x20008604</load_address>
         <run_address>0x20008604</run_address>
         <size>0xfc</size>
         <input_file_ref idref="fl-14d"/>
      </object_component>
      <object_component id="oc-335">
         <name>.text</name>
         <load_address>0x20008700</load_address>
         <run_address>0x20008700</run_address>
         <size>0xdc</size>
         <input_file_ref idref="fl-169"/>
      </object_component>
      <object_component id="oc-269">
         <name>.text</name>
         <load_address>0x200087dc</load_address>
         <run_address>0x200087dc</run_address>
         <size>0xc8</size>
         <input_file_ref idref="fl-166"/>
      </object_component>
      <object_component id="oc-3d6">
         <name>.text</name>
         <load_address>0x200088a4</load_address>
         <run_address>0x200088a4</run_address>
         <size>0xbe</size>
         <input_file_ref idref="fl-16c"/>
      </object_component>
      <object_component id="oc-263">
         <name>.text</name>
         <load_address>0x20008962</load_address>
         <run_address>0x20008962</run_address>
         <size>0xac</size>
         <input_file_ref idref="fl-163"/>
      </object_component>
      <object_component id="oc-104">
         <name>.text:SPIConfigSetExpClk</name>
         <load_address>0x20008a10</load_address>
         <run_address>0x20008a10</run_address>
         <size>0xa0</size>
         <input_file_ref idref="fl-175"/>
      </object_component>
      <object_component id="oc-36">
         <name>.text</name>
         <load_address>0x20008ab0</load_address>
         <run_address>0x20008ab0</run_address>
         <size>0x9c</size>
         <input_file_ref idref="fl-139"/>
      </object_component>
      <object_component id="oc-ec">
         <name>.text</name>
         <load_address>0x20008b4c</load_address>
         <run_address>0x20008b4c</run_address>
         <size>0x98</size>
         <input_file_ref idref="fl-6"/>
      </object_component>
      <object_component id="oc-401">
         <name>.text</name>
         <load_address>0x20008be4</load_address>
         <run_address>0x20008be4</run_address>
         <size>0x98</size>
         <input_file_ref idref="fl-16e"/>
      </object_component>
      <object_component id="oc-17e">
         <name>.text</name>
         <load_address>0x20008c7c</load_address>
         <run_address>0x20008c7c</run_address>
         <size>0x98</size>
         <input_file_ref idref="fl-14f"/>
      </object_component>
      <object_component id="oc-fe">
         <name>.text:PRCMPeripheralClockGet</name>
         <load_address>0x20008d14</load_address>
         <run_address>0x20008d14</run_address>
         <size>0x94</size>
         <input_file_ref idref="fl-174"/>
      </object_component>
      <object_component id="oc-dd">
         <name>.text</name>
         <load_address>0x20008da8</load_address>
         <run_address>0x20008da8</run_address>
         <size>0x92</size>
         <input_file_ref idref="fl-135"/>
      </object_component>
      <object_component id="oc-2eb">
         <name>.text:PinConfigSet</name>
         <load_address>0x20008e3c</load_address>
         <run_address>0x20008e3c</run_address>
         <size>0x88</size>
         <input_file_ref idref="fl-173"/>
      </object_component>
      <object_component id="oc-14c">
         <name>.text</name>
         <load_address>0x20008ec4</load_address>
         <run_address>0x20008ec4</run_address>
         <size>0x88</size>
         <input_file_ref idref="fl-141"/>
      </object_component>
      <object_component id="oc-284">
         <name>.text:__aeabi_cdcmple</name>
         <load_address>0x20008f4c</load_address>
         <run_address>0x20008f4c</run_address>
         <size>0x86</size>
         <input_file_ref idref="fl-14b"/>
      </object_component>
      <object_component id="oc-293">
         <name>.text:__aeabi_cdrcmple</name>
         <load_address>0x20008fd2</load_address>
         <run_address>0x20008fd2</run_address>
         <size>0x86</size>
         <input_file_ref idref="fl-14b"/>
      </object_component>
      <object_component id="oc-219">
         <name>.text:I2CMasterInitExpClk</name>
         <load_address>0x20009058</load_address>
         <run_address>0x20009058</run_address>
         <size>0x84</size>
         <input_file_ref idref="fl-171"/>
      </object_component>
      <object_component id="oc-e2">
         <name>.text</name>
         <load_address>0x200090dc</load_address>
         <run_address>0x200090dc</run_address>
         <size>0x7a</size>
         <input_file_ref idref="fl-136"/>
      </object_component>
      <object_component id="oc-4f">
         <name>.text</name>
         <load_address>0x20009156</load_address>
         <run_address>0x20009156</run_address>
         <size>0x7a</size>
         <input_file_ref idref="fl-13c"/>
      </object_component>
      <object_component id="oc-140">
         <name>.text:UARTConfigSetExpClk</name>
         <load_address>0x200091d0</load_address>
         <run_address>0x200091d0</run_address>
         <size>0x76</size>
         <input_file_ref idref="fl-176"/>
      </object_component>
      <object_component id="oc-d2">
         <name>.text</name>
         <load_address>0x20009248</load_address>
         <run_address>0x20009248</run_address>
         <size>0x70</size>
         <input_file_ref idref="fl-13e"/>
      </object_component>
      <object_component id="oc-61">
         <name>.text</name>
         <load_address>0x200092b8</load_address>
         <run_address>0x200092b8</run_address>
         <size>0x6c</size>
         <input_file_ref idref="fl-146"/>
      </object_component>
      <object_component id="oc-42">
         <name>.text</name>
         <load_address>0x20009324</load_address>
         <run_address>0x20009324</run_address>
         <size>0x6a</size>
         <input_file_ref idref="fl-132"/>
      </object_component>
      <object_component id="oc-410">
         <name>.text</name>
         <load_address>0x20009390</load_address>
         <run_address>0x20009390</run_address>
         <size>0x68</size>
         <input_file_ref idref="fl-15c"/>
      </object_component>
      <object_component id="oc-369">
         <name>.text</name>
         <load_address>0x200093f8</load_address>
         <run_address>0x200093f8</run_address>
         <size>0x66</size>
         <input_file_ref idref="fl-160"/>
      </object_component>
      <object_component id="oc-32f">
         <name>.text</name>
         <load_address>0x20009460</load_address>
         <run_address>0x20009460</run_address>
         <size>0x64</size>
         <input_file_ref idref="fl-167"/>
      </object_component>
      <object_component id="oc-213">
         <name>.text:PRCMPeripheralReset</name>
         <load_address>0x200094c4</load_address>
         <run_address>0x200094c4</run_address>
         <size>0x58</size>
         <input_file_ref idref="fl-174"/>
      </object_component>
      <object_component id="oc-29d">
         <name>.text</name>
         <load_address>0x2000951c</load_address>
         <run_address>0x2000951c</run_address>
         <size>0x56</size>
         <input_file_ref idref="fl-155"/>
      </object_component>
      <object_component id="oc-2cb">
         <name>.text</name>
         <load_address>0x20009574</load_address>
         <run_address>0x20009574</run_address>
         <size>0x4c</size>
         <input_file_ref idref="fl-145"/>
      </object_component>
      <object_component id="oc-97">
         <name>.text</name>
         <load_address>0x200095c0</load_address>
         <run_address>0x200095c0</run_address>
         <size>0x4c</size>
         <input_file_ref idref="fl-147"/>
      </object_component>
      <object_component id="oc-298">
         <name>.text</name>
         <load_address>0x2000960c</load_address>
         <run_address>0x2000960c</run_address>
         <size>0x48</size>
         <input_file_ref idref="fl-14e"/>
      </object_component>
      <object_component id="oc-2b3">
         <name>.text</name>
         <load_address>0x20009654</load_address>
         <run_address>0x20009654</run_address>
         <size>0x46</size>
         <input_file_ref idref="fl-153"/>
      </object_component>
      <object_component id="oc-6d">
         <name>.text</name>
         <load_address>0x2000969c</load_address>
         <run_address>0x2000969c</run_address>
         <size>0x44</size>
         <input_file_ref idref="fl-134"/>
      </object_component>
      <object_component id="oc-2f1">
         <name>.text:PinModeSet</name>
         <load_address>0x200096e0</load_address>
         <run_address>0x200096e0</run_address>
         <size>0x40</size>
         <input_file_ref idref="fl-173"/>
      </object_component>
      <object_component id="oc-454">
         <name>.text</name>
         <load_address>0x20009720</load_address>
         <run_address>0x20009720</run_address>
         <size>0x40</size>
         <input_file_ref idref="fl-16a"/>
      </object_component>
      <object_component id="oc-199">
         <name>.text:PRCMPeripheralClkEnable</name>
         <load_address>0x20009760</load_address>
         <run_address>0x20009760</run_address>
         <size>0x3c</size>
         <input_file_ref idref="fl-174"/>
      </object_component>
      <object_component id="oc-24">
         <name>.text</name>
         <load_address>0x2000979c</load_address>
         <run_address>0x2000979c</run_address>
         <size>0x3c</size>
         <input_file_ref idref="fl-130"/>
      </object_component>
      <object_component id="oc-e7">
         <name>.text</name>
         <load_address>0x200097d8</load_address>
         <run_address>0x200097d8</run_address>
         <size>0x38</size>
         <input_file_ref idref="fl-137"/>
      </object_component>
      <object_component id="oc-d8">
         <name>.text</name>
         <load_address>0x20009810</load_address>
         <run_address>0x20009810</run_address>
         <size>0x38</size>
         <input_file_ref idref="fl-138"/>
      </object_component>
      <object_component id="oc-1a5">
         <name>.text:GPIODirModeSet</name>
         <load_address>0x20009848</load_address>
         <run_address>0x20009848</run_address>
         <size>0x36</size>
         <input_file_ref idref="fl-170"/>
      </object_component>
      <object_component id="oc-3e5">
         <name>.text</name>
         <load_address>0x20009880</load_address>
         <run_address>0x20009880</run_address>
         <size>0x34</size>
         <input_file_ref idref="fl-165"/>
      </object_component>
      <object_component id="oc-19f">
         <name>.text:PinTypeGPIO</name>
         <load_address>0x200098b4</load_address>
         <run_address>0x200098b4</run_address>
         <size>0x30</size>
         <input_file_ref idref="fl-173"/>
      </object_component>
      <object_component id="oc-238">
         <name>.text:UARTDisable</name>
         <load_address>0x200098e4</load_address>
         <run_address>0x200098e4</run_address>
         <size>0x30</size>
         <input_file_ref idref="fl-176"/>
      </object_component>
      <object_component id="oc-348">
         <name>.text</name>
         <load_address>0x20009914</load_address>
         <run_address>0x20009914</run_address>
         <size>0x30</size>
         <input_file_ref idref="fl-15a"/>
      </object_component>
      <object_component id="oc-377">
         <name>.text</name>
         <load_address>0x20009944</load_address>
         <run_address>0x20009944</run_address>
         <size>0x30</size>
         <input_file_ref idref="fl-161"/>
      </object_component>
      <object_component id="oc-2a3">
         <name>.text</name>
         <load_address>0x20009974</load_address>
         <run_address>0x20009974</run_address>
         <size>0x2e</size>
         <input_file_ref idref="fl-152"/>
      </object_component>
      <object_component id="oc-432">
         <name>.text</name>
         <load_address>0x200099a2</load_address>
         <run_address>0x200099a2</run_address>
         <size>0x2e</size>
         <input_file_ref idref="fl-168"/>
      </object_component>
      <object_component id="oc-1fb">
         <name>.text:I2CMasterErr</name>
         <load_address>0x200099d0</load_address>
         <run_address>0x200099d0</run_address>
         <size>0x2c</size>
         <input_file_ref idref="fl-171"/>
      </object_component>
      <object_component id="oc-2bf">
         <name>.text</name>
         <load_address>0x200099fc</load_address>
         <run_address>0x200099fc</run_address>
         <size>0x2a</size>
         <input_file_ref idref="fl-15e"/>
      </object_component>
      <object_component id="oc-21f">
         <name>.text:PRCMPeripheralClkDisable</name>
         <load_address>0x20009a28</load_address>
         <run_address>0x20009a28</run_address>
         <size>0x28</size>
         <input_file_ref idref="fl-174"/>
      </object_component>
      <object_component id="oc-23e">
         <name>.text:UARTEnable</name>
         <load_address>0x20009a50</load_address>
         <run_address>0x20009a50</run_address>
         <size>0x24</size>
         <input_file_ref idref="fl-176"/>
      </object_component>
      <object_component id="oc-164">
         <name>.text</name>
         <load_address>0x20009a74</load_address>
         <run_address>0x20009a74</run_address>
         <size>0x24</size>
         <input_file_ref idref="fl-13a"/>
      </object_component>
      <object_component id="oc-201">
         <name>.text:I2CMasterSlaveAddrSet</name>
         <load_address>0x20009a98</load_address>
         <run_address>0x20009a98</run_address>
         <size>0x22</size>
         <input_file_ref idref="fl-171"/>
      </object_component>
      <object_component id="oc-f2">
         <name>.text:SPIReset</name>
         <load_address>0x20009aba</load_address>
         <run_address>0x20009aba</run_address>
         <size>0x22</size>
         <input_file_ref idref="fl-175"/>
      </object_component>
      <object_component id="oc-2ad">
         <name>.text</name>
         <load_address>0x20009adc</load_address>
         <run_address>0x20009adc</run_address>
         <size>0x22</size>
         <input_file_ref idref="fl-151"/>
      </object_component>
      <object_component id="oc-1c3">
         <name>.text:GPIOPinWrite</name>
         <load_address>0x20009afe</load_address>
         <run_address>0x20009afe</run_address>
         <size>0x20</size>
         <input_file_ref idref="fl-170"/>
      </object_component>
      <object_component id="oc-1d5">
         <name>.text:SPIDataGet</name>
         <load_address>0x20009b1e</load_address>
         <run_address>0x20009b1e</run_address>
         <size>0x20</size>
         <input_file_ref idref="fl-175"/>
      </object_component>
      <object_component id="oc-277">
         <name>.text</name>
         <load_address>0x20009b3e</load_address>
         <run_address>0x20009b3e</run_address>
         <size>0x20</size>
         <input_file_ref idref="fl-157"/>
      </object_component>
      <object_component id="oc-1e3">
         <name>.text:I2CMasterIntStatusEx</name>
         <load_address>0x20009b5e</load_address>
         <run_address>0x20009b5e</run_address>
         <size>0x1e</size>
         <input_file_ref idref="fl-171"/>
      </object_component>
      <object_component id="oc-1cf">
         <name>.text:SPIDataPut</name>
         <load_address>0x20009b7c</load_address>
         <run_address>0x20009b7c</run_address>
         <size>0x1e</size>
         <input_file_ref idref="fl-175"/>
      </object_component>
      <object_component id="oc-146">
         <name>.text:UARTCharPut</name>
         <load_address>0x20009b9a</load_address>
         <run_address>0x20009b9a</run_address>
         <size>0x1e</size>
         <input_file_ref idref="fl-176"/>
      </object_component>
      <object_component id="oc-1b7">
         <name>.text:PinTypeI2C</name>
         <load_address>0x20009bb8</load_address>
         <run_address>0x20009bb8</run_address>
         <size>0x1c</size>
         <input_file_ref idref="fl-173"/>
      </object_component>
      <object_component id="oc-158">
         <name>.text:UARTCharGetNonBlocking</name>
         <load_address>0x20009bd4</load_address>
         <run_address>0x20009bd4</run_address>
         <size>0x1c</size>
         <input_file_ref idref="fl-176"/>
      </object_component>
      <object_component id="oc-2c5">
         <name>.text</name>
         <load_address>0x20009bf0</load_address>
         <run_address>0x20009bf0</run_address>
         <size>0x1c</size>
         <input_file_ref idref="fl-156"/>
      </object_component>
      <object_component id="oc-1ab">
         <name>.text:PinTypeSPI</name>
         <load_address>0x20009c0c</load_address>
         <run_address>0x20009c0c</run_address>
         <size>0x1a</size>
         <input_file_ref idref="fl-173"/>
      </object_component>
      <object_component id="oc-1b1">
         <name>.text:PinTypeUART</name>
         <load_address>0x20009c26</load_address>
         <run_address>0x20009c26</run_address>
         <size>0x1a</size>
         <input_file_ref idref="fl-173"/>
      </object_component>
      <object_component id="oc-f8">
         <name>.text:SPIFIFOEnable</name>
         <load_address>0x20009c40</load_address>
         <run_address>0x20009c40</run_address>
         <size>0x1a</size>
         <input_file_ref idref="fl-175"/>
      </object_component>
      <object_component id="oc-1db">
         <name>.text:SPICSDisable</name>
         <load_address>0x20009c5a</load_address>
         <run_address>0x20009c5a</run_address>
         <size>0x18</size>
         <input_file_ref idref="fl-175"/>
      </object_component>
      <object_component id="oc-1c9">
         <name>.text:SPICSEnable</name>
         <load_address>0x20009c72</load_address>
         <run_address>0x20009c72</run_address>
         <size>0x18</size>
         <input_file_ref idref="fl-175"/>
      </object_component>
      <object_component id="oc-10a">
         <name>.text:SPIEnable</name>
         <load_address>0x20009c8a</load_address>
         <run_address>0x20009c8a</run_address>
         <size>0x18</size>
         <input_file_ref idref="fl-175"/>
      </object_component>
      <object_component id="oc-152">
         <name>.text:UARTCharsAvail</name>
         <load_address>0x20009ca2</load_address>
         <run_address>0x20009ca2</run_address>
         <size>0x18</size>
         <input_file_ref idref="fl-176"/>
      </object_component>
      <object_component id="oc-67">
         <name>.text</name>
         <load_address>0x20009cbc</load_address>
         <run_address>0x20009cbc</run_address>
         <size>0x18</size>
         <input_file_ref idref="fl-144"/>
      </object_component>
      <object_component id="oc-342">
         <name>.text</name>
         <load_address>0x20009cd4</load_address>
         <run_address>0x20009cd4</run_address>
         <size>0x18</size>
         <input_file_ref idref="fl-159"/>
      </object_component>
      <object_component id="oc-207">
         <name>.text:I2CMasterDataPut</name>
         <load_address>0x20009cec</load_address>
         <run_address>0x20009cec</run_address>
         <size>0x16</size>
         <input_file_ref idref="fl-171"/>
      </object_component>
      <object_component id="oc-313">
         <name>.text:I2CMasterEnable</name>
         <load_address>0x20009d02</load_address>
         <run_address>0x20009d02</run_address>
         <size>0x16</size>
         <input_file_ref idref="fl-171"/>
      </object_component>
      <object_component id="oc-2b9">
         <name>.text</name>
         <load_address>0x20009d18</load_address>
         <run_address>0x20009d18</run_address>
         <size>0x16</size>
         <input_file_ref idref="fl-158"/>
      </object_component>
      <object_component id="oc-12b">
         <name>.text</name>
         <load_address>0x20009d30</load_address>
         <run_address>0x20009d30</run_address>
         <size>0x14</size>
         <input_file_ref idref="fl-142"/>
      </object_component>
      <object_component id="oc-416">
         <name>.text</name>
         <load_address>0x20009d44</load_address>
         <run_address>0x20009d44</run_address>
         <size>0x14</size>
         <input_file_ref idref="fl-16b"/>
      </object_component>
      <object_component id="oc-15e">
         <name>.text</name>
         <load_address>0x20009d58</load_address>
         <run_address>0x20009d58</run_address>
         <size>0x14</size>
         <input_file_ref idref="fl-140"/>
      </object_component>
      <object_component id="oc-1f5">
         <name>.text:I2CMasterControl</name>
         <load_address>0x20009d6c</load_address>
         <run_address>0x20009d6c</run_address>
         <size>0x12</size>
         <input_file_ref idref="fl-171"/>
      </object_component>
      <object_component id="oc-1e9">
         <name>.text:I2CMasterIntClearEx</name>
         <load_address>0x20009d7e</load_address>
         <run_address>0x20009d7e</run_address>
         <size>0x12</size>
         <input_file_ref idref="fl-171"/>
      </object_component>
      <object_component id="oc-1ef">
         <name>.text:I2CMasterTimeoutSet</name>
         <load_address>0x20009d90</load_address>
         <run_address>0x20009d90</run_address>
         <size>0x12</size>
         <input_file_ref idref="fl-171"/>
      </object_component>
      <object_component id="oc-20d">
         <name>.text:I2CMasterDataGet</name>
         <load_address>0x20009da2</load_address>
         <run_address>0x20009da2</run_address>
         <size>0xe</size>
         <input_file_ref idref="fl-171"/>
      </object_component>
      <object_component id="oc-12">
         <name>.text:decompress:none</name>
         <load_address>0x20009db0</load_address>
         <run_address>0x20009db0</run_address>
         <size>0xe</size>
         <input_file_ref idref="fl-131"/>
      </object_component>
      <object_component id="oc-2d">
         <name>.text</name>
         <load_address>0x20009dbe</load_address>
         <run_address>0x20009dbe</run_address>
         <size>0xe</size>
         <input_file_ref idref="fl-7"/>
      </object_component>
      <object_component id="oc-1e">
         <name>.text:decompress:ZI</name>
         <load_address>0x20009dcc</load_address>
         <run_address>0x20009dcc</run_address>
         <size>0xc</size>
         <input_file_ref idref="fl-133"/>
      </object_component>
      <object_component id="oc-18">
         <name>.text:decompress:rle24</name>
         <load_address>0x20009dd8</load_address>
         <run_address>0x20009dd8</run_address>
         <size>0x6</size>
         <input_file_ref idref="fl-132"/>
      </object_component>
      <object_component id="oc-5b">
         <name>.text</name>
         <load_address>0x20009dde</load_address>
         <run_address>0x20009dde</run_address>
         <size>0x4</size>
         <input_file_ref idref="fl-13d"/>
      </object_component>
      <object_component id="oc-31d">
         <name>.const:.string:font</name>
         <load_address>0x20009de4</load_address>
         <run_address>0x20009de4</run_address>
         <size>0x4fb</size>
         <input_file_ref idref="fl-2"/>
      </object_component>
      <object_component id="oc-385">
         <name>.const:.string:_ctypes_</name>
         <load_address>0x2000a2df</load_address>
         <run_address>0x2000a2df</run_address>
         <size>0x101</size>
         <input_file_ref idref="fl-148"/>
      </object_component>
      <object_component id="oc-395">
         <name>.const:g_ulPinToPadMap</name>
         <load_address>0x2000a3e0</load_address>
         <run_address>0x2000a3e0</run_address>
         <size>0x100</size>
         <input_file_ref idref="fl-173"/>
      </object_component>
      <object_component id="oc-2e7">
         <name>.const:PRCM_PeriphRegsList</name>
         <load_address>0x2000a4e0</load_address>
         <run_address>0x2000a4e0</run_address>
         <size>0xa8</size>
         <input_file_ref idref="fl-174"/>
      </object_component>
      <object_component id="oc-4a4">
         <name>.cinit..data.load</name>
         <load_address>0x2000a588</load_address>
         <run_address>0x2000a588</run_address>
         <size>0xbc</size>
      </object_component>
      <object_component id="oc-4a2">
         <name>__TI_handler_table</name>
         <load_address>0x2000a644</load_address>
         <run_address>0x2000a644</run_address>
         <size>0xc</size>
      </object_component>
      <object_component id="oc-4a5">
         <name>.cinit..bss.load</name>
         <load_address>0x2000a650</load_address>
         <run_address>0x2000a650</run_address>
         <size>0x8</size>
      </object_component>
      <object_component id="oc-4a3">
         <name>__TI_cinit_table</name>
         <load_address>0x2000a658</load_address>
         <run_address>0x2000a658</run_address>
         <size>0x10</size>
      </object_component>
      <object_component id="oc-2a">
         <name>.sysmem</name>
         <uninitialized>true</uninitialized>
         <run_address>0x20017000</run_address>
         <size>0x8</size>
         <input_file_ref idref="fl-13b"/>
      </object_component>
      <object_component id="oc-4a7">
         <name>.sysmem</name>
         <uninitialized>true</uninitialized>
         <run_address>0x20017000</run_address>
         <size>0x0</size>
      </object_component>
      <object_component id="oc-29">
         <name>.stack</name>
         <uninitialized>true</uninitialized>
         <run_address>0x2002f800</run_address>
         <size>0x0</size>
         <input_file_ref idref="fl-130"/>
      </object_component>
      <object_component id="oc-4a6">
         <name>.stack</name>
         <uninitialized>true</uninitialized>
         <run_address>0x2002f800</run_address>
         <size>0x0</size>
      </object_component>
      <object_component id="oc-442">
         <name>.bss:__TI_tmpnams</name>
         <uninitialized>true</uninitialized>
         <run_address>0x20017c68</run_address>
         <size>0xa0</size>
         <input_file_ref idref="fl-149"/>
      </object_component>
      <object_component id="oc-449">
         <name>.bss:__CIOBUF_</name>
         <uninitialized>true</uninitialized>
         <run_address>0x20017b48</run_address>
         <size>0x120</size>
         <input_file_ref idref="fl-15c"/>
      </object_component>
      <object_component id="oc-170">
         <name>.common:__Errorlog</name>
         <uninitialized>true</uninitialized>
         <run_address>0x20017d10</run_address>
         <size>0x4</size>
      </object_component>
      <object_component id="oc-41c">
         <name>.common:parmbuf</name>
         <uninitialized>true</uninitialized>
         <run_address>0x20017d08</run_address>
         <size>0x8</size>
      </object_component>
      <object_component id="oc-320">
         <name>.data</name>
         <load_address>0x20017af0</load_address>
         <run_address>0x20017af0</run_address>
         <size>0x15</size>
         <input_file_ref idref="fl-2"/>
      </object_component>
      <object_component id="oc-aa">
         <name>.data</name>
         <load_address>0x20017b2c</load_address>
         <run_address>0x20017b2c</run_address>
         <size>0x8</size>
         <input_file_ref idref="fl-134"/>
      </object_component>
      <object_component id="oc-25d">
         <name>.data</name>
         <load_address>0x20017b18</load_address>
         <run_address>0x20017b18</run_address>
         <size>0xc</size>
         <input_file_ref idref="fl-13b"/>
      </object_component>
      <object_component id="oc-73">
         <name>.data</name>
         <load_address>0x20017b44</load_address>
         <run_address>0x20017b44</run_address>
         <size>0x4</size>
         <input_file_ref idref="fl-13f"/>
      </object_component>
      <object_component id="oc-a7">
         <name>.data</name>
         <load_address>0x20017b24</load_address>
         <run_address>0x20017b24</run_address>
         <size>0x8</size>
         <input_file_ref idref="fl-142"/>
      </object_component>
      <object_component id="oc-190">
         <name>.data:_ftable</name>
         <load_address>0x20017800</load_address>
         <run_address>0x20017800</run_address>
         <size>0xf0</size>
         <input_file_ref idref="fl-149"/>
      </object_component>
      <object_component id="oc-33d">
         <name>.data</name>
         <load_address>0x20017b08</load_address>
         <run_address>0x20017b08</run_address>
         <size>0x10</size>
         <input_file_ref idref="fl-149"/>
      </object_component>
      <object_component id="oc-34e">
         <name>.data</name>
         <load_address>0x200178f0</load_address>
         <run_address>0x200178f0</run_address>
         <size>0xd0</size>
         <input_file_ref idref="fl-154"/>
      </object_component>
      <object_component id="oc-3e0">
         <name>.data</name>
         <load_address>0x20017a70</load_address>
         <run_address>0x20017a70</run_address>
         <size>0x80</size>
         <input_file_ref idref="fl-162"/>
      </object_component>
      <object_component id="oc-3eb">
         <name>.data</name>
         <load_address>0x20017b3c</load_address>
         <run_address>0x20017b3c</run_address>
         <size>0x4</size>
         <input_file_ref idref="fl-164"/>
      </object_component>
      <object_component id="oc-438">
         <name>.data</name>
         <load_address>0x20017b34</load_address>
         <run_address>0x20017b34</run_address>
         <size>0x8</size>
         <input_file_ref idref="fl-165"/>
      </object_component>
      <object_component id="oc-46f">
         <name>.data:sigtable</name>
         <load_address>0x200179c0</load_address>
         <run_address>0x200179c0</run_address>
         <size>0xb0</size>
         <input_file_ref idref="fl-16a"/>
      </object_component>
      <object_component id="oc-407">
         <name>.data</name>
         <load_address>0x20017b40</load_address>
         <run_address>0x20017b40</run_address>
         <size>0x4</size>
         <input_file_ref idref="fl-16d"/>
      </object_component>
      <object_component id="oc-324">
         <name>.debug_info</name>
         <load_address>0x0</load_address>
         <run_address>0x0</run_address>
         <size>0x1d7</size>
         <input_file_ref idref="fl-2"/>
      </object_component>
      <object_component id="oc-31e">
         <name>.debug_info</name>
         <load_address>0x1d7</load_address>
         <run_address>0x1d7</run_address>
         <size>0xdc</size>
         <input_file_ref idref="fl-2"/>
      </object_component>
      <object_component id="oc-321">
         <name>.debug_info</name>
         <load_address>0x2b3</load_address>
         <run_address>0x2b3</run_address>
         <size>0x18a</size>
         <input_file_ref idref="fl-2"/>
      </object_component>
      <object_component id="oc-22d">
         <name>.debug_info</name>
         <load_address>0x43d</load_address>
         <run_address>0x43d</run_address>
         <size>0x14e6</size>
         <input_file_ref idref="fl-2"/>
      </object_component>
      <object_component id="oc-7e">
         <name>.debug_info</name>
         <load_address>0x1923</load_address>
         <run_address>0x1923</run_address>
         <size>0x84</size>
         <input_file_ref idref="fl-2"/>
      </object_component>
      <object_component id="oc-1e2">
         <name>.debug_info</name>
         <load_address>0x19a7</load_address>
         <run_address>0x19a7</run_address>
         <size>0x1bf</size>
         <input_file_ref idref="fl-3"/>
      </object_component>
      <object_component id="oc-111">
         <name>.debug_info</name>
         <load_address>0x1b66</load_address>
         <run_address>0x1b66</run_address>
         <size>0xe06</size>
         <input_file_ref idref="fl-3"/>
      </object_component>
      <object_component id="oc-39e">
         <name>.debug_info</name>
         <load_address>0x296c</load_address>
         <run_address>0x296c</run_address>
         <size>0x62</size>
         <input_file_ref idref="fl-3"/>
      </object_component>
      <object_component id="oc-253">
         <name>.debug_info</name>
         <load_address>0x29ce</load_address>
         <run_address>0x29ce</run_address>
         <size>0x2c</size>
         <input_file_ref idref="fl-3"/>
      </object_component>
      <object_component id="oc-8e">
         <name>.debug_info</name>
         <load_address>0x29fa</load_address>
         <run_address>0x29fa</run_address>
         <size>0x2c</size>
         <input_file_ref idref="fl-3"/>
      </object_component>
      <object_component id="oc-22b">
         <name>.debug_info</name>
         <load_address>0x2a26</load_address>
         <run_address>0x2a26</run_address>
         <size>0x3e2</size>
         <input_file_ref idref="fl-4"/>
      </object_component>
      <object_component id="oc-118">
         <name>.debug_info</name>
         <load_address>0x2e08</load_address>
         <run_address>0x2e08</run_address>
         <size>0x930</size>
         <input_file_ref idref="fl-4"/>
      </object_component>
      <object_component id="oc-179">
         <name>.debug_info</name>
         <load_address>0x3738</load_address>
         <run_address>0x3738</run_address>
         <size>0x110</size>
         <input_file_ref idref="fl-4"/>
      </object_component>
      <object_component id="oc-226">
         <name>.debug_info</name>
         <load_address>0x3848</load_address>
         <run_address>0x3848</run_address>
         <size>0x8b</size>
         <input_file_ref idref="fl-4"/>
      </object_component>
      <object_component id="oc-305">
         <name>.debug_info</name>
         <load_address>0x38d3</load_address>
         <run_address>0x38d3</run_address>
         <size>0x18b</size>
         <input_file_ref idref="fl-4"/>
      </object_component>
      <object_component id="oc-174">
         <name>.debug_info</name>
         <load_address>0x3a5e</load_address>
         <run_address>0x3a5e</run_address>
         <size>0x4e</size>
         <input_file_ref idref="fl-4"/>
      </object_component>
      <object_component id="oc-123">
         <name>.debug_info</name>
         <load_address>0x3aac</load_address>
         <run_address>0x3aac</run_address>
         <size>0x3f7</size>
         <input_file_ref idref="fl-5"/>
      </object_component>
      <object_component id="oc-a1">
         <name>.debug_info</name>
         <load_address>0x3ea3</load_address>
         <run_address>0x3ea3</run_address>
         <size>0x68f</size>
         <input_file_ref idref="fl-5"/>
      </object_component>
      <object_component id="oc-f0">
         <name>.debug_info</name>
         <load_address>0x4532</load_address>
         <run_address>0x4532</run_address>
         <size>0x290</size>
         <input_file_ref idref="fl-6"/>
      </object_component>
      <object_component id="oc-35">
         <name>.debug_info</name>
         <load_address>0x47c2</load_address>
         <run_address>0x47c2</run_address>
         <size>0x107</size>
         <input_file_ref idref="fl-7"/>
      </object_component>
      <object_component id="oc-10">
         <name>.debug_info</name>
         <load_address>0x48c9</load_address>
         <run_address>0x48c9</run_address>
         <size>0xec</size>
         <input_file_ref idref="fl-7"/>
      </object_component>
      <object_component id="oc-30">
         <name>.debug_info</name>
         <load_address>0x49b5</load_address>
         <run_address>0x49b5</run_address>
         <size>0x24b</size>
         <input_file_ref idref="fl-7"/>
      </object_component>
      <object_component id="oc-11e">
         <name>.debug_info</name>
         <load_address>0x4c00</load_address>
         <run_address>0x4c00</run_address>
         <size>0xf5a</size>
         <input_file_ref idref="fl-8"/>
      </object_component>
      <object_component id="oc-171">
         <name>.debug_info</name>
         <load_address>0x5b5a</load_address>
         <run_address>0x5b5a</run_address>
         <size>0x387</size>
         <input_file_ref idref="fl-9"/>
      </object_component>
      <object_component id="oc-d0">
         <name>.debug_info</name>
         <load_address>0x5ee1</load_address>
         <run_address>0x5ee1</run_address>
         <size>0x64a</size>
         <input_file_ref idref="fl-9"/>
      </object_component>
      <object_component id="oc-27">
         <name>.debug_info</name>
         <load_address>0x652b</load_address>
         <run_address>0x652b</run_address>
         <size>0x11c</size>
         <input_file_ref idref="fl-130"/>
      </object_component>
      <object_component id="oc-41">
         <name>.debug_info</name>
         <load_address>0x6647</load_address>
         <run_address>0x6647</run_address>
         <size>0x109</size>
         <input_file_ref idref="fl-131"/>
      </object_component>
      <object_component id="oc-14">
         <name>.debug_info</name>
         <load_address>0x6750</load_address>
         <run_address>0x6750</run_address>
         <size>0x1a8</size>
         <input_file_ref idref="fl-131"/>
      </object_component>
      <object_component id="oc-3c">
         <name>.debug_info</name>
         <load_address>0x68f8</load_address>
         <run_address>0x68f8</run_address>
         <size>0x46</size>
         <input_file_ref idref="fl-131"/>
      </object_component>
      <object_component id="oc-84">
         <name>.debug_info</name>
         <load_address>0x693e</load_address>
         <run_address>0x693e</run_address>
         <size>0x2c</size>
         <input_file_ref idref="fl-131"/>
      </object_component>
      <object_component id="oc-49">
         <name>.debug_info</name>
         <load_address>0x696a</load_address>
         <run_address>0x696a</run_address>
         <size>0xfd</size>
         <input_file_ref idref="fl-132"/>
      </object_component>
      <object_component id="oc-46">
         <name>.debug_info</name>
         <load_address>0x6a67</load_address>
         <run_address>0x6a67</run_address>
         <size>0x210</size>
         <input_file_ref idref="fl-132"/>
      </object_component>
      <object_component id="oc-1c">
         <name>.debug_info</name>
         <load_address>0x6c77</load_address>
         <run_address>0x6c77</run_address>
         <size>0x17a</size>
         <input_file_ref idref="fl-132"/>
      </object_component>
      <object_component id="oc-4a">
         <name>.debug_info</name>
         <load_address>0x6df1</load_address>
         <run_address>0x6df1</run_address>
         <size>0x39</size>
         <input_file_ref idref="fl-132"/>
      </object_component>
      <object_component id="oc-5a">
         <name>.debug_info</name>
         <load_address>0x6e2a</load_address>
         <run_address>0x6e2a</run_address>
         <size>0xf8</size>
         <input_file_ref idref="fl-133"/>
      </object_component>
      <object_component id="oc-1f">
         <name>.debug_info</name>
         <load_address>0x6f22</load_address>
         <run_address>0x6f22</run_address>
         <size>0x173</size>
         <input_file_ref idref="fl-133"/>
      </object_component>
      <object_component id="oc-55">
         <name>.debug_info</name>
         <load_address>0x7095</load_address>
         <run_address>0x7095</run_address>
         <size>0x46</size>
         <input_file_ref idref="fl-133"/>
      </object_component>
      <object_component id="oc-ae">
         <name>.debug_info</name>
         <load_address>0x70db</load_address>
         <run_address>0x70db</run_address>
         <size>0x15a</size>
         <input_file_ref idref="fl-134"/>
      </object_component>
      <object_component id="oc-ab">
         <name>.debug_info</name>
         <load_address>0x7235</load_address>
         <run_address>0x7235</run_address>
         <size>0xff</size>
         <input_file_ref idref="fl-134"/>
      </object_component>
      <object_component id="oc-6f">
         <name>.debug_info</name>
         <load_address>0x7334</load_address>
         <run_address>0x7334</run_address>
         <size>0x1d6</size>
         <input_file_ref idref="fl-134"/>
      </object_component>
      <object_component id="oc-de">
         <name>.debug_info</name>
         <load_address>0x750a</load_address>
         <run_address>0x750a</run_address>
         <size>0xff</size>
         <input_file_ref idref="fl-135"/>
      </object_component>
      <object_component id="oc-e3">
         <name>.debug_info</name>
         <load_address>0x7609</load_address>
         <run_address>0x7609</run_address>
         <size>0xff</size>
         <input_file_ref idref="fl-136"/>
      </object_component>
      <object_component id="oc-e9">
         <name>.debug_info</name>
         <load_address>0x7708</load_address>
         <run_address>0x7708</run_address>
         <size>0xf3</size>
         <input_file_ref idref="fl-137"/>
      </object_component>
      <object_component id="oc-d9">
         <name>.debug_info</name>
         <load_address>0x77fb</load_address>
         <run_address>0x77fb</run_address>
         <size>0xee</size>
         <input_file_ref idref="fl-138"/>
      </object_component>
      <object_component id="oc-38">
         <name>.debug_info</name>
         <load_address>0x78e9</load_address>
         <run_address>0x78e9</run_address>
         <size>0xde</size>
         <input_file_ref idref="fl-139"/>
      </object_component>
      <object_component id="oc-25c">
         <name>.debug_info</name>
         <load_address>0x79c7</load_address>
         <run_address>0x79c7</run_address>
         <size>0xf5</size>
         <input_file_ref idref="fl-13a"/>
      </object_component>
      <object_component id="oc-165">
         <name>.debug_info</name>
         <load_address>0x7abc</load_address>
         <run_address>0x7abc</run_address>
         <size>0x174</size>
         <input_file_ref idref="fl-13a"/>
      </object_component>
      <object_component id="oc-79">
         <name>.debug_info</name>
         <load_address>0x7c30</load_address>
         <run_address>0x7c30</run_address>
         <size>0x1eb</size>
         <input_file_ref idref="fl-13b"/>
      </object_component>
      <object_component id="oc-2b">
         <name>.debug_info</name>
         <load_address>0x7e1b</load_address>
         <run_address>0x7e1b</run_address>
         <size>0xca</size>
         <input_file_ref idref="fl-13b"/>
      </object_component>
      <object_component id="oc-25e">
         <name>.debug_info</name>
         <load_address>0x7ee5</load_address>
         <run_address>0x7ee5</run_address>
         <size>0x115</size>
         <input_file_ref idref="fl-13b"/>
      </object_component>
      <object_component id="oc-16e">
         <name>.debug_info</name>
         <load_address>0x7ffa</load_address>
         <run_address>0x7ffa</run_address>
         <size>0x854</size>
         <input_file_ref idref="fl-13b"/>
      </object_component>
      <object_component id="oc-b4">
         <name>.debug_info</name>
         <load_address>0x884e</load_address>
         <run_address>0x884e</run_address>
         <size>0x2c</size>
         <input_file_ref idref="fl-13b"/>
      </object_component>
      <object_component id="oc-b9">
         <name>.debug_info</name>
         <load_address>0x887a</load_address>
         <run_address>0x887a</run_address>
         <size>0x62</size>
         <input_file_ref idref="fl-13b"/>
      </object_component>
      <object_component id="oc-50">
         <name>.debug_info</name>
         <load_address>0x88dc</load_address>
         <run_address>0x88dc</run_address>
         <size>0x10c</size>
         <input_file_ref idref="fl-13c"/>
      </object_component>
      <object_component id="oc-5f">
         <name>.debug_info</name>
         <load_address>0x89e8</load_address>
         <run_address>0x89e8</run_address>
         <size>0x111</size>
         <input_file_ref idref="fl-13d"/>
      </object_component>
      <object_component id="oc-194">
         <name>.debug_info</name>
         <load_address>0x8af9</load_address>
         <run_address>0x8af9</run_address>
         <size>0x1f5</size>
         <input_file_ref idref="fl-13e"/>
      </object_component>
      <object_component id="oc-d6">
         <name>.debug_info</name>
         <load_address>0x8cee</load_address>
         <run_address>0x8cee</run_address>
         <size>0x24d</size>
         <input_file_ref idref="fl-13e"/>
      </object_component>
      <object_component id="oc-2e2">
         <name>.debug_info</name>
         <load_address>0x8f3b</load_address>
         <run_address>0x8f3b</run_address>
         <size>0xae</size>
         <input_file_ref idref="fl-13e"/>
      </object_component>
      <object_component id="oc-74">
         <name>.debug_info</name>
         <load_address>0x8fe9</load_address>
         <run_address>0x8fe9</run_address>
         <size>0xd2</size>
         <input_file_ref idref="fl-13f"/>
      </object_component>
      <object_component id="oc-25a">
         <name>.debug_info</name>
         <load_address>0x90bb</load_address>
         <run_address>0x90bb</run_address>
         <size>0xb3</size>
         <input_file_ref idref="fl-140"/>
      </object_component>
      <object_component id="oc-161">
         <name>.debug_info</name>
         <load_address>0x916e</load_address>
         <run_address>0x916e</run_address>
         <size>0x193</size>
         <input_file_ref idref="fl-140"/>
      </object_component>
      <object_component id="oc-247">
         <name>.debug_info</name>
         <load_address>0x9301</load_address>
         <run_address>0x9301</run_address>
         <size>0x191</size>
         <input_file_ref idref="fl-141"/>
      </object_component>
      <object_component id="oc-14d">
         <name>.debug_info</name>
         <load_address>0x9492</load_address>
         <run_address>0x9492</run_address>
         <size>0x325</size>
         <input_file_ref idref="fl-141"/>
      </object_component>
      <object_component id="oc-248">
         <name>.debug_info</name>
         <load_address>0x97b7</load_address>
         <run_address>0x97b7</run_address>
         <size>0x2c</size>
         <input_file_ref idref="fl-141"/>
      </object_component>
      <object_component id="oc-24d">
         <name>.debug_info</name>
         <load_address>0x97e3</load_address>
         <run_address>0x97e3</run_address>
         <size>0x69</size>
         <input_file_ref idref="fl-141"/>
      </object_component>
      <object_component id="oc-133">
         <name>.debug_info</name>
         <load_address>0x984c</load_address>
         <run_address>0x984c</run_address>
         <size>0xed</size>
         <input_file_ref idref="fl-142"/>
      </object_component>
      <object_component id="oc-a8">
         <name>.debug_info</name>
         <load_address>0x9939</load_address>
         <run_address>0x9939</run_address>
         <size>0xdc</size>
         <input_file_ref idref="fl-142"/>
      </object_component>
      <object_component id="oc-12d">
         <name>.debug_info</name>
         <load_address>0x9a15</load_address>
         <run_address>0x9a15</run_address>
         <size>0x1e8</size>
         <input_file_ref idref="fl-142"/>
      </object_component>
      <object_component id="oc-2d2">
         <name>.debug_info</name>
         <load_address>0x9bfd</load_address>
         <run_address>0x9bfd</run_address>
         <size>0x320</size>
         <input_file_ref idref="fl-143"/>
      </object_component>
      <object_component id="oc-18c">
         <name>.debug_info</name>
         <load_address>0x9f1d</load_address>
         <run_address>0x9f1d</run_address>
         <size>0x17d0</size>
         <input_file_ref idref="fl-143"/>
      </object_component>
      <object_component id="oc-2d3">
         <name>.debug_info</name>
         <load_address>0xb6ed</load_address>
         <run_address>0xb6ed</run_address>
         <size>0x86</size>
         <input_file_ref idref="fl-143"/>
      </object_component>
      <object_component id="oc-38c">
         <name>.debug_info</name>
         <load_address>0xb773</load_address>
         <run_address>0xb773</run_address>
         <size>0x46</size>
         <input_file_ref idref="fl-143"/>
      </object_component>
      <object_component id="oc-2d8">
         <name>.debug_info</name>
         <load_address>0xb7b9</load_address>
         <run_address>0xb7b9</run_address>
         <size>0x39</size>
         <input_file_ref idref="fl-143"/>
      </object_component>
      <object_component id="oc-a6">
         <name>.debug_info</name>
         <load_address>0xb7f2</load_address>
         <run_address>0xb7f2</run_address>
         <size>0x12f</size>
         <input_file_ref idref="fl-144"/>
      </object_component>
      <object_component id="oc-68">
         <name>.debug_info</name>
         <load_address>0xb921</load_address>
         <run_address>0xb921</run_address>
         <size>0x130</size>
         <input_file_ref idref="fl-144"/>
      </object_component>
      <object_component id="oc-126">
         <name>.debug_info</name>
         <load_address>0xba51</load_address>
         <run_address>0xba51</run_address>
         <size>0x5e</size>
         <input_file_ref idref="fl-144"/>
      </object_component>
      <object_component id="oc-389">
         <name>.debug_info</name>
         <load_address>0xbaaf</load_address>
         <run_address>0xbaaf</run_address>
         <size>0xdd</size>
         <input_file_ref idref="fl-145"/>
      </object_component>
      <object_component id="oc-2cc">
         <name>.debug_info</name>
         <load_address>0xbb8c</load_address>
         <run_address>0xbb8c</run_address>
         <size>0x13a</size>
         <input_file_ref idref="fl-145"/>
      </object_component>
      <object_component id="oc-9e">
         <name>.debug_info</name>
         <load_address>0xbcc6</load_address>
         <run_address>0xbcc6</run_address>
         <size>0x286</size>
         <input_file_ref idref="fl-146"/>
      </object_component>
      <object_component id="oc-63">
         <name>.debug_info</name>
         <load_address>0xbf4c</load_address>
         <run_address>0xbf4c</run_address>
         <size>0x140</size>
         <input_file_ref idref="fl-146"/>
      </object_component>
      <object_component id="oc-c2">
         <name>.debug_info</name>
         <load_address>0xc08c</load_address>
         <run_address>0xc08c</run_address>
         <size>0x39</size>
         <input_file_ref idref="fl-146"/>
      </object_component>
      <object_component id="oc-c7">
         <name>.debug_info</name>
         <load_address>0xc0c5</load_address>
         <run_address>0xc0c5</run_address>
         <size>0xcd</size>
         <input_file_ref idref="fl-146"/>
      </object_component>
      <object_component id="oc-bf">
         <name>.debug_info</name>
         <load_address>0xc192</load_address>
         <run_address>0xc192</run_address>
         <size>0x1a9</size>
         <input_file_ref idref="fl-147"/>
      </object_component>
      <object_component id="oc-99">
         <name>.debug_info</name>
         <load_address>0xc33b</load_address>
         <run_address>0xc33b</run_address>
         <size>0x14c</size>
         <input_file_ref idref="fl-147"/>
      </object_component>
      <object_component id="oc-13b">
         <name>.debug_info</name>
         <load_address>0xc487</load_address>
         <run_address>0xc487</run_address>
         <size>0x2c</size>
         <input_file_ref idref="fl-147"/>
      </object_component>
      <object_component id="oc-3f9">
         <name>.debug_info</name>
         <load_address>0xc4b3</load_address>
         <run_address>0xc4b3</run_address>
         <size>0xb7</size>
         <input_file_ref idref="fl-148"/>
      </object_component>
      <object_component id="oc-386">
         <name>.debug_info</name>
         <load_address>0xc56a</load_address>
         <run_address>0xc56a</run_address>
         <size>0xc3</size>
         <input_file_ref idref="fl-148"/>
      </object_component>
      <object_component id="oc-2df">
         <name>.debug_info</name>
         <load_address>0xc62d</load_address>
         <run_address>0xc62d</run_address>
         <size>0xd9</size>
         <input_file_ref idref="fl-149"/>
      </object_component>
      <object_component id="oc-191">
         <name>.debug_info</name>
         <load_address>0xc706</load_address>
         <run_address>0xc706</run_address>
         <size>0xc0</size>
         <input_file_ref idref="fl-149"/>
      </object_component>
      <object_component id="oc-443">
         <name>.debug_info</name>
         <load_address>0xc7c6</load_address>
         <run_address>0xc7c6</run_address>
         <size>0xca</size>
         <input_file_ref idref="fl-149"/>
      </object_component>
      <object_component id="oc-33e">
         <name>.debug_info</name>
         <load_address>0xc890</load_address>
         <run_address>0xc890</run_address>
         <size>0x14d</size>
         <input_file_ref idref="fl-149"/>
      </object_component>
      <object_component id="oc-2a9">
         <name>.debug_info</name>
         <load_address>0xc9dd</load_address>
         <run_address>0xc9dd</run_address>
         <size>0x111</size>
         <input_file_ref idref="fl-14a"/>
      </object_component>
      <object_component id="oc-285">
         <name>.debug_info</name>
         <load_address>0xcaee</load_address>
         <run_address>0xcaee</run_address>
         <size>0xed</size>
         <input_file_ref idref="fl-14b"/>
      </object_component>
      <object_component id="oc-294">
         <name>.debug_info</name>
         <load_address>0xcbdb</load_address>
         <run_address>0xcbdb</run_address>
         <size>0xef</size>
         <input_file_ref idref="fl-14b"/>
      </object_component>
      <object_component id="oc-290">
         <name>.debug_info</name>
         <load_address>0xccca</load_address>
         <run_address>0xccca</run_address>
         <size>0xff</size>
         <input_file_ref idref="fl-14c"/>
      </object_component>
      <object_component id="oc-28b">
         <name>.debug_info</name>
         <load_address>0xcdc9</load_address>
         <run_address>0xcdc9</run_address>
         <size>0xff</size>
         <input_file_ref idref="fl-14d"/>
      </object_component>
      <object_component id="oc-29a">
         <name>.debug_info</name>
         <load_address>0xcec8</load_address>
         <run_address>0xcec8</run_address>
         <size>0xf3</size>
         <input_file_ref idref="fl-14e"/>
      </object_component>
      <object_component id="oc-276">
         <name>.debug_info</name>
         <load_address>0xcfbb</load_address>
         <run_address>0xcfbb</run_address>
         <size>0x1a7</size>
         <input_file_ref idref="fl-14f"/>
      </object_component>
      <object_component id="oc-182">
         <name>.debug_info</name>
         <load_address>0xd162</load_address>
         <run_address>0xd162</run_address>
         <size>0x208</size>
         <input_file_ref idref="fl-14f"/>
      </object_component>
      <object_component id="oc-27e">
         <name>.debug_info</name>
         <load_address>0xd36a</load_address>
         <run_address>0xd36a</run_address>
         <size>0x26b</size>
         <input_file_ref idref="fl-150"/>
      </object_component>
      <object_component id="oc-186">
         <name>.debug_info</name>
         <load_address>0xd5d5</load_address>
         <run_address>0xd5d5</run_address>
         <size>0x322</size>
         <input_file_ref idref="fl-150"/>
      </object_component>
      <object_component id="oc-370">
         <name>.debug_info</name>
         <load_address>0xd8f7</load_address>
         <run_address>0xd8f7</run_address>
         <size>0xe6</size>
         <input_file_ref idref="fl-151"/>
      </object_component>
      <object_component id="oc-2af">
         <name>.debug_info</name>
         <load_address>0xd9dd</load_address>
         <run_address>0xd9dd</run_address>
         <size>0x155</size>
         <input_file_ref idref="fl-151"/>
      </object_component>
      <object_component id="oc-2a4">
[...]
      </symbol>
      <symbol id="sm-59b">
         <name>copy_in</name>
         <value>0x200095c1</value>
         <object_component_ref idref="oc-97"/>
      </symbol>
      <symbol id="sm-5a6">
         <name>_ctypes_</name>
         <value>0x2000a2df</value>
         <object_component_ref idref="oc-385"/>
      </symbol>
      <symbol id="sm-5bf">
         <name>__aeabi_stdout</name>
         <value>0x20017b10</value>
         <object_component_ref idref="oc-33d"/>
      </symbol>
      <symbol id="sm-5c0">
         <name>__TI_tmpnams</name>
         <value>0x20017c68</value>
         <object_component_ref idref="oc-442"/>
      </symbol>
      <symbol id="sm-5c1">
         <name>__aeabi_stderr</name>
         <value>0x20017b14</value>
         <object_component_ref idref="oc-33d"/>
      </symbol>
      <symbol id="sm-5c2">
         <name>__aeabi_stdin</name>
         <value>0x20017b0c</value>
         <object_component_ref idref="oc-33d"/>
      </symbol>
      <symbol id="sm-5c3">
         <name>_ftable</name>
         <value>0x20017800</value>
         <object_component_ref idref="oc-190"/>
      </symbol>
      <symbol id="sm-5c4">
         <name>__TI_ft_end</name>
         <value>0x20017b08</value>
         <object_component_ref idref="oc-33d"/>
      </symbol>
      <symbol id="sm-5e8">
         <name>__aeabi_dsub</name>
         <value>0x200080d5</value>
         <object_component_ref idref="oc-2a8"/>
      </symbol>
      <symbol id="sm-5e9">
         <name>__aeabi_dadd</name>
         <value>0x200080df</value>
         <object_component_ref idref="oc-2a8"/>
      </symbol>
      <symbol id="sm-610">
         <name>__aeabi_cdcmpeq</name>
         <value>0x20008f4d</value>
         <object_component_ref idref="oc-284"/>
      </symbol>
      <symbol id="sm-611">
         <name>__aeabi_cdcmple</name>
         <value>0x20008f4d</value>
         <object_component_ref idref="oc-284"/>
      </symbol>
      <symbol id="sm-612">
         <name>__aeabi_cdrcmple</name>
         <value>0x20008fd3</value>
         <object_component_ref idref="oc-293"/>
      </symbol>
      <symbol id="sm-632">
         <name>__aeabi_ddiv</name>
         <value>0x2000828b</value>
         <object_component_ref idref="oc-28e"/>
      </symbol>
      <symbol id="sm-649">
         <name>__aeabi_dmul</name>
         <value>0x20008605</value>
         <object_component_ref idref="oc-289"/>
      </symbol>
      <symbol id="sm-657">
         <name>__aeabi_d2iz</name>
         <value>0x2000960d</value>
         <object_component_ref idref="oc-298"/>
      </symbol>
      <symbol id="sm-66e">
         <name>putc</name>
         <value>0x20008c7d</value>
         <object_component_ref idref="oc-17e"/>
      </symbol>
      <symbol id="sm-66f">
         <name>fputc</name>
         <value>0x20008c7d</value>
         <object_component_ref idref="oc-17e"/>
      </symbol>
      <symbol id="sm-670">
         <name>putchar</name>
         <value>0x20008d01</value>
         <object_component_ref idref="oc-17e"/>
      </symbol>
      <symbol id="sm-692">
         <name>puts</name>
         <value>0x200084cd</value>
         <object_component_ref idref="oc-184"/>
      </symbol>
      <symbol id="sm-693">
         <name>fputs</name>
         <value>0x200083c1</value>
         <object_component_ref idref="oc-184"/>
      </symbol>
      <symbol id="sm-6a0">
         <name>frexp</name>
         <value>0x20009add</value>
         <object_component_ref idref="oc-2ad"/>
      </symbol>
      <symbol id="sm-6ac">
         <name>__aeabi_i2d</name>
         <value>0x20009975</value>
         <object_component_ref idref="oc-2a3"/>
      </symbol>
      <symbol id="sm-6bd">
         <name>ldexp</name>
         <value>0x20009655</value>
         <object_component_ref idref="oc-2b3"/>
      </symbol>
      <symbol id="sm-70f">
         <name>open</name>
         <value>0x200070bb</value>
         <object_component_ref idref="oc-26f"/>
      </symbol>
      <symbol id="sm-710">
         <name>add_device</name>
         <value>0x200071dd</value>
         <object_component_ref idref="oc-26f"/>
      </symbol>
      <symbol id="sm-711">
         <name>remove_device</name>
         <value>0x2000706f</value>
         <object_component_ref idref="oc-26f"/>
      </symbol>
      <symbol id="sm-712">
         <name>lseek</name>
         <value>0x20007169</value>
         <object_component_ref idref="oc-26f"/>
      </symbol>
      <symbol id="sm-713">
         <name>read</name>
         <value>0x20007097</value>
         <object_component_ref idref="oc-26f"/>
      </symbol>
      <symbol id="sm-714">
         <name>rename</name>
         <value>0x20007031</value>
         <object_component_ref idref="oc-26f"/>
      </symbol>
      <symbol id="sm-715">
         <name>write</name>
         <value>0x20006f7d</value>
         <object_component_ref idref="oc-26f"/>
      </symbol>
      <symbol id="sm-716">
         <name>close</name>
         <value>0x2000718d</value>
         <object_component_ref idref="oc-26f"/>
      </symbol>
      <symbol id="sm-717">
         <name>unlink</name>
         <value>0x2000700d</value>
         <object_component_ref idref="oc-26f"/>
      </symbol>
      <symbol id="sm-726">
         <name>ltoa</name>
         <value>0x2000951d</value>
         <object_component_ref idref="oc-29d"/>
      </symbol>
      <symbol id="sm-736">
         <name>memccpy</name>
         <value>0x20009bf1</value>
         <object_component_ref idref="oc-2c5"/>
      </symbol>
      <symbol id="sm-746">
         <name>memchr</name>
         <value>0x20009b3f</value>
         <object_component_ref idref="oc-277"/>
      </symbol>
      <symbol id="sm-756">
         <name>strchr</name>
         <value>0x20009d19</value>
         <object_component_ref idref="oc-2b9"/>
      </symbol>
      <symbol id="sm-765">
         <name>strcmp</name>
         <value>0x20009cd5</value>
         <object_component_ref idref="oc-342"/>
      </symbol>
      <symbol id="sm-775">
         <name>strncpy</name>
         <value>0x20009915</value>
         <object_component_ref idref="oc-348"/>
      </symbol>
      <symbol id="sm-796">
         <name>HOSTgetenv</name>
         <value>0x2000749f</value>
         <object_component_ref idref="oc-3c3"/>
      </symbol>
      <symbol id="sm-797">
         <name>HOSTrename</name>
         <value>0x20007347</value>
         <object_component_ref idref="oc-3c3"/>
      </symbol>
      <symbol id="sm-798">
         <name>HOSTclose</name>
         <value>0x200074dd</value>
         <object_component_ref idref="oc-3c3"/>
      </symbol>
      <symbol id="sm-799">
         <name>HOSTunlink</name>
         <value>0x200072d5</value>
         <object_component_ref idref="oc-3c3"/>
      </symbol>
      <symbol id="sm-79a">
         <name>HOSTlseek</name>
         <value>0x20007443</value>
         <object_component_ref idref="oc-3c3"/>
      </symbol>
      <symbol id="sm-79b">
         <name>HOSTopen</name>
         <value>0x200073f1</value>
         <object_component_ref idref="oc-3c3"/>
      </symbol>
      <symbol id="sm-79c">
         <name>HOSTclock</name>
         <value>0x20007515</value>
         <object_component_ref idref="oc-3c3"/>
      </symbol>
      <symbol id="sm-79d">
         <name>HOSTwrite</name>
         <value>0x20007289</value>
         <object_component_ref idref="oc-3c3"/>
      </symbol>
      <symbol id="sm-79e">
         <name>HOSTread</name>
         <value>0x200073a5</value>
         <object_component_ref idref="oc-3c3"/>
      </symbol>
      <symbol id="sm-79f">
         <name>HOSTtime</name>
         <value>0x2000730d</value>
         <object_component_ref idref="oc-3c3"/>
      </symbol>
      <symbol id="sm-7ba">
         <name>__TI_readmsg</name>
         <value>0x200093c3</value>
         <object_component_ref idref="oc-410"/>
      </symbol>
      <symbol id="sm-7bb">
         <name>C$$IO$$</name>
         <value>0x200093bf</value>
         <object_component_ref idref="oc-410"/>
      </symbol>
      <symbol id="sm-7bc">
         <name>__CIOBUF_</name>
         <value>0x20017b48</value>
         <object_component_ref idref="oc-449"/>
      </symbol>
      <symbol id="sm-7bd">
         <name>__TI_writemsg</name>
         <value>0x20009391</value>
         <object_component_ref idref="oc-410"/>
      </symbol>
      <symbol id="sm-7e7">
         <name>__aeabi_uldivmod</name>
         <value>0x20007d1d</value>
         <object_component_ref idref="oc-27f"/>
      </symbol>
      <symbol id="sm-7f5">
         <name>_Dclass</name>
         <value>0x200099fd</value>
         <object_component_ref idref="oc-2bf"/>
      </symbol>
      <symbol id="sm-816">
         <name>_Dscale</name>
         <value>0x200084f5</value>
         <object_component_ref idref="oc-371"/>
      </symbol>
      <symbol id="sm-82a">
         <name>_Dunscale</name>
         <value>0x200093f9</value>
         <object_component_ref idref="oc-369"/>
      </symbol>
      <symbol id="sm-839">
         <name>_Feraise</name>
         <value>0x20009945</value>
         <object_component_ref idref="oc-377"/>
      </symbol>
      <symbol id="sm-849">
         <name>_Rteps</name>
         <value>0x20017ad0</value>
         <object_component_ref idref="oc-3e0"/>
      </symbol>
      <symbol id="sm-84a">
         <name>_Zero</name>
         <value>0x20017ae8</value>
         <object_component_ref idref="oc-3e0"/>
      </symbol>
      <symbol id="sm-84b">
         <name>_Hugeval</name>
         <value>0x20017a90</value>
         <object_component_ref idref="oc-3e0"/>
      </symbol>
      <symbol id="sm-84c">
         <name>_Snan</name>
         <value>0x20017ac0</value>
         <object_component_ref idref="oc-3e0"/>
      </symbol>
      <symbol id="sm-84d">
         <name>_Nan</name>
         <value>0x20017ab0</value>
         <object_component_ref idref="oc-3e0"/>
      </symbol>
      <symbol id="sm-84e">
         <name>_Inf</name>
         <value>0x20017aa0</value>
         <object_component_ref idref="oc-3e0"/>
      </symbol>
      <symbol id="sm-84f">
         <name>_Xbig</name>
         <value>0x20017ae0</value>
         <object_component_ref idref="oc-3e0"/>
      </symbol>
      <symbol id="sm-850">
         <name>_Eps</name>
         <value>0x20017a80</value>
         <object_component_ref idref="oc-3e0"/>
      </symbol>
      <symbol id="sm-851">
         <name>_Denorm</name>
         <value>0x20017a70</value>
         <object_component_ref idref="oc-3e0"/>
      </symbol>
      <symbol id="sm-86f">
         <name>__TI_wrt_ok</name>
         <value>0x20008963</value>
         <object_component_ref idref="oc-263"/>
      </symbol>
      <symbol id="sm-870">
         <name>__TI_rd_ok</name>
         <value>0x200089c5</value>
         <object_component_ref idref="oc-263"/>
      </symbol>
      <symbol id="sm-878">
         <name>_Errno</name>
         <value>0x20017b3c</value>
         <object_component_ref idref="oc-3eb"/>
      </symbol>
      <symbol id="sm-896">
         <name>feraiseexcept</name>
         <value>0x20009881</value>
         <object_component_ref idref="oc-3e5"/>
      </symbol>
      <symbol id="sm-897">
         <name>_Tls_setup__Fenv</name>
         <value>0x20017b38</value>
         <object_component_ref idref="oc-438"/>
      </symbol>
      <symbol id="sm-898">
         <name>_Fenv</name>
         <value>0x20017b34</value>
         <object_component_ref idref="oc-438"/>
      </symbol>
      <symbol id="sm-8b2">
         <name>__TI_doflush</name>
         <value>0x200087dd</value>
         <object_component_ref idref="oc-269"/>
      </symbol>
      <symbol id="sm-8b3">
         <name>fflush</name>
         <value>0x20008829</value>
         <object_component_ref idref="oc-269"/>
      </symbol>
      <symbol id="sm-8c5">
         <name>fseek</name>
         <value>0x20009461</value>
         <object_component_ref idref="oc-32f"/>
      </symbol>
      <symbol id="sm-8d9">
         <name>raise</name>
         <value>0x200099a3</value>
         <object_component_ref idref="oc-432"/>
      </symbol>
      <symbol id="sm-8f5">
         <name>setvbuf</name>
         <value>0x20008701</value>
         <object_component_ref idref="oc-335"/>
      </symbol>
      <symbol id="sm-90f">
         <name>signal</name>
         <value>0x20009721</value>
         <object_component_ref idref="oc-454"/>
      </symbol>
      <symbol id="sm-91d">
         <name>strcpy</name>
         <value>0x20009d45</value>
         <object_component_ref idref="oc-416"/>
      </symbol>
      <symbol id="sm-932">
         <name>_Dnorm</name>
         <value>0x200088a5</value>
         <object_component_ref idref="oc-3d6"/>
      </symbol>
      <symbol id="sm-964">
         <name>__TI_cleanup</name>
         <value>0x20007fd9</value>
         <object_component_ref idref="oc-3ac"/>
      </symbol>
      <symbol id="sm-965">
         <name>freopen</name>
         <value>0x20008005</value>
         <object_component_ref idref="oc-3ac"/>
      </symbol>
      <symbol id="sm-966">
         <name>fopen</name>
         <value>0x2000802f</value>
         <object_component_ref idref="oc-3ac"/>
      </symbol>
      <symbol id="sm-97c">
         <name>__TI_closefile</name>
         <value>0x20008be5</value>
         <object_component_ref idref="oc-401"/>
      </symbol>
      <symbol id="sm-97d">
         <name>fclose</name>
         <value>0x20008c4b</value>
         <object_component_ref idref="oc-401"/>
      </symbol>
      <symbol id="sm-992">
         <name>GPIODirModeSet</name>
         <value>0x20009849</value>
         <object_component_ref idref="oc-1a5"/>
      </symbol>
      <symbol id="sm-993">
         <name>GPIOPinWrite</name>
         <value>0x20009aff</value>
         <object_component_ref idref="oc-1c3"/>
      </symbol>
      <symbol id="sm-9f2">
         <name>I2CMasterDataPut</name>
         <value>0x20009ced</value>
         <object_component_ref idref="oc-207"/>
      </symbol>
      <symbol id="sm-9f3">
         <name>I2CMasterInitExpClk</name>
         <value>0x20009059</value>
         <object_component_ref idref="oc-219"/>
      </symbol>
      <symbol id="sm-9f4">
         <name>I2CMasterIntClearEx</name>
         <value>0x20009d7f</value>
         <object_component_ref idref="oc-1e9"/>
      </symbol>
      <symbol id="sm-9f5">
         <name>I2CMasterSlaveAddrSet</name>
         <value>0x20009a99</value>
         <object_component_ref idref="oc-201"/>
      </symbol>
      <symbol id="sm-9f6">
         <name>I2CMasterDataGet</name>
         <value>0x20009da3</value>
         <object_component_ref idref="oc-20d"/>
      </symbol>
      <symbol id="sm-9f7">
         <name>I2CMasterErr</name>
         <value>0x200099d1</value>
         <object_component_ref idref="oc-1fb"/>
      </symbol>
      <symbol id="sm-9f8">
         <name>I2CMasterTimeoutSet</name>
         <value>0x20009d91</value>
         <object_component_ref idref="oc-1ef"/>
      </symbol>
      <symbol id="sm-9f9">
         <name>I2CMasterControl</name>
         <value>0x20009d6d</value>
         <object_component_ref idref="oc-1f5"/>
      </symbol>
      <symbol id="sm-9fa">
         <name>I2CMasterEnable</name>
         <value>0x20009d03</value>
         <object_component_ref idref="oc-313"/>
      </symbol>
      <symbol id="sm-9fb">
         <name>I2CMasterIntStatusEx</name>
         <value>0x20009b5f</value>
         <object_component_ref idref="oc-1e3"/>
      </symbol>
      <symbol id="sm-a43">
         <name>PinTypeI2C</name>
         <value>0x20009bb9</value>
         <object_component_ref idref="oc-1b7"/>
      </symbol>
      <symbol id="sm-a44">
         <name>PinTypeUART</name>
         <value>0x20009c27</value>
         <object_component_ref idref="oc-1b1"/>
      </symbol>
      <symbol id="sm-a45">
         <name>PinTypeGPIO</name>
         <value>0x200098b5</value>
         <object_component_ref idref="oc-19f"/>
      </symbol>
      <symbol id="sm-a46">
         <name>PinConfigSet</name>
         <value>0x20008e3d</value>
         <object_component_ref idref="oc-2eb"/>
      </symbol>
      <symbol id="sm-a47">
         <name>PinTypeSPI</name>
         <value>0x20009c0d</value>
         <object_component_ref idref="oc-1ab"/>
      </symbol>
      <symbol id="sm-a48">
         <name>PinModeSet</name>
         <value>0x200096e1</value>
         <object_component_ref idref="oc-2f1"/>
      </symbol>
      <symbol id="sm-a90">
         <name>PRCMPeripheralReset</name>
         <value>0x200094c5</value>
         <object_component_ref idref="oc-213"/>
      </symbol>
      <symbol id="sm-a91">
         <name>PRCMPeripheralClkEnable</name>
         <value>0x20009761</value>
         <object_component_ref idref="oc-199"/>
      </symbol>
      <symbol id="sm-a92">
         <name>PRCMPeripheralClockGet</name>
         <value>0x20008d15</value>
         <object_component_ref idref="oc-fe"/>
      </symbol>
      <symbol id="sm-a93">
         <name>PRCMPeripheralClkDisable</name>
         <value>0x20009a29</value>
         <object_component_ref idref="oc-21f"/>
      </symbol>
      <symbol id="sm-ae0">
         <name>SPICSEnable</name>
         <value>0x20009c73</value>
         <object_component_ref idref="oc-1c9"/>
      </symbol>
      <symbol id="sm-ae1">
         <name>SPIFIFOEnable</name>
         <value>0x20009c41</value>
         <object_component_ref idref="oc-f8"/>
      </symbol>
      <symbol id="sm-ae2">
         <name>SPIDataPut</name>
         <value>0x20009b7d</value>
         <object_component_ref idref="oc-1cf"/>
      </symbol>
      <symbol id="sm-ae3">
         <name>SPIEnable</name>
         <value>0x20009c8b</value>
         <object_component_ref idref="oc-10a"/>
      </symbol>
      <symbol id="sm-ae4">
         <name>SPIDataGet</name>
         <value>0x20009b1f</value>
         <object_component_ref idref="oc-1d5"/>
      </symbol>
      <symbol id="sm-ae5">
         <name>SPIConfigSetExpClk</name>
         <value>0x20008a11</value>
         <object_component_ref idref="oc-104"/>
      </symbol>
      <symbol id="sm-ae6">
         <name>SPIReset</name>
         <value>0x20009abb</value>
         <object_component_ref idref="oc-f2"/>
      </symbol>
      <symbol id="sm-ae7">
         <name>SPICSDisable</name>
         <value>0x20009c5b</value>
         <object_component_ref idref="oc-1db"/>
      </symbol>
      <symbol id="sm-b23">
         <name>UARTConfigSetExpClk</name>
         <value>0x200091d1</value>
         <object_component_ref idref="oc-140"/>
      </symbol>
      <symbol id="sm-b24">
         <name>UARTDisable</name>
         <value>0x200098e5</value>
         <object_component_ref idref="oc-238"/>
      </symbol>
      <symbol id="sm-b25">
         <name>UARTCharsAvail</name>
         <value>0x20009ca3</value>
         <object_component_ref idref="oc-152"/>
      </symbol>
      <symbol id="sm-b26">
         <name>UARTCharGetNonBlocking</name>
         <value>0x20009bd5</value>
         <object_component_ref idref="oc-158"/>
      </symbol>
      <symbol id="sm-b27">
         <name>UARTCharPut</name>
         <value>0x20009b9b</value>
         <object_component_ref idref="oc-146"/>
      </symbol>
      <symbol id="sm-b28">
         <name>UARTEnable</name>
         <value>0x20009a51</value>
         <object_component_ref idref="oc-23e"/>
      </symbol>
      <symbol id="sm-b2c">
         <name>__TI_static_base__</name>
         <value>0x2000a588</value>
      </symbol>
      <symbol id="sm-b2f">
         <name>SHT$$INIT_ARRAY$$Limit</name>
         <value>0x0</value>
      </symbol>
      <symbol id="sm-b30">
         <name>SHT$$INIT_ARRAY$$Base</name>
         <value>0x0</value>
      </symbol>
      <symbol id="sm-b31">
         <name>remove</name>
         <value>0x2000700d</value>
      </symbol>
   </symbol_table>
   <title>Link successful</title>
</link_info>
