<?xml version="1.0"?>
<link_info>
   <banner>TI ARM Linker PC v5.2.5</banner>
   <copyright>Copyright (c) 1996-2015 Texas Instruments Incorporated</copyright>
   <link_time>0x570d9aa6</link_time>
   <link_errors>0x0</link_errors>
   <output_file>OLED.out</output_file>
   <entry_point>
      <name>_c_int00</name>
      <address>0x200083f1</address>
   </entry_point>
   <input_file_list>
      <input_file id="fl-2">
         <path>.\</path>
         <kind>object</kind>
         <file>Adafruit_GFX.obj</file>
         <name>Adafruit_GFX.obj</name>
      </input_file>
      <input_file id="fl-3">
         <path>.\</path>
         <kind>object</kind>
         <file>Adafruit_OLED.obj</file>
         <name>Adafruit_OLED.obj</name>
      </input_file>
      <input_file id="fl-4">
         <path>.\</path>
         <kind>object</kind>
         <file>main.obj</file>
         <name>main.obj</name>
      </input_file>
      <input_file id="fl-5">
         <path>.\</path>
         <kind>object</kind>
         <file>pin_mux_config.obj</file>
         <name>pin_mux_config.obj</name>
      </input_file>
      <input_file id="fl-6">
         <path>.\</path>
         <kind>object</kind>
         <file>startup_ccs.obj</file>
         <name>startup_ccs.obj</name>
      </input_file>
      <input_file id="fl-7">
         <path>.\</path>
         <kind>object</kind>
         <file>test.obj</file>
         <name>test.obj</name>
      </input_file>
      <input_file id="fl-8">
         <path>.\</path>
         <kind>object</kind>
         <file>uart_if.obj</file>
         <name>uart_if.obj</name>
      </input_file>
      <input_file id="fl-12f">
         <path>C:\ti\ccsv6\tools\compiler\ti-cgt-arm_5.2.5\lib\</path>
         <kind>archive</kind>
         <file>rtsv7M4_T_le_eabi.lib</file>
         <name>boot.obj</name>
      </input_file>
      <input_file id="fl-130">
         <path>C:\ti\ccsv6\tools\compiler\ti-cgt-arm_5.2.5\lib\</path>
         <kind>archive</kind>
         <file>rtsv7M4_T_le_eabi.lib</file>
         <name>copy_decompress_none.obj</name>
      </input_file>
      <input_file id="fl-131">
         <path>C:\ti\ccsv6\tools\compiler\ti-cgt-arm_5.2.5\lib\</path>
         <kind>archive</kind>
         <file>rtsv7M4_T_le_eabi.lib</file>
         <name>copy_decompress_rle.obj</name>
      </input_file>
      <input_file id="fl-132">
         <path>C:\ti\ccsv6\tools\compiler\ti-cgt-arm_5.2.5\lib\</path>
         <kind>archive</kind>
         <file>rtsv7M4_T_le_eabi.lib</file>
         <name>copy_zero_init.obj</name>
      </input_file>
      <input_file id="fl-133">
         <path>C:\ti\ccsv6\tools\compiler\ti-cgt-arm_5.2.5\lib\</path>
         <kind>archive</kind>
         <file>rtsv7M4_T_le_eabi.lib</file>
         <name>exit.obj</name>
      </input_file>
      <input_file id="fl-134">
         <path>C:\ti\ccsv6\tools\compiler\ti-cgt-arm_5.2.5\lib\</path>
         <kind>archive</kind>
         <file>rtsv7M4_T_le_eabi.lib</file>
         <name>memcpy_t2.obj</name>
      </input_file>
      <input_file id="fl-135">
         <path>C:\ti\ccsv6\tools\compiler\ti-cgt-arm_5.2.5\lib\</path>
         <kind>archive</kind>
         <file>rtsv7M4_T_le_eabi.lib</file>
         <name>memmov.obj</name>
      </input_file>
      <input_file id="fl-136">
         <path>C:\ti\ccsv6\tools\compiler\ti-cgt-arm_5.2.5\lib\</path>
         <kind>archive</kind>
         <file>rtsv7M4_T_le_eabi.lib</file>
         <name>memory.obj</name>
      </input_file>
      <input_file id="fl-137">
         <path>C:\ti\ccsv6\tools\compiler\ti-cgt-arm_5.2.5\lib\</path>
         <kind>archive</kind>
         <file>rtsv7M4_T_le_eabi.lib</file>
         <name>memset_t2.obj</name>
      </input_file>
      <input_file id="fl-138">
         <path>C:\ti\ccsv6\tools\compiler\ti-cgt-arm_5.2.5\lib\</path>
         <kind>archive</kind>
         <file>rtsv7M4_T_le_eabi.lib</file>
         <name>pre_init.obj</name>
      </input_file>
      <input_file id="fl-139">
         <path>C:\ti\ccsv6\tools\compiler\ti-cgt-arm_5.2.5\lib\</path>
         <kind>archive</kind>
         <file>rtsv7M4_T_le_eabi.lib</file>
         <name>stkdepth_vars.obj</name>
      </input_file>
      <input_file id="fl-13a">
         <path>C:\ti\ccsv6\tools\compiler\ti-cgt-arm_5.2.5\lib\</path>
         <kind>archive</kind>
         <file>rtsv7M4_T_le_eabi.lib</file>
         <name>strlen.obj</name>
      </input_file>
      <input_file id="fl-13b">
         <path>C:\ti\ccsv6\tools\compiler\ti-cgt-arm_5.2.5\lib\</path>
         <kind>archive</kind>
         <file>rtsv7M4_T_le_eabi.lib</file>
         <name>vsnprintf.obj</name>
      </input_file>
      <input_file id="fl-13c">
         <path>C:\ti\ccsv6\tools\compiler\ti-cgt-arm_5.2.5\lib\</path>
         <kind>archive</kind>
         <file>rtsv7M4_T_le_eabi.lib</file>
         <name>_lock.obj</name>
      </input_file>
      <input_file id="fl-13d">
         <path>C:\ti\ccsv6\tools\compiler\ti-cgt-arm_5.2.5\lib\</path>
         <kind>archive</kind>
         <file>rtsv7M4_T_le_eabi.lib</file>
         <name>_printfi.obj</name>
      </input_file>
      <input_file id="fl-13e">
         <path>C:\ti\ccsv6\tools\compiler\ti-cgt-arm_5.2.5\lib\</path>
         <kind>archive</kind>
         <file>rtsv7M4_T_le_eabi.lib</file>
         <name>args_main.obj</name>
      </input_file>
      <input_file id="fl-13f">
         <path>C:\ti\ccsv6\tools\compiler\ti-cgt-arm_5.2.5\lib\</path>
         <kind>archive</kind>
         <file>rtsv7M4_T_le_eabi.lib</file>
         <name>atoi.obj</name>
      </input_file>
      <input_file id="fl-140">
         <path>C:\ti\ccsv6\tools\compiler\ti-cgt-arm_5.2.5\lib\</path>
         <kind>archive</kind>
         <file>rtsv7M4_T_le_eabi.lib</file>
         <name>autoinit.obj</name>
      </input_file>
      <input_file id="fl-141">
         <path>C:\ti\ccsv6\tools\compiler\ti-cgt-arm_5.2.5\lib\</path>
         <kind>archive</kind>
         <file>rtsv7M4_T_le_eabi.lib</file>
         <name>cpy_tbl.obj</name>
      </input_file>
      <input_file id="fl-142">
         <path>C:\ti\ccsv6\tools\compiler\ti-cgt-arm_5.2.5\lib\</path>
         <kind>archive</kind>
         <file>rtsv7M4_T_le_eabi.lib</file>
         <name>ctype.obj</name>
      </input_file>
      <input_file id="fl-143">
         <path>C:\ti\ccsv6\tools\compiler\ti-cgt-arm_5.2.5\lib\</path>
         <kind>archive</kind>
         <file>rtsv7M4_T_le_eabi.lib</file>
         <name>fd_add_t2.obj</name>
      </input_file>
      <input_file id="fl-144">
         <path>C:\ti\ccsv6\tools\compiler\ti-cgt-arm_5.2.5\lib\</path>
         <kind>archive</kind>
         <file>rtsv7M4_T_le_eabi.lib</file>
         <name>fd_cmp_t2.obj</name>
      </input_file>
      <input_file id="fl-145">
         <path>C:\ti\ccsv6\tools\compiler\ti-cgt-arm_5.2.5\lib\</path>
         <kind>archive</kind>
         <file>rtsv7M4_T_le_eabi.lib</file>
         <name>fd_div_t2.obj</name>
      </input_file>
      <input_file id="fl-146">
         <path>C:\ti\ccsv6\tools\compiler\ti-cgt-arm_5.2.5\lib\</path>
         <kind>archive</kind>
         <file>rtsv7M4_T_le_eabi.lib</file>
         <name>fd_mul_t2.obj</name>
      </input_file>
      <input_file id="fl-147">
         <path>C:\ti\ccsv6\tools\compiler\ti-cgt-arm_5.2.5\lib\</path>
         <kind>archive</kind>
         <file>rtsv7M4_T_le_eabi.lib</file>
         <name>fd_toi_t2.obj</name>
      </input_file>
      <input_file id="fl-148">
         <path>C:\ti\ccsv6\tools\compiler\ti-cgt-arm_5.2.5\lib\</path>
         <kind>archive</kind>
         <file>rtsv7M4_T_le_eabi.lib</file>
         <name>frexp.obj</name>
      </input_file>
      <input_file id="fl-149">
         <path>C:\ti\ccsv6\tools\compiler\ti-cgt-arm_5.2.5\lib\</path>
         <kind>archive</kind>
         <file>rtsv7M4_T_le_eabi.lib</file>
         <name>i_tofd_t2.obj</name>
      </input_file>
      <input_file id="fl-14a">
         <path>C:\ti\ccsv6\tools\compiler\ti-cgt-arm_5.2.5\lib\</path>
         <kind>archive</kind>
         <file>rtsv7M4_T_le_eabi.lib</file>
         <name>ldexp.obj</name>
      </input_file>
      <input_file id="fl-14b">
         <path>C:\ti\ccsv6\tools\compiler\ti-cgt-arm_5.2.5\lib\</path>
         <kind>archive</kind>
         <file>rtsv7M4_T_le_eabi.lib</file>
         <name>ltoa.obj</name>
      </input_file>
      <input_file id="fl-14c">
         <path>C:\ti\ccsv6\tools\compiler\ti-cgt-arm_5.2.5\lib\</path>
         <kind>archive</kind>
         <file>rtsv7M4_T_le_eabi.lib</file>
         <name>memccpy.obj</name>
      </input_file>
      <input_file id="fl-14d">
         <path>C:\ti\ccsv6\tools\compiler\ti-cgt-arm_5.2.5\lib\</path>
         <kind>archive</kind>
         <file>rtsv7M4_T_le_eabi.lib</file>
         <name>strchr.obj</name>
      </input_file>
      <input_file id="fl-14e">
         <path>C:\ti\ccsv6\tools\compiler\ti-cgt-arm_5.2.5\lib\</path>
         <kind>archive</kind>
         <file>rtsv7M4_T_le_eabi.lib</file>
         <name>ull_div_t2.obj</name>
      </input_file>
      <input_file id="fl-14f">
         <path>C:\ti\ccsv6\tools\compiler\ti-cgt-arm_5.2.5\lib\</path>
         <kind>archive</kind>
         <file>rtsv7M4_T_le_eabi.lib</file>
         <name>xdclass.obj</name>
      </input_file>
      <input_file id="fl-150">
         <path>C:\ti\ccsv6\tools\compiler\ti-cgt-arm_5.2.5\lib\</path>
         <kind>archive</kind>
         <file>rtsv7M4_T_le_eabi.lib</file>
         <name>xdscale.obj</name>
      </input_file>
      <input_file id="fl-151">
         <path>C:\ti\ccsv6\tools\compiler\ti-cgt-arm_5.2.5\lib\</path>
         <kind>archive</kind>
         <file>rtsv7M4_T_le_eabi.lib</file>
         <name>xdunscal.obj</name>
      </input_file>
      <input_file id="fl-152">
         <path>C:\ti\ccsv6\tools\compiler\ti-cgt-arm_5.2.5\lib\</path>
         <kind>archive</kind>
         <file>rtsv7M4_T_le_eabi.lib</file>
         <name>xferaise.obj</name>
      </input_file>
      <input_file id="fl-153">
         <path>C:\ti\ccsv6\tools\compiler\ti-cgt-arm_5.2.5\lib\</path>
         <kind>archive</kind>
         <file>rtsv7M4_T_le_eabi.lib</file>
         <name>xvalues.obj</name>
      </input_file>
      <input_file id="fl-154">
         <path>C:\ti\ccsv6\tools\compiler\ti-cgt-arm_5.2.5\lib\</path>
         <kind>archive</kind>
         <file>rtsv7M4_T_le_eabi.lib</file>
         <name>errno.obj</name>
      </input_file>
      <input_file id="fl-155">
         <path>C:\ti\ccsv6\tools\compiler\ti-cgt-arm_5.2.5\lib\</path>
         <kind>archive</kind>
         <file>rtsv7M4_T_le_eabi.lib</file>
         <name>feraiseexcept.obj</name>
      </input_file>
      <input_file id="fl-156">
         <path>C:\ti\ccsv6\tools\compiler\ti-cgt-arm_5.2.5\lib\</path>
         <kind>archive</kind>
         <file>rtsv7M4_T_le_eabi.lib</file>
         <name>raise.obj</name>
      </input_file>
      <input_file id="fl-157">
         <path>C:\ti\ccsv6\tools\compiler\ti-cgt-arm_5.2.5\lib\</path>
         <kind>archive</kind>
         <file>rtsv7M4_T_le_eabi.lib</file>
         <name>signal.obj</name>
      </input_file>
      <input_file id="fl-158">
         <path>C:\ti\ccsv6\tools\compiler\ti-cgt-arm_5.2.5\lib\</path>
         <kind>archive</kind>
         <file>rtsv7M4_T_le_eabi.lib</file>
         <name>xdnorm.obj</name>
      </input_file>
      <input_file id="fl-159">
         <path>C:\ti\CC3200SDK_1.2.0\cc3200-sdk\example\spi_demo\ccs\..\..\..\driverlib\ccs\Release\</path>
         <kind>archive</kind>
         <file>driverlib.a</file>
         <name>gpio.obj</name>
      </input_file>
      <input_file id="fl-15a">
         <path>C:\ti\CC3200SDK_1.2.0\cc3200-sdk\example\spi_demo\ccs\..\..\..\driverlib\ccs\Release\</path>
         <kind>archive</kind>
         <file>driverlib.a</file>
         <name>interrupt.obj</name>
      </input_file>
      <input_file id="fl-15b">
         <path>C:\ti\CC3200SDK_1.2.0\cc3200-sdk\example\spi_demo\ccs\..\..\..\driverlib\ccs\Release\</path>
         <kind>archive</kind>
         <file>driverlib.a</file>
         <name>pin.obj</name>
      </input_file>
      <input_file id="fl-15c">
         <path>C:\ti\CC3200SDK_1.2.0\cc3200-sdk\example\spi_demo\ccs\..\..\..\driverlib\ccs\Release\</path>
         <kind>archive</kind>
         <file>driverlib.a</file>
         <name>prcm.obj</name>
      </input_file>
      <input_file id="fl-15d">
         <path>C:\ti\CC3200SDK_1.2.0\cc3200-sdk\example\spi_demo\ccs\..\..\..\driverlib\ccs\Release\</path>
         <kind>archive</kind>
         <file>driverlib.a</file>
         <name>spi.obj</name>
      </input_file>
      <input_file id="fl-15e">
         <path>C:\ti\CC3200SDK_1.2.0\cc3200-sdk\example\spi_demo\ccs\..\..\..\driverlib\ccs\Release\</path>
         <kind>archive</kind>
         <file>driverlib.a</file>
         <name>uart.obj</name>
      </input_file>
      <input_file id="fl-15f">
         <path>C:\ti\CC3200SDK_1.2.0\cc3200-sdk\example\spi_demo\ccs\..\..\..\driverlib\ccs\Release\</path>
         <kind>archive</kind>
         <file>driverlib.a</file>
         <name>utils.obj</name>
      </input_file>
      <input_file id="fl-160">
         <path>C:\ti\CC3200SDK_1.2.0\cc3200-sdk\example\spi_demo\ccs\..\..\..\driverlib\ccs\Release\</path>
         <kind>archive</kind>
         <file>driverlib.a</file>
         <name>cpu.obj</name>
      </input_file>
      <input_file id="fl-161">
         <path>C:\ti\CC3200SDK_1.2.0\cc3200-sdk\example\spi_demo\ccs\..\..\..\driverlib\ccs\Release\</path>
         <kind>archive</kind>
         <file>driverlib.a</file>
         <name>flash.obj</name>
      </input_file>
   </input_file_list>
   <object_component_list>
      <object_component id="oc-f">
         <name>.intvecs</name>
         <load_address>0x20004000</load_address>
         <run_address>0x20004000</run_address>
         <size>0x400</size>
         <input_file_ref idref="fl-6"/>
      </object_component>
      <object_component id="oc-1db">
         <name>.text</name>
         <load_address>0x20004400</load_address>
         <run_address>0x20004400</run_address>
         <size>0x10a6</size>
         <input_file_ref idref="fl-13d"/>
      </object_component>
      <object_component id="oc-1a2">
         <name>.text</name>
         <load_address>0x200054a8</load_address>
         <run_address>0x200054a8</run_address>
         <size>0xa80</size>
         <input_file_ref idref="fl-2"/>
      </object_component>
      <object_component id="oc-fc">
         <name>.text</name>
         <load_address>0x20005f28</load_address>
         <run_address>0x20005f28</run_address>
         <size>0x7c4</size>
         <input_file_ref idref="fl-7"/>
      </object_component>
      <object_component id="oc-f0">
         <name>.text</name>
         <load_address>0x200066ec</load_address>
         <run_address>0x200066ec</run_address>
         <size>0x476</size>
         <input_file_ref idref="fl-3"/>
      </object_component>
      <object_component id="oc-18e">
         <name>.text</name>
         <load_address>0x20006b64</load_address>
         <run_address>0x20006b64</run_address>
         <size>0x3dc</size>
         <input_file_ref idref="fl-136"/>
      </object_component>
      <object_component id="oc-f6">
         <name>.text</name>
         <load_address>0x20006f40</load_address>
         <run_address>0x20006f40</run_address>
         <size>0x280</size>
         <input_file_ref idref="fl-8"/>
      </object_component>
      <object_component id="oc-20d">
         <name>.text</name>
         <load_address>0x200071c0</load_address>
         <run_address>0x200071c0</run_address>
         <size>0x1f4</size>
         <input_file_ref idref="fl-14e"/>
      </object_component>
      <object_component id="oc-236">
         <name>.text</name>
         <load_address>0x200073b4</load_address>
         <run_address>0x200073b4</run_address>
         <size>0x1b6</size>
         <input_file_ref idref="fl-143"/>
      </object_component>
      <object_component id="oc-9f">
         <name>.text</name>
         <load_address>0x2000756c</load_address>
         <run_address>0x2000756c</run_address>
         <size>0x160</size>
         <input_file_ref idref="fl-4"/>
      </object_component>
      <object_component id="oc-21c">
         <name>.text</name>
         <load_address>0x200076cc</load_address>
         <run_address>0x200076cc</run_address>
         <size>0x136</size>
         <input_file_ref idref="fl-145"/>
      </object_component>
      <object_component id="oc-295">
         <name>.text</name>
         <load_address>0x20007804</load_address>
         <run_address>0x20007804</run_address>
         <size>0x110</size>
         <input_file_ref idref="fl-150"/>
      </object_component>
      <object_component id="oc-217">
         <name>.text</name>
         <load_address>0x20007914</load_address>
         <run_address>0x20007914</run_address>
         <size>0xfc</size>
         <input_file_ref idref="fl-146"/>
      </object_component>
      <object_component id="oc-2b9">
         <name>.text</name>
         <load_address>0x20007a10</load_address>
         <run_address>0x20007a10</run_address>
         <size>0xbe</size>
         <input_file_ref idref="fl-158"/>
      </object_component>
      <object_component id="oc-e4">
         <name>.text:SPIConfigSetExpClk</name>
         <load_address>0x20007ad0</load_address>
         <run_address>0x20007ad0</run_address>
         <size>0xa0</size>
         <input_file_ref idref="fl-15d"/>
      </object_component>
      <object_component id="oc-36">
         <name>.text</name>
         <load_address>0x20007b70</load_address>
         <run_address>0x20007b70</run_address>
         <size>0x9c</size>
         <input_file_ref idref="fl-134"/>
      </object_component>
      <object_component id="oc-de">
         <name>.text:PRCMPeripheralClockGet</name>
         <load_address>0x20007c0c</load_address>
         <run_address>0x20007c0c</run_address>
         <size>0x94</size>
         <input_file_ref idref="fl-15c"/>
      </object_component>
      <object_component id="oc-1b0">
         <name>.text:PinConfigSet</name>
         <load_address>0x20007ca0</load_address>
         <run_address>0x20007ca0</run_address>
         <size>0x88</size>
         <input_file_ref idref="fl-15b"/>
      </object_component>
      <object_component id="oc-cc">
         <name>.text</name>
         <load_address>0x20007d28</load_address>
         <run_address>0x20007d28</run_address>
         <size>0x88</size>
         <input_file_ref idref="fl-5"/>
      </object_component>
      <object_component id="oc-170">
         <name>.text</name>
         <load_address>0x20007db0</load_address>
         <run_address>0x20007db0</run_address>
         <size>0x88</size>
         <input_file_ref idref="fl-13b"/>
      </object_component>
      <object_component id="oc-212">
         <name>.text:__aeabi_cdcmple</name>
         <load_address>0x20007e38</load_address>
         <run_address>0x20007e38</run_address>
         <size>0x86</size>
         <input_file_ref idref="fl-144"/>
      </object_component>
      <object_component id="oc-221">
         <name>.text:__aeabi_cdrcmple</name>
         <load_address>0x20007ebe</load_address>
         <run_address>0x20007ebe</run_address>
         <size>0x86</size>
         <input_file_ref idref="fl-144"/>
      </object_component>
      <object_component id="oc-4f">
         <name>.text</name>
         <load_address>0x20007f44</load_address>
         <run_address>0x20007f44</run_address>
         <size>0x7a</size>
         <input_file_ref idref="fl-137"/>
      </object_component>
      <object_component id="oc-164">
         <name>.text:UARTConfigSetExpClk</name>
         <load_address>0x20007fbe</load_address>
         <run_address>0x20007fbe</run_address>
         <size>0x76</size>
         <input_file_ref idref="fl-15e"/>
      </object_component>
      <object_component id="oc-61">
         <name>.text</name>
         <load_address>0x20008034</load_address>
         <run_address>0x20008034</run_address>
         <size>0x6c</size>
         <input_file_ref idref="fl-140"/>
      </object_component>
      <object_component id="oc-42">
         <name>.text</name>
         <load_address>0x200080a0</load_address>
         <run_address>0x200080a0</run_address>
         <size>0x6a</size>
         <input_file_ref idref="fl-131"/>
      </object_component>
      <object_component id="oc-28d">
         <name>.text</name>
         <load_address>0x2000810a</load_address>
         <run_address>0x2000810a</run_address>
         <size>0x66</size>
         <input_file_ref idref="fl-151"/>
      </object_component>
      <object_component id="oc-22b">
         <name>.text</name>
         <load_address>0x20008170</load_address>
         <run_address>0x20008170</run_address>
         <size>0x56</size>
         <input_file_ref idref="fl-14b"/>
      </object_component>
      <object_component id="oc-259">
         <name>.text</name>
         <load_address>0x200081c8</load_address>
         <run_address>0x200081c8</run_address>
         <size>0x4c</size>
         <input_file_ref idref="fl-13f"/>
      </object_component>
      <object_component id="oc-97">
         <name>.text</name>
         <load_address>0x20008214</load_address>
         <run_address>0x20008214</run_address>
         <size>0x4c</size>
         <input_file_ref idref="fl-141"/>
      </object_component>
      <object_component id="oc-226">
         <name>.text</name>
         <load_address>0x20008260</load_address>
         <run_address>0x20008260</run_address>
         <size>0x48</size>
         <input_file_ref idref="fl-147"/>
      </object_component>
      <object_component id="oc-241">
         <name>.text</name>
         <load_address>0x200082a8</load_address>
         <run_address>0x200082a8</run_address>
         <size>0x46</size>
         <input_file_ref idref="fl-14a"/>
      </object_component>
      <object_component id="oc-6d">
         <name>.text</name>
         <load_address>0x200082f0</load_address>
         <run_address>0x200082f0</run_address>
         <size>0x44</size>
         <input_file_ref idref="fl-133"/>
      </object_component>
      <object_component id="oc-1b6">
         <name>.text:PinModeSet</name>
         <load_address>0x20008334</load_address>
         <run_address>0x20008334</run_address>
         <size>0x40</size>
         <input_file_ref idref="fl-15b"/>
      </object_component>
      <object_component id="oc-2fc">
         <name>.text</name>
         <load_address>0x20008374</load_address>
         <run_address>0x20008374</run_address>
         <size>0x40</size>
         <input_file_ref idref="fl-157"/>
      </object_component>
      <object_component id="oc-120">
         <name>.text:PRCMPeripheralClkEnable</name>
         <load_address>0x200083b4</load_address>
         <run_address>0x200083b4</run_address>
         <size>0x3c</size>
         <input_file_ref idref="fl-15c"/>
      </object_component>
      <object_component id="oc-24">
         <name>.text</name>
         <load_address>0x200083f0</load_address>
         <run_address>0x200083f0</run_address>
         <size>0x3c</size>
         <input_file_ref idref="fl-12f"/>
      </object_component>
      <object_component id="oc-12c">
         <name>.text:GPIODirModeSet</name>
         <load_address>0x2000842c</load_address>
         <run_address>0x2000842c</run_address>
         <size>0x36</size>
         <input_file_ref idref="fl-159"/>
      </object_component>
      <object_component id="oc-2c8">
         <name>.text</name>
         <load_address>0x20008464</load_address>
         <run_address>0x20008464</run_address>
         <size>0x34</size>
         <input_file_ref idref="fl-155"/>
      </object_component>
      <object_component id="oc-126">
         <name>.text:PinTypeGPIO</name>
         <load_address>0x20008498</load_address>
         <run_address>0x20008498</run_address>
         <size>0x30</size>
         <input_file_ref idref="fl-15b"/>
      </object_component>
      <object_component id="oc-1cd">
         <name>.text:UARTDisable</name>
         <load_address>0x200084c8</load_address>
         <run_address>0x200084c8</run_address>
         <size>0x30</size>
         <input_file_ref idref="fl-15e"/>
      </object_component>
      <object_component id="oc-29b">
         <name>.text</name>
         <load_address>0x200084f8</load_address>
         <run_address>0x200084f8</run_address>
         <size>0x30</size>
         <input_file_ref idref="fl-152"/>
      </object_component>
      <object_component id="oc-231">
         <name>.text</name>
         <load_address>0x20008528</load_address>
         <run_address>0x20008528</run_address>
         <size>0x2e</size>
         <input_file_ref idref="fl-149"/>
      </object_component>
      <object_component id="oc-2ec">
         <name>.text</name>
         <load_address>0x20008556</load_address>
         <run_address>0x20008556</run_address>
         <size>0x2e</size>
         <input_file_ref idref="fl-156"/>
      </object_component>
      <object_component id="oc-24d">
         <name>.text</name>
         <load_address>0x20008584</load_address>
         <run_address>0x20008584</run_address>
         <size>0x2a</size>
         <input_file_ref idref="fl-14f"/>
      </object_component>
      <object_component id="oc-1d3">
         <name>.text:UARTEnable</name>
         <load_address>0x200085ae</load_address>
         <run_address>0x200085ae</run_address>
         <size>0x24</size>
         <input_file_ref idref="fl-15e"/>
      </object_component>
      <object_component id="oc-188">
         <name>.text</name>
         <load_address>0x200085d2</load_address>
         <run_address>0x200085d2</run_address>
         <size>0x24</size>
         <input_file_ref idref="fl-135"/>
      </object_component>
      <object_component id="oc-d2">
         <name>.text:SPIReset</name>
         <load_address>0x200085f6</load_address>
         <run_address>0x200085f6</run_address>
         <size>0x22</size>
         <input_file_ref idref="fl-15d"/>
      </object_component>
      <object_component id="oc-23b">
         <name>.text</name>
         <load_address>0x20008618</load_address>
         <run_address>0x20008618</run_address>
         <size>0x22</size>
         <input_file_ref idref="fl-148"/>
      </object_component>
      <object_component id="oc-144">
         <name>.text:GPIOPinWrite</name>
         <load_address>0x2000863a</load_address>
         <run_address>0x2000863a</run_address>
         <size>0x20</size>
         <input_file_ref idref="fl-159"/>
      </object_component>
      <object_component id="oc-156">
         <name>.text:SPIDataGet</name>
         <load_address>0x2000865a</load_address>
         <run_address>0x2000865a</run_address>
         <size>0x20</size>
         <input_file_ref idref="fl-15d"/>
      </object_component>
      <object_component id="oc-150">
         <name>.text:SPIDataPut</name>
         <load_address>0x2000867a</load_address>
         <run_address>0x2000867a</run_address>
         <size>0x1e</size>
         <input_file_ref idref="fl-15d"/>
      </object_component>
      <object_component id="oc-16a">
         <name>.text:UARTCharPut</name>
         <load_address>0x20008698</load_address>
         <run_address>0x20008698</run_address>
         <size>0x1e</size>
         <input_file_ref idref="fl-15e"/>
      </object_component>
      <object_component id="oc-17c">
         <name>.text:UARTCharGetNonBlocking</name>
         <load_address>0x200086b6</load_address>
         <run_address>0x200086b6</run_address>
         <size>0x1c</size>
         <input_file_ref idref="fl-15e"/>
      </object_component>
      <object_component id="oc-253">
         <name>.text</name>
         <load_address>0x200086d2</load_address>
         <run_address>0x200086d2</run_address>
         <size>0x1c</size>
         <input_file_ref idref="fl-14c"/>
      </object_component>
      <object_component id="oc-132">
         <name>.text:PinTypeSPI</name>
         <load_address>0x200086ee</load_address>
         <run_address>0x200086ee</run_address>
         <size>0x1a</size>
         <input_file_ref idref="fl-15b"/>
      </object_component>
      <object_component id="oc-138">
         <name>.text:PinTypeUART</name>
         <load_address>0x20008708</load_address>
         <run_address>0x20008708</run_address>
         <size>0x1a</size>
         <input_file_ref idref="fl-15b"/>
      </object_component>
      <object_component id="oc-d8">
         <name>.text:SPIFIFOEnable</name>
         <load_address>0x20008722</load_address>
         <run_address>0x20008722</run_address>
         <size>0x1a</size>
         <input_file_ref idref="fl-15d"/>
      </object_component>
      <object_component id="oc-15c">
         <name>.text:SPICSDisable</name>
         <load_address>0x2000873c</load_address>
         <run_address>0x2000873c</run_address>
         <size>0x18</size>
         <input_file_ref idref="fl-15d"/>
      </object_component>
      <object_component id="oc-14a">
         <name>.text:SPICSEnable</name>
         <load_address>0x20008754</load_address>
         <run_address>0x20008754</run_address>
         <size>0x18</size>
         <input_file_ref idref="fl-15d"/>
      </object_component>
      <object_component id="oc-ea">
         <name>.text:SPIEnable</name>
         <load_address>0x2000876c</load_address>
         <run_address>0x2000876c</run_address>
         <size>0x18</size>
         <input_file_ref idref="fl-15d"/>
      </object_component>
      <object_component id="oc-176">
         <name>.text:UARTCharsAvail</name>
         <load_address>0x20008784</load_address>
         <run_address>0x20008784</run_address>
         <size>0x18</size>
         <input_file_ref idref="fl-15e"/>
      </object_component>
      <object_component id="oc-67">
         <name>.text</name>
         <load_address>0x2000879c</load_address>
         <run_address>0x2000879c</run_address>
         <size>0x18</size>
         <input_file_ref idref="fl-13e"/>
      </object_component>
      <object_component id="oc-247">
         <name>.text</name>
         <load_address>0x200087b4</load_address>
         <run_address>0x200087b4</run_address>
         <size>0x16</size>
         <input_file_ref idref="fl-14d"/>
      </object_component>
      <object_component id="oc-10b">
         <name>.text</name>
         <load_address>0x200087cc</load_address>
         <run_address>0x200087cc</run_address>
         <size>0x14</size>
         <input_file_ref idref="fl-13c"/>
      </object_component>
      <object_component id="oc-182">
         <name>.text</name>
         <load_address>0x200087e0</load_address>
         <run_address>0x200087e0</run_address>
         <size>0x14</size>
         <input_file_ref idref="fl-13a"/>
      </object_component>
      <object_component id="oc-12">
         <name>.text:decompress:none</name>
         <load_address>0x200087f4</load_address>
         <run_address>0x200087f4</run_address>
         <size>0xe</size>
         <input_file_ref idref="fl-130"/>
      </object_component>
      <object_component id="oc-2d">
         <name>.text</name>
         <load_address>0x20008802</load_address>
         <run_address>0x20008802</run_address>
         <size>0xe</size>
         <input_file_ref idref="fl-6"/>
      </object_component>
      <object_component id="oc-1e">
         <name>.text:decompress:ZI</name>
         <load_address>0x20008810</load_address>
         <run_address>0x20008810</run_address>
         <size>0xc</size>
         <input_file_ref idref="fl-132"/>
      </object_component>
      <object_component id="oc-102">
         <name>.text:UtilsDelay</name>
         <load_address>0x2000881c</load_address>
         <run_address>0x2000881c</run_address>
         <size>0x6</size>
         <input_file_ref idref="fl-15f"/>
      </object_component>
      <object_component id="oc-18">
         <name>.text:decompress:rle24</name>
         <load_address>0x20008822</load_address>
         <run_address>0x20008822</run_address>
         <size>0x6</size>
         <input_file_ref idref="fl-131"/>
      </object_component>
      <object_component id="oc-5b">
         <name>.text</name>
         <load_address>0x20008828</load_address>
         <run_address>0x20008828</run_address>
         <size>0x4</size>
         <input_file_ref idref="fl-138"/>
      </object_component>
      <object_component id="oc-1f9">
         <name>.const:.string:font</name>
         <load_address>0x2000882c</load_address>
         <run_address>0x2000882c</run_address>
         <size>0x4fb</size>
         <input_file_ref idref="fl-2"/>
      </object_component>
      <object_component id="oc-2a9">
         <name>.const:.string:_ctypes_</name>
         <load_address>0x20008d27</load_address>
         <run_address>0x20008d27</run_address>
         <size>0x101</size>
         <input_file_ref idref="fl-142"/>
      </object_component>
      <object_component id="oc-204">
         <name>.const:g_ulPinToPadMap</name>
         <load_address>0x20008e28</load_address>
         <run_address>0x20008e28</run_address>
         <size>0x100</size>
         <input_file_ref idref="fl-15b"/>
      </object_component>
      <object_component id="oc-1ac">
         <name>.const:PRCM_PeriphRegsList</name>
         <load_address>0x20008f28</load_address>
         <run_address>0x20008f28</run_address>
         <size>0xa8</size>
         <input_file_ref idref="fl-15c"/>
      </object_component>
      <object_component id="oc-342">
         <name>.cinit..data.load</name>
         <load_address>0x20008fd0</load_address>
         <run_address>0x20008fd0</run_address>
         <size>0x5e</size>
      </object_component>
      <object_component id="oc-340">
         <name>__TI_handler_table</name>
         <load_address>0x20009030</load_address>
         <run_address>0x20009030</run_address>
         <size>0xc</size>
      </object_component>
      <object_component id="oc-343">
         <name>.cinit..bss.load</name>
         <load_address>0x20009040</load_address>
         <run_address>0x20009040</run_address>
         <size>0x8</size>
      </object_component>
      <object_component id="oc-341">
         <name>__TI_cinit_table</name>
         <load_address>0x20009048</load_address>
         <run_address>0x20009048</run_address>
         <size>0x10</size>
      </object_component>
      <object_component id="oc-2a">
         <name>.sysmem</name>
         <uninitialized>true</uninitialized>
         <run_address>0x20017000</run_address>
         <size>0x8</size>
         <input_file_ref idref="fl-136"/>
      </object_component>
      <object_component id="oc-345">
         <name>.sysmem</name>
         <uninitialized>true</uninitialized>
         <run_address>0x20017000</run_address>
         <size>0x0</size>
      </object_component>
      <object_component id="oc-29">
         <name>.stack</name>
         <uninitialized>true</uninitialized>
         <run_address>0x2002f800</run_address>
         <size>0x0</size>
         <input_file_ref idref="fl-12f"/>
      </object_component>
      <object_component id="oc-344">
         <name>.stack</name>
         <uninitialized>true</uninitialized>
         <run_address>0x2002f800</run_address>
         <size>0x0</size>
      </object_component>
      <object_component id="oc-194">
         <name>.common:__Errorlog</name>
         <uninitialized>true</uninitialized>
         <run_address>0x20017974</run_address>
         <size>0x4</size>
      </object_component>
      <object_component id="oc-1fc">
         <name>.data</name>
         <load_address>0x20017930</load_address>
         <run_address>0x20017930</run_address>
         <size>0x15</size>
         <input_file_ref idref="fl-2"/>
      </object_component>
      <object_component id="oc-aa">
         <name>.data</name>
         <load_address>0x2001795c</load_address>
         <run_address>0x2001795c</run_address>
         <size>0x8</size>
         <input_file_ref idref="fl-133"/>
      </object_component>
      <object_component id="oc-1f3">
         <name>.data</name>
         <load_address>0x20017948</load_address>
         <run_address>0x20017948</run_address>
         <size>0xc</size>
         <input_file_ref idref="fl-136"/>
      </object_component>
      <object_component id="oc-73">
         <name>.data</name>
         <load_address>0x20017970</load_address>
         <run_address>0x20017970</run_address>
         <size>0x4</size>
         <input_file_ref idref="fl-139"/>
      </object_component>
      <object_component id="oc-a7">
         <name>.data</name>
         <load_address>0x20017954</load_address>
         <run_address>0x20017954</run_address>
         <size>0x8</size>
         <input_file_ref idref="fl-13c"/>
      </object_component>
      <object_component id="oc-2c3">
         <name>.data</name>
         <load_address>0x200178b0</load_address>
         <run_address>0x200178b0</run_address>
         <size>0x80</size>
         <input_file_ref idref="fl-153"/>
      </object_component>
      <object_component id="oc-2ce">
         <name>.data</name>
         <load_address>0x2001796c</load_address>
         <run_address>0x2001796c</run_address>
         <size>0x4</size>
         <input_file_ref idref="fl-154"/>
      </object_component>
      <object_component id="oc-2f2">
         <name>.data</name>
         <load_address>0x20017964</load_address>
         <run_address>0x20017964</run_address>
         <size>0x8</size>
         <input_file_ref idref="fl-155"/>
      </object_component>
      <object_component id="oc-30d">
         <name>.data:sigtable</name>
         <load_address>0x20017800</load_address>
         <run_address>0x20017800</run_address>
         <size>0xb0</size>
         <input_file_ref idref="fl-157"/>
      </object_component>
      <object_component id="oc-200">
         <name>.debug_info</name>
         <load_address>0x0</load_address>
         <run_address>0x0</run_address>
         <size>0x1c9</size>
         <input_file_ref idref="fl-2"/>
      </object_component>
      <object_component id="oc-1fa">
         <name>.debug_info</name>
         <load_address>0x1c9</load_address>
         <run_address>0x1c9</run_address>
         <size>0xce</size>
         <input_file_ref idref="fl-2"/>
      </object_component>
      <object_component id="oc-1fd">
         <name>.debug_info</name>
         <load_address>0x297</load_address>
         <run_address>0x297</run_address>
         <size>0x17c</size>
         <input_file_ref idref="fl-2"/>
      </object_component>
      <object_component id="oc-1a3">
         <name>.debug_info</name>
         <load_address>0x413</load_address>
         <run_address>0x413</run_address>
         <size>0x14d8</size>
         <input_file_ref idref="fl-2"/>
      </object_component>
      <object_component id="oc-7e">
         <name>.debug_info</name>
         <load_address>0x18eb</load_address>
         <run_address>0x18eb</run_address>
         <size>0x84</size>
         <input_file_ref idref="fl-2"/>
      </object_component>
      <object_component id="oc-163">
         <name>.debug_info</name>
         <load_address>0x196f</load_address>
         <run_address>0x196f</run_address>
         <size>0x1b1</size>
         <input_file_ref idref="fl-3"/>
      </object_component>
      <object_component id="oc-f1">
         <name>.debug_info</name>
         <load_address>0x1b20</load_address>
         <run_address>0x1b20</run_address>
         <size>0xdf8</size>
         <input_file_ref idref="fl-3"/>
      </object_component>
      <object_component id="oc-27b">
         <name>.debug_info</name>
         <load_address>0x2918</load_address>
         <run_address>0x2918</run_address>
         <size>0x62</size>
         <input_file_ref idref="fl-3"/>
      </object_component>
      <object_component id="oc-1bd">
         <name>.debug_info</name>
         <load_address>0x297a</load_address>
         <run_address>0x297a</run_address>
         <size>0x2c</size>
         <input_file_ref idref="fl-3"/>
      </object_component>
      <object_component id="oc-8e">
         <name>.debug_info</name>
         <load_address>0x29a6</load_address>
         <run_address>0x29a6</run_address>
         <size>0x2c</size>
         <input_file_ref idref="fl-3"/>
      </object_component>
      <object_component id="oc-a2">
         <name>.debug_info</name>
         <load_address>0x29d2</load_address>
         <run_address>0x29d2</run_address>
         <size>0x382</size>
         <input_file_ref idref="fl-4"/>
      </object_component>
      <object_component id="oc-cf">
         <name>.debug_info</name>
         <load_address>0x2d54</load_address>
         <run_address>0x2d54</run_address>
         <size>0x260</size>
         <input_file_ref idref="fl-5"/>
      </object_component>
      <object_component id="oc-35">
         <name>.debug_info</name>
         <load_address>0x2fb4</load_address>
         <run_address>0x2fb4</run_address>
         <size>0x126</size>
         <input_file_ref idref="fl-6"/>
      </object_component>
      <object_component id="oc-10">
         <name>.debug_info</name>
         <load_address>0x30da</load_address>
         <run_address>0x30da</run_address>
         <size>0x10b</size>
         <input_file_ref idref="fl-6"/>
      </object_component>
      <object_component id="oc-30">
         <name>.debug_info</name>
         <load_address>0x31e5</load_address>
         <run_address>0x31e5</run_address>
         <size>0x42c</size>
         <input_file_ref idref="fl-6"/>
      </object_component>
      <object_component id="oc-ff">
         <name>.debug_info</name>
         <load_address>0x3611</load_address>
         <run_address>0x3611</run_address>
         <size>0xe46</size>
         <input_file_ref idref="fl-7"/>
      </object_component>
      <object_component id="oc-195">
         <name>.debug_info</name>
         <load_address>0x4457</load_address>
         <run_address>0x4457</run_address>
         <size>0x3a6</size>
         <input_file_ref idref="fl-8"/>
      </object_component>
      <object_component id="oc-f8">
         <name>.debug_info</name>
         <load_address>0x47fd</load_address>
         <run_address>0x47fd</run_address>
         <size>0x8df</size>
         <input_file_ref idref="fl-8"/>
      </object_component>
      <object_component id="oc-19d">
         <name>.debug_info</name>
         <load_address>0x50dc</load_address>
         <run_address>0x50dc</run_address>
         <size>0x110</size>
         <input_file_ref idref="fl-8"/>
      </object_component>
      <object_component id="oc-198">
         <name>.debug_info</name>
         <load_address>0x51ec</load_address>
         <run_address>0x51ec</run_address>
         <size>0x4e</size>
         <input_file_ref idref="fl-8"/>
      </object_component>
      <object_component id="oc-27">
         <name>.debug_info</name>
         <load_address>0x523a</load_address>
         <run_address>0x523a</run_address>
         <size>0x11c</size>
         <input_file_ref idref="fl-12f"/>
      </object_component>
      <object_component id="oc-41">
         <name>.debug_info</name>
         <load_address>0x5356</load_address>
         <run_address>0x5356</run_address>
         <size>0x109</size>
         <input_file_ref idref="fl-130"/>
      </object_component>
      <object_component id="oc-14">
         <name>.debug_info</name>
         <load_address>0x545f</load_address>
         <run_address>0x545f</run_address>
         <size>0x1a8</size>
         <input_file_ref idref="fl-130"/>
      </object_component>
      <object_component id="oc-3c">
         <name>.debug_info</name>
         <load_address>0x5607</load_address>
         <run_address>0x5607</run_address>
         <size>0x46</size>
         <input_file_ref idref="fl-130"/>
      </object_component>
      <object_component id="oc-84">
         <name>.debug_info</name>
         <load_address>0x564d</load_address>
         <run_address>0x564d</run_address>
         <size>0x2c</size>
         <input_file_ref idref="fl-130"/>
      </object_component>
      <object_component id="oc-49">
         <name>.debug_info</name>
         <load_address>0x5679</load_address>
         <run_address>0x5679</run_address>
         <size>0xfd</size>
         <input_file_ref idref="fl-131"/>
      </object_component>
      <object_component id="oc-43">
         <name>.debug_info</name>
         <load_address>0x5776</load_address>
         <run_address>0x5776</run_address>
         <size>0x210</size>
         <input_file_ref idref="fl-131"/>
      </object_component>
      <object_component id="oc-1a">
         <name>.debug_info</name>
         <load_address>0x5986</load_address>
         <run_address>0x5986</run_address>
         <size>0x17a</size>
         <input_file_ref idref="fl-131"/>
      </object_component>
      <object_component id="oc-4a">
         <name>.debug_info</name>
         <load_address>0x5b00</load_address>
         <run_address>0x5b00</run_address>
         <size>0x39</size>
         <input_file_ref idref="fl-131"/>
      </object_component>
      <object_component id="oc-5a">
         <name>.debug_info</name>
         <load_address>0x5b39</load_address>
         <run_address>0x5b39</run_address>
         <size>0xf8</size>
         <input_file_ref idref="fl-132"/>
      </object_component>
      <object_component id="oc-20">
         <name>.debug_info</name>
         <load_address>0x5c31</load_address>
         <run_address>0x5c31</run_address>
         <size>0x173</size>
         <input_file_ref idref="fl-132"/>
      </object_component>
      <object_component id="oc-55">
         <name>.debug_info</name>
         <load_address>0x5da4</load_address>
         <run_address>0x5da4</run_address>
         <size>0x46</size>
         <input_file_ref idref="fl-132"/>
      </object_component>
      <object_component id="oc-ae">
         <name>.debug_info</name>
         <load_address>0x5dea</load_address>
         <run_address>0x5dea</run_address>
         <size>0x15a</size>
         <input_file_ref idref="fl-133"/>
      </object_component>
      <object_component id="oc-ab">
         <name>.debug_info</name>
         <load_address>0x5f44</load_address>
         <run_address>0x5f44</run_address>
         <size>0xff</size>
         <input_file_ref idref="fl-133"/>
      </object_component>
      <object_component id="oc-6e">
         <name>.debug_info</name>
         <load_address>0x6043</load_address>
         <run_address>0x6043</run_address>
         <size>0x1d6</size>
         <input_file_ref idref="fl-133"/>
      </object_component>
      <object_component id="oc-37">
         <name>.debug_info</name>
         <load_address>0x6219</load_address>
         <run_address>0x6219</run_address>
         <size>0xde</size>
         <input_file_ref idref="fl-134"/>
      </object_component>
      <object_component id="oc-1f2">
         <name>.debug_info</name>
         <load_address>0x62f7</load_address>
         <run_address>0x62f7</run_address>
         <size>0xf5</size>
         <input_file_ref idref="fl-135"/>
      </object_component>
      <object_component id="oc-18b">
         <name>.debug_info</name>
         <load_address>0x63ec</load_address>
         <run_address>0x63ec</run_address>
         <size>0x174</size>
         <input_file_ref idref="fl-135"/>
      </object_component>
      <object_component id="oc-79">
         <name>.debug_info</name>
         <load_address>0x6560</load_address>
         <run_address>0x6560</run_address>
         <size>0x1eb</size>
         <input_file_ref idref="fl-136"/>
      </object_component>
      <object_component id="oc-2b">
         <name>.debug_info</name>
         <load_address>0x674b</load_address>
         <run_address>0x674b</run_address>
         <size>0xca</size>
         <input_file_ref idref="fl-136"/>
      </object_component>
      <object_component id="oc-1f4">
         <name>.debug_info</name>
         <load_address>0x6815</load_address>
         <run_address>0x6815</run_address>
         <size>0x115</size>
         <input_file_ref idref="fl-136"/>
      </object_component>
      <object_component id="oc-190">
         <name>.debug_info</name>
         <load_address>0x692a</load_address>
         <run_address>0x692a</run_address>
         <size>0x854</size>
         <input_file_ref idref="fl-136"/>
      </object_component>
      <object_component id="oc-b4">
         <name>.debug_info</name>
         <load_address>0x717e</load_address>
         <run_address>0x717e</run_address>
         <size>0x2c</size>
         <input_file_ref idref="fl-136"/>
      </object_component>
      <object_component id="oc-b9">
         <name>.debug_info</name>
         <load_address>0x71aa</load_address>
         <run_address>0x71aa</run_address>
         <size>0x62</size>
         <input_file_ref idref="fl-136"/>
      </object_component>
      <object_component id="oc-52">
         <name>.debug_info</name>
         <load_address>0x720c</load_address>
         <run_address>0x720c</run_address>
         <size>0x10c</size>
         <input_file_ref idref="fl-137"/>
      </object_component>
      <object_component id="oc-5f">
         <name>.debug_info</name>
         <load_address>0x7318</load_address>
         <run_address>0x7318</run_address>
         <size>0x111</size>
         <input_file_ref idref="fl-138"/>
      </object_component>
      <object_component id="oc-74">
         <name>.debug_info</name>
         <load_address>0x7429</load_address>
         <run_address>0x7429</run_address>
         <size>0xd2</size>
         <input_file_ref idref="fl-139"/>
      </object_component>
      <object_component id="oc-1f0">
         <name>.debug_info</name>
         <load_address>0x74fb</load_address>
         <run_address>0x74fb</run_address>
         <size>0xb3</size>
         <input_file_ref idref="fl-13a"/>
      </object_component>
      <object_component id="oc-183">
         <name>.debug_info</name>
         <load_address>0x75ae</load_address>
         <run_address>0x75ae</run_address>
         <size>0x193</size>
         <input_file_ref idref="fl-13a"/>
      </object_component>
      <object_component id="oc-1e2">
         <name>.debug_info</name>
         <load_address>0x7741</load_address>
         <run_address>0x7741</run_address>
         <size>0x191</size>
         <input_file_ref idref="fl-13b"/>
      </object_component>
      <object_component id="oc-172">
         <name>.debug_info</name>
         <load_address>0x78d2</load_address>
         <run_address>0x78d2</run_address>
         <size>0x325</size>
         <input_file_ref idref="fl-13b"/>
      </object_component>
      <object_component id="oc-1e3">
         <name>.debug_info</name>
         <load_address>0x7bf7</load_address>
         <run_address>0x7bf7</run_address>
         <size>0x2c</size>
         <input_file_ref idref="fl-13b"/>
      </object_component>
      <object_component id="oc-1e8">
         <name>.debug_info</name>
         <load_address>0x7c23</load_address>
         <run_address>0x7c23</run_address>
         <size>0x69</size>
         <input_file_ref idref="fl-13b"/>
      </object_component>
      <object_component id="oc-113">
         <name>.debug_info</name>
         <load_address>0x7c8c</load_address>
         <run_address>0x7c8c</run_address>
         <size>0xed</size>
         <input_file_ref idref="fl-13c"/>
      </object_component>
      <object_component id="oc-a8">
         <name>.debug_info</name>
         <load_address>0x7d79</load_address>
         <run_address>0x7d79</run_address>
         <size>0xdc</size>
         <input_file_ref idref="fl-13c"/>
      </object_component>
      <object_component id="oc-10c">
         <name>.debug_info</name>
         <load_address>0x7e55</load_address>
         <run_address>0x7e55</run_address>
         <size>0x1e8</size>
         <input_file_ref idref="fl-13c"/>
      </object_component>
      <object_component id="oc-260">
         <name>.debug_info</name>
         <load_address>0x803d</load_address>
         <run_address>0x803d</run_address>
         <size>0x320</size>
         <input_file_ref idref="fl-13d"/>
      </object_component>
      <object_component id="oc-1df">
         <name>.debug_info</name>
         <load_address>0x835d</load_address>
         <run_address>0x835d</run_address>
         <size>0x17d0</size>
         <input_file_ref idref="fl-13d"/>
      </object_component>
      <object_component id="oc-261">
         <name>.debug_info</name>
         <load_address>0x9b2d</load_address>
         <run_address>0x9b2d</run_address>
         <size>0x86</size>
         <input_file_ref idref="fl-13d"/>
      </object_component>
      <object_component id="oc-2b0">
         <name>.debug_info</name>
         <load_address>0x9bb3</load_address>
         <run_address>0x9bb3</run_address>
         <size>0x46</size>
         <input_file_ref idref="fl-13d"/>
      </object_component>
      <object_component id="oc-266">
         <name>.debug_info</name>
         <load_address>0x9bf9</load_address>
         <run_address>0x9bf9</run_address>
         <size>0x39</size>
         <input_file_ref idref="fl-13d"/>
      </object_component>
      <object_component id="oc-a6">
         <name>.debug_info</name>
         <load_address>0x9c32</load_address>
         <run_address>0x9c32</run_address>
         <size>0x12f</size>
         <input_file_ref idref="fl-13e"/>
      </object_component>
      <object_component id="oc-69">
         <name>.debug_info</name>
         <load_address>0x9d61</load_address>
         <run_address>0x9d61</run_address>
         <size>0x130</size>
         <input_file_ref idref="fl-13e"/>
      </object_component>
      <object_component id="oc-106">
         <name>.debug_info</name>
         <load_address>0x9e91</load_address>
         <run_address>0x9e91</run_address>
         <size>0x5e</size>
         <input_file_ref idref="fl-13e"/>
      </object_component>
      <object_component id="oc-2ad">
         <name>.debug_info</name>
         <load_address>0x9eef</load_address>
         <run_address>0x9eef</run_address>
         <size>0xdd</size>
         <input_file_ref idref="fl-13f"/>
      </object_component>
      <object_component id="oc-25d">
         <name>.debug_info</name>
         <load_address>0x9fcc</load_address>
         <run_address>0x9fcc</run_address>
         <size>0x13a</size>
         <input_file_ref idref="fl-13f"/>
      </object_component>
      <object_component id="oc-9e">
         <name>.debug_info</name>
         <load_address>0xa106</load_address>
         <run_address>0xa106</run_address>
         <size>0x286</size>
         <input_file_ref idref="fl-140"/>
      </object_component>
      <object_component id="oc-62">
         <name>.debug_info</name>
         <load_address>0xa38c</load_address>
         <run_address>0xa38c</run_address>
         <size>0x140</size>
         <input_file_ref idref="fl-140"/>
      </object_component>
      <object_component id="oc-c2">
         <name>.debug_info</name>
         <load_address>0xa4cc</load_address>
         <run_address>0xa4cc</run_address>
         <size>0x39</size>
         <input_file_ref idref="fl-140"/>
      </object_component>
      <object_component id="oc-c7">
         <name>.debug_info</name>
         <load_address>0xa505</load_address>
         <run_address>0xa505</run_address>
         <size>0xcd</size>
         <input_file_ref idref="fl-140"/>
      </object_component>
      <object_component id="oc-bf">
         <name>.debug_info</name>
         <load_address>0xa5d2</load_address>
         <run_address>0xa5d2</run_address>
         <size>0x1a9</size>
         <input_file_ref idref="fl-141"/>
      </object_component>
      <object_component id="oc-99">
         <name>.debug_info</name>
         <load_address>0xa77b</load_address>
         <run_address>0xa77b</run_address>
         <size>0x14c</size>
         <input_file_ref idref="fl-141"/>
      </object_component>
      <object_component id="oc-11b">
         <name>.debug_info</name>
         <load_address>0xa8c7</load_address>
         <run_address>0xa8c7</run_address>
         <size>0x2c</size>
         <input_file_ref idref="fl-141"/>
      </object_component>
      <object_component id="oc-2dc">
         <name>.debug_info</name>
         <load_address>0xa8f3</load_address>
         <run_address>0xa8f3</run_address>
         <size>0xb7</size>
         <input_file_ref idref="fl-142"/>
      </object_component>
      <object_component id="oc-2aa">
         <name>.debug_info</name>
         <load_address>0xa9aa</load_address>
         <run_address>0xa9aa</run_address>
         <size>0xc3</size>
         <input_file_ref idref="fl-142"/>
      </object_component>
      <object_component id="oc-239">
         <name>.debug_info</name>
         <load_address>0xaa6d</load_address>
         <run_address>0xaa6d</run_address>
         <size>0x111</size>
         <input_file_ref idref="fl-143"/>
      </object_component>
      <object_component id="oc-215">
         <name>.debug_info</name>
         <load_address>0xab7e</load_address>
         <run_address>0xab7e</run_address>
         <size>0xed</size>
         <input_file_ref idref="fl-144"/>
      </object_component>
      <object_component id="oc-222">
         <name>.debug_info</name>
         <load_address>0xac6b</load_address>
         <run_address>0xac6b</run_address>
         <size>0xef</size>
         <input_file_ref idref="fl-144"/>
      </object_component>
      <object_component id="oc-21f">
         <name>.debug_info</name>
         <load_address>0xad5a</load_address>
         <run_address>0xad5a</run_address>
         <size>0xff</size>
         <input_file_ref idref="fl-145"/>
      </object_component>
      <object_component id="oc-218">
         <name>.debug_info</name>
         <load_address>0xae59</load_address>
         <run_address>0xae59</run_address>
         <size>0xff</size>
         <input_file_ref idref="fl-146"/>
      </object_component>
      <object_component id="oc-228">
         <name>.debug_info</name>
         <load_address>0xaf58</load_address>
         <run_address>0xaf58</run_address>
         <size>0xf3</size>
         <input_file_ref idref="fl-147"/>
      </object_component>
      <object_component id="oc-294">
         <name>.debug_info</name>
         <load_address>0xb04b</load_address>
         <run_address>0xb04b</run_address>
         <size>0xe6</size>
         <input_file_ref idref="fl-148"/>
      </object_component>
      <object_component id="oc-23e">
         <name>.debug_info</name>
         <load_address>0xb131</load_address>
         <run_address>0xb131</run_address>
         <size>0x155</size>
         <input_file_ref idref="fl-148"/>
      </object_component>
      <object_component id="oc-232">
         <name>.debug_info</name>
         <load_address>0xb286</load_address>
         <run_address>0xb286</run_address>
         <size>0xf1</size>
         <input_file_ref idref="fl-149"/>
      </object_component>
      <object_component id="oc-2a2">
         <name>.debug_info</name>
         <load_address>0xb377</load_address>
         <run_address>0xb377</run_address>
         <size>0x12a</size>
         <input_file_ref idref="fl-14a"/>
      </object_component>
      <object_component id="oc-244">
         <name>.debug_info</name>
         <load_address>0xb4a1</load_address>
         <run_address>0xb4a1</run_address>
         <size>0x14c</size>
         <input_file_ref idref="fl-14a"/>
      </object_component>
      <object_component id="oc-28a">
         <name>.debug_info</name>
         <load_address>0xb5ed</load_address>
         <run_address>0xb5ed</run_address>
         <size>0x115</size>
         <input_file_ref idref="fl-14b"/>
      </object_component>
      <object_component id="oc-22c">
         <name>.debug_info</name>
         <load_address>0xb702</load_address>
         <run_address>0xb702</run_address>
         <size>0x18b</size>
         <input_file_ref idref="fl-14b"/>
      </object_component>
      <object_component id="oc-2a8">
         <name>.debug_info</name>
         <load_address>0xb88d</load_address>
         <run_address>0xb88d</run_address>
         <size>0xba</size>
         <input_file_ref idref="fl-14c"/>
      </object_component>
      <object_component id="oc-256">
         <name>.debug_info</name>
         <load_address>0xb947</load_address>
         <run_address>0xb947</run_address>
         <size>0x174</size>
         <input_file_ref idref="fl-14c"/>
      </object_component>
      <object_component id="oc-2a4">
         <name>.debug_info</name>
         <load_address>0xbabb</load_address>
         <run_address>0xbabb</run_address>
         <size>0xbe</size>
         <input_file_ref idref="fl-14d"/>
      </object_component>
      <object_component id="oc-249">
         <name>.debug_info</name>
         <load_address>0xbb79</load_address>
         <run_address>0xbb79</run_address>
         <size>0x1ad</size>
         <input_file_ref idref="fl-14d"/>
      </object_component>
      <object_component id="oc-20f">
         <name>.debug_info</name>
         <load_address>0xbd26</load_address>
         <run_address>0xbd26</run_address>
         <size>0x14a</size>
         <input_file_ref idref="fl-14e"/>
      </object_component>
      <object_component id="oc-2a6">
         <name>.debug_info</name>
         <load_address>0xbe70</load_address>
         <run_address>0xbe70</run_address>
         <size>0xdb</size>
         <input_file_ref idref="fl-14f"/>
      </object_component>
      <object_component id="oc-24e">
         <name>.debug_info</name>
         <load_address>0xbf4b</load_address>
         <run_address>0xbf4b</run_address>
         <size>0x11c</size>
         <input_file_ref idref="fl-14f"/>
      </object_component>
      <object_component id="oc-2c7">
         <name>.debug_info</name>
         <load_address>0xc067</load_address>
         <run_address>0xc067</run_address>
         <size>0xf9</size>
         <input_file_ref idref="fl-150"/>
      </object_component>
      <object_component id="oc-296">
         <name>.debug_info</name>
         <load_address>0xc160</load_address>
         <run_address>0xc160</run_address>
         <size>0x17a</size>
         <input_file_ref idref="fl-150"/>
      </object_component>
      <object_component id="oc-2e5">
         <name>.debug_info</name>
         <load_address>0xc2da</load_address>
         <run_address>0xc2da</run_address>
         <size>0x86</size>
         <input_file_ref idref="fl-150"/>
      </object_component>
      <object_component id="oc-2c0">
         <name>.debug_info</name>
         <load_address>0xc360</load_address>
         <run_address>0xc360</run_address>
         <size>0xe3</size>
         <input_file_ref idref="fl-151"/>
      </object_component>
      <object_component id="oc-291">
         <name>.debug_info</name>
         <load_address>0xc443</load_address>
         <run_address>0xc443</run_address>
         <size>0x15b</size>
         <input_file_ref idref="fl-151"/>
      </object_component>
      <object_component id="oc-29f">
         <name>.debug_info</name>
         <load_address>0xc59e</load_address>
         <run_address>0xc59e</run_address>
         <size>0x13b</size>
         <input_file_ref idref="fl-152"/>
      </object_component>
      <object_component id="oc-2c4">
         <name>.debug_info</name>
         <load_address>0xc6d9</load_address>
         <run_address>0xc6d9</run_address>
         <size>0x19d</size>
         <input_file_ref idref="fl-153"/>
      </object_component>
      <object_component id="oc-2cf">
         <name>.debug_info</name>
         <load_address>0xc876</load_address>
         <run_address>0xc876</run_address>
         <size>0xbe</size>
         <input_file_ref idref="fl-154"/>
      </object_component>
      <object_component id="oc-30b">
         <name>.debug_info</name>
         <load_address>0xc934</load_address>
         <run_address>0xc934</run_address>
         <size>0x126</size>
         <input_file_ref idref="fl-155"/>
      </object_component>
      <object_component id="oc-2f3">
         <name>.debug_info</name>
         <load_address>0xca5a</load_address>
         <run_address>0xca5a</run_address>
         <size>0xf6</size>
         <input_file_ref idref="fl-155"/>
      </object_component>
      <object_component id="oc-2cc">
         <name>.debug_info</name>
         <load_address>0xcb50</load_address>
         <run_address>0xcb50</run_address>
         <size>0x157</size>
         <input_file_ref idref="fl-155"/>
      </object_component>
      <object_component id="oc-306">
         <name>.debug_info</name>
         <load_address>0xcca7</load_address>
         <run_address>0xcca7</run_address>
         <size>0x6f</size>
         <input_file_ref idref="fl-155"/>
      </object_component>
      <object_component id="oc-303">
         <name>.debug_info</name>
         <load_address>0xcd16</load_address>
         <run_address>0xcd16</run_address>
         <size>0xe5</size>
         <input_file_ref idref="fl-156"/>
      </object_component>
      <object_component id="oc-2ed">
         <name>.debug_info</name>
         <load_address>0xcdfb</load_address>
         <run_address>0xcdfb</run_address>
         <size>0x13c</size>
         <input_file_ref idref="fl-156"/>
      </object_component>
      <object_component id="oc-314">
         <name>.debug_info</name>
         <load_address>0xcf37</load_address>
         <run_address>0xcf37</run_address>
         <size>0x2c</size>
         <input_file_ref idref="fl-156"/>
      </object_component>
      <object_component id="oc-311">
         <name>.debug_info</name>
         <load_address>0xcf63</load_address>
         <run_address>0xcf63</run_address>
         <size>0x105</size>
         <input_file_ref idref="fl-157"/>
      </object_component>
      <object_component id="oc-30e">
         <name>.debug_info</name>
         <load_address>0xd068</load_address>
         <run_address>0xd068</run_address>
         <size>0xc3</size>
         <input_file_ref idref="fl-157"/>
      </object_component>
      <object_component id="oc-2fe">
         <name>.debug_info</name>
         <load_address>0xd12b</load_address>
         <run_address>0xd12b</run_address>
         <size>0x152</size>
         <input_file_ref idref="fl-157"/>
      </object_component>
      <object_component id="oc-2e0">
         <name>.debug_info</name>
         <load_address>0xd27d</load_address>
         <run_address>0xd27d</run_address>
         <size>0xae</size>
         <input_file_ref idref="fl-158"/>
      </object_component>
      <object_component id="oc-2bc">
         <name>.debug_info</name>
         <load_address>0xd32b</load_address>
         <run_address>0xd32b</run_address>
         <size>0x135</size>
         <input_file_ref idref="fl-158"/>
      </object_component>
      <object_component id="oc-12d">
         <name>.debug_info</name>
         <load_address>0xd460</load_address>
         <run_address>0xd460</run_address>
         <size>0x1e9</size>
         <input_file_ref idref="fl-159"/>
      </object_component>
      <object_component id="oc-145">
         <name>.debug_info</name>
         <load_address>0xd649</load_address>
         <run_address>0xd649</run_address>
         <size>0x1e0</size>
         <input_file_ref idref="fl-159"/>
      </object_component>
      <object_component id="oc-282">
         <name>.debug_info</name>
         <load_address>0xd829</load_address>
         <run_address>0xd829</run_address>
         <size>0xe8</size>
         <input_file_ref idref="fl-15b"/>
      </object_component>
      <object_component id="oc-205">
         <name>.debug_info</name>
         <load_address>0xd911</load_address>
         <run_address>0xd911</run_address>
         <size>0xf6</size>
         <input_file_ref idref="fl-15b"/>
      </object_component>
      <object_component id="oc-1b7">
         <name>.debug_info</name>
         <load_address>0xda07</load_address>
         <run_address>0xda07</run_address>
         <size>0x1cb</size>
         <input_file_ref idref="fl-15b"/>
      </object_component>
      <object_component id="oc-1b1">
         <name>.debug_info</name>
         <load_address>0xdbd2</load_address>
         <run_address>0xdbd2</run_address>
         <size>0x219</size>
         <input_file_ref idref="fl-15b"/>
      </object_component>
      <object_component id="oc-13a">
         <name>.debug_info</name>
         <load_address>0xddeb</load_address>
         <run_address>0xddeb</run_address>
         <size>0x1e0</size>
         <input_file_ref idref="fl-15b"/>
      </object_component>
      <object_component id="oc-134">
         <name>.debug_info</name>
         <load_address>0xdfcb</load_address>
         <run_address>0xdfcb</run_address>
         <size>0x1de</size>
         <input_file_ref idref="fl-15b"/>
      </object_component>
      <object_component id="oc-127">
         <name>.debug_info</name>
         <load_address>0xe1a9</load_address>
         <run_address>0xe1a9</run_address>
         <size>0x22e</size>
         <input_file_ref idref="fl-15b"/>
      </object_component>
      <object_component id="oc-203">
         <name>.debug_info</name>
         <load_address>0xe3d7</load_address>
         <run_address>0xe3d7</run_address>
         <size>0x1f8</size>
         <input_file_ref idref="fl-15c"/>
      </object_component>
      <object_component id="oc-1ad">
         <name>.debug_info</name>
         <load_address>0xe5cf</load_address>
         <run_address>0xe5cf</run_address>
         <size>0xff</size>
         <input_file_ref idref="fl-15c"/>
      </object_component>
      <object_component id="oc-121">
         <name>.debug_info</name>
         <load_address>0xe6ce</load_address>
         <run_address>0xe6ce</run_address>
         <size>0x1f7</size>
         <input_file_ref idref="fl-15c"/>
      </object_component>
      <object_component id="oc-df">
         <name>.debug_info</name>
         <load_address>0xe8c5</load_address>
         <run_address>0xe8c5</run_address>
         <size>0x222</size>
         <input_file_ref idref="fl-15c"/>
      </object_component>
      <object_component id="oc-1c9">
         <name>.debug_info</name>
         <load_address>0xeae7</load_address>
         <run_address>0xeae7</run_address>
         <size>0x1cc</size>
         <input_file_ref idref="fl-15d"/>
      </object_component>
      <object_component id="oc-eb">
         <name>.debug_info</name>
         <load_address>0xecb3</load_address>
         <run_address>0xecb3</run_address>
         <size>0x185</size>
         <input_file_ref idref="fl-15d"/>
      </object_component>
      <object_component id="oc-d3">
         <name>.debug_info</name>
         <load_address>0xee38</load_address>
         <run_address>0xee38</run_address>
         <size>0x183</size>
         <input_file_ref idref="fl-15d"/>
      </object_component>
      <object_component id="oc-e5">
         <name>.debug_info</name>
         <load_address>0xefbb</load_address>
         <run_address>0xefbb</run_address>
         <size>0x29a</size>
         <input_file_ref idref="fl-15d"/>
      </object_component>
      <object_component id="oc-157">
         <name>.debug_info</name>
         <load_address>0xf255</load_address>
         <run_address>0xf255</run_address>
         <size>0x1b6</size>
         <input_file_ref idref="fl-15d"/>
      </object_component>
      <object_component id="oc-151">
         <name>.debug_info</name>
         <load_address>0xf40b</load_address>
         <run_address>0xf40b</run_address>
         <size>0x1b2</size>
         <input_file_ref idref="fl-15d"/>
      </object_component>
      <object_component id="oc-d9">
         <name>.debug_info</name>
         <load_address>0xf5bd</load_address>
         <run_address>0xf5bd</run_address>
         <size>0x1bc</size>
         <input_file_ref idref="fl-15d"/>
      </object_component>
      <object_component id="oc-14c">
         <name>.debug_info</name>
         <load_address>0xf779</load_address>
         <run_address>0xf779</run_address>
         <size>0x189</size>
         <input_file_ref idref="fl-15d"/>
      </object_component>
      <object_component id="oc-15e">
         <name>.debug_info</name>
         <load_address>0xf902</load_address>
         <run_address>0xf902</run_address>
         <size>0x18b</size>
         <input_file_ref idref="fl-15d"/>
      </object_component>
      <object_component id="oc-165">
         <name>.debug_info</name>
         <load_address>0xfa8d</load_address>
         <run_address>0xfa8d</run_address>
         <size>0x268</size>
         <input_file_ref idref="fl-15e"/>
      </object_component>
      <object_component id="oc-1d4">
         <name>.debug_info</name>
         <load_address>0xfcf5</load_address>
         <run_address>0xfcf5</run_address>
         <size>0x18a</size>
         <input_file_ref idref="fl-15e"/>
      </object_component>
      <object_component id="oc-1ce">
         <name>.debug_info</name>
         <load_address>0xfe7f</load_address>
         <run_address>0xfe7f</run_address>
         <size>0x18c</size>
         <input_file_ref idref="fl-15e"/>
      </object_component>
      <object_component id="oc-177">
         <name>.debug_info</name>
         <load_address>0x1000b</load_address>
         <run_address>0x1000b</run_address>
         <size>0x196</size>
         <input_file_ref idref="fl-15e"/>
      </object_component>
      <object_component id="oc-17d">
         <name>.debug_info</name>
         <load_address>0x101a1</load_address>
         <run_address>0x101a1</run_address>
         <size>0x1a6</size>
         <input_file_ref idref="fl-15e"/>
      </object_component>
      <object_component id="oc-16b">
         <name>.debug_info</name>
         <load_address>0x10347</load_address>
         <run_address>0x10347</run_address>
         <size>0x1b7</size>
         <input_file_ref idref="fl-15e"/>
      </object_component>
      <object_component id="oc-346">
         <name>.debug_info</name>
         <load_address>0x104fe</load_address>
         <run_address>0x104fe</run_address>
         <size>0xa5</size>
      </object_component>
      <object_component id="oc-278">
         <name>.debug_line</name>
         <load_address>0x0</load_address>
         <run_address>0x0</run_address>
         <size>0x4e</size>
         <input_file_ref idref="fl-2"/>
      </object_component>
      <object_component id="oc-274">
         <name>.debug_line</name>
         <load_address>0x4e</load_address>
         <run_address>0x4e</run_address>
         <size>0x31</size>
         <input_file_ref idref="fl-2"/>
      </object_component>
      <object_component id="oc-276">
         <name>.debug_line</name>
         <load_address>0x7f</load_address>
         <run_address>0x7f</run_address>
         <size>0x35</size>
         <input_file_ref idref="fl-2"/>
      </object_component>
      <object_component id="oc-1a6">
         <name>.debug_line</name>
         <load_address>0xb4</load_address>
         <run_address>0xb4</run_address>
         <size>0x410</size>
         <input_file_ref idref="fl-2"/>
      </object_component>
      <object_component id="oc-81">
         <name>.debug_line</name>
         <load_address>0x4c4</load_address>
         <run_address>0x4c4</run_address>
         <size>0x20</size>
         <input_file_ref idref="fl-2"/>
      </object_component>
      <object_component id="oc-1cc">
         <name>.debug_line</name>
         <load_address>0x4e4</load_address>
         <run_address>0x4e4</run_address>
         <size>0x89</size>
         <input_file_ref idref="fl-3"/>
      </object_component>
      <object_component id="oc-f4">
         <name>.debug_line</name>
         <load_address>0x56d</load_address>
         <run_address>0x56d</run_address>
         <size>0x225</size>
         <input_file_ref idref="fl-3"/>
      </object_component>
      <object_component id="oc-27e">
         <name>.debug_line</name>
         <load_address>0x792</load_address>
         <run_address>0x792</run_address>
         <size>0x55</size>
         <input_file_ref idref="fl-3"/>
      </object_component>
      <object_component id="oc-1c0">
         <name>.debug_line</name>
         <load_address>0x7e7</load_address>
         <run_address>0x7e7</run_address>
         <size>0x53</size>
         <input_file_ref idref="fl-3"/>
      </object_component>
      <object_component id="oc-91">
         <name>.debug_line</name>
         <load_address>0x83a</load_address>
         <run_address>0x83a</run_address>
         <size>0x60</size>
         <input_file_ref idref="fl-3"/>
      </object_component>
      <object_component id="oc-a1">
         <name>.debug_line</name>
         <load_address>0x89a</load_address>
         <run_address>0x89a</run_address>
         <size>0x74</size>
         <input_file_ref idref="fl-4"/>
      </object_component>
      <object_component id="oc-cd">
         <name>.debug_line</name>
         <load_address>0x90e</load_address>
         <run_address>0x90e</run_address>
         <size>0x5c</size>
         <input_file_ref idref="fl-5"/>
      </object_component>
      <object_component id="oc-7d">
         <name>.debug_line</name>
         <load_address>0x96a</load_address>
         <run_address>0x96a</run_address>
         <size>0x61</size>
         <input_file_ref idref="fl-6"/>
      </object_component>
      <object_component id="oc-34">
         <name>.debug_line</name>
         <load_address>0x9cb</load_address>
         <run_address>0x9cb</run_address>
         <size>0x61</size>
         <input_file_ref idref="fl-6"/>
      </object_component>
      <object_component id="oc-2f">
         <name>.debug_line</name>
         <load_address>0xa2c</load_address>
         <run_address>0xa2c</run_address>
         <size>0xd9</size>
         <input_file_ref idref="fl-6"/>
      </object_component>
      <object_component id="oc-fd">
         <name>.debug_line</name>
         <load_address>0xb05</load_address>
         <run_address>0xb05</run_address>
         <size>0x31b</size>
         <input_file_ref idref="fl-7"/>
      </object_component>
      <object_component id="oc-1f8">
         <name>.debug_line</name>
         <load_address>0xe20</load_address>
         <run_address>0xe20</run_address>
         <size>0x186</size>
         <input_file_ref idref="fl-8"/>
      </object_component>
      <object_component id="oc-f7">
         <name>.debug_line</name>
         <load_address>0xfa6</load_address>
         <run_address>0xfa6</run_address>
         <size>0x1d7</size>
         <input_file_ref idref="fl-8"/>
      </object_component>
      <object_component id="oc-1a0">
         <name>.debug_line</name>
         <load_address>0x117d</load_address>
         <run_address>0x117d</run_address>
         <size>0x60</size>
         <input_file_ref idref="fl-8"/>
      </object_component>
      <object_component id="oc-19b">
         <name>.debug_line</name>
         <load_address>0x11dd</load_address>
         <run_address>0x11dd</run_address>
         <size>0x60</size>
         <input_file_ref idref="fl-8"/>
      </object_component>
      <object_component id="oc-25">
         <name>.debug_line</name>
         <load_address>0x123d</load_address>
         <run_address>0x123d</run_address>
         <size>0x4c</size>
         <input_file_ref idref="fl-12f"/>
      </object_component>
      <object_component id="oc-8a">
         <name>.debug_line</name>
         <load_address>0x1289</load_address>
         <run_address>0x1289</run_address>
         <size>0x5a</size>
         <input_file_ref idref="fl-130"/>
      </object_component>
      <object_component id="oc-16">
[...]
      </symbol>
      <symbol id="sm-139">
         <name>g_pfnVectors</name>
         <value>0x20004000</value>
         <object_component_ref idref="oc-f"/>
      </symbol>
      <symbol id="sm-17b">
         <name>testroundrects</name>
         <value>0x200065f3</value>
         <object_component_ref idref="oc-fc"/>
      </symbol>
      <symbol id="sm-17c">
         <name>testdrawcircles</name>
         <value>0x20006573</value>
         <object_component_ref idref="oc-fc"/>
      </symbol>
      <symbol id="sm-17d">
         <name>testlines</name>
         <value>0x2000625b</value>
         <object_component_ref idref="oc-fc"/>
      </symbol>
      <symbol id="sm-17e">
         <name>drawAllFont</name>
         <value>0x20005f5d</value>
         <object_component_ref idref="oc-fc"/>
      </symbol>
      <symbol id="sm-17f">
         <name>testfastlines</name>
         <value>0x20006429</value>
         <object_component_ref idref="oc-fc"/>
      </symbol>
      <symbol id="sm-180">
         <name>drawHorizontalLines</name>
         <value>0x200060d9</value>
         <object_component_ref idref="oc-fc"/>
      </symbol>
      <symbol id="sm-181">
         <name>delay</name>
         <value>0x20005f29</value>
         <object_component_ref idref="oc-fc"/>
      </symbol>
      <symbol id="sm-182">
         <name>testtriangles</name>
         <value>0x2000666b</value>
         <object_component_ref idref="oc-fc"/>
      </symbol>
      <symbol id="sm-183">
         <name>printHelloWorld</name>
         <value>0x20005fdd</value>
         <object_component_ref idref="oc-fc"/>
      </symbol>
      <symbol id="sm-184">
         <name>testdrawrects</name>
         <value>0x2000649b</value>
         <object_component_ref idref="oc-fc"/>
      </symbol>
      <symbol id="sm-185">
         <name>drawVerticalLines</name>
         <value>0x20006193</value>
         <object_component_ref idref="oc-fc"/>
      </symbol>
      <symbol id="sm-186">
         <name>testfillcircles</name>
         <value>0x200064fb</value>
         <object_component_ref idref="oc-fc"/>
      </symbol>
      <symbol id="sm-1c9">
         <name>GetCmd</name>
         <value>0x20006fc3</value>
         <object_component_ref idref="oc-f6"/>
      </symbol>
      <symbol id="sm-1ca">
         <name>Message</name>
         <value>0x20006f5f</value>
         <object_component_ref idref="oc-f6"/>
      </symbol>
      <symbol id="sm-1cb">
         <name>Report</name>
         <value>0x20007101</value>
         <object_component_ref idref="oc-f6"/>
      </symbol>
      <symbol id="sm-1cc">
         <name>Error</name>
         <value>0x20006f8b</value>
         <object_component_ref idref="oc-f6"/>
      </symbol>
      <symbol id="sm-1cd">
         <name>InitTerm</name>
         <value>0x20006f41</value>
         <object_component_ref idref="oc-f6"/>
      </symbol>
      <symbol id="sm-1ce">
         <name>ClearTerm</name>
         <value>0x20006f81</value>
         <object_component_ref idref="oc-f6"/>
      </symbol>
      <symbol id="sm-1cf">
         <name>TrimSpace</name>
         <value>0x20007069</value>
         <object_component_ref idref="oc-f6"/>
      </symbol>
      <symbol id="sm-1df">
         <name>_c_int00</name>
         <value>0x200083f1</value>
         <object_component_ref idref="oc-24"/>
      </symbol>
      <symbol id="sm-1e0">
         <name>__stack</name>
         <value>0x2002f800</value>
         <object_component_ref idref="oc-29"/>
      </symbol>
      <symbol id="sm-1f7">
         <name>__TI_decompress_none</name>
         <value>0x200087f5</value>
         <object_component_ref idref="oc-12"/>
      </symbol>
      <symbol id="sm-21a">
         <name>__TI_decompress_rle24</name>
         <value>0x20008823</value>
         <object_component_ref idref="oc-18"/>
      </symbol>
      <symbol id="sm-22c">
         <name>__TI_zero_init</name>
         <value>0x20008811</value>
         <object_component_ref idref="oc-1e"/>
      </symbol>
      <symbol id="sm-24b">
         <name>C$$EXIT</name>
         <value>0x200082f1</value>
         <object_component_ref idref="oc-6d"/>
      </symbol>
      <symbol id="sm-24c">
         <name>abort</name>
         <value>0x200082f5</value>
         <object_component_ref idref="oc-6d"/>
      </symbol>
      <symbol id="sm-24d">
         <name>exit</name>
         <value>0x200082fd</value>
         <object_component_ref idref="oc-6d"/>
      </symbol>
      <symbol id="sm-24e">
         <name>__TI_dtors_ptr</name>
         <value>0x20017960</value>
         <object_component_ref idref="oc-aa"/>
      </symbol>
      <symbol id="sm-24f">
         <name>__TI_cleanup_ptr</name>
         <value>0x2001795c</value>
         <object_component_ref idref="oc-aa"/>
      </symbol>
      <symbol id="sm-26a">
         <name>memcpy</name>
         <value>0x20007b71</value>
         <object_component_ref idref="oc-36"/>
      </symbol>
      <symbol id="sm-26b">
         <name>__aeabi_memcpy</name>
         <value>0x20007b71</value>
         <object_component_ref idref="oc-36"/>
      </symbol>
      <symbol id="sm-26c">
         <name>__aeabi_memcpy8</name>
         <value>0x20007b71</value>
         <object_component_ref idref="oc-36"/>
      </symbol>
      <symbol id="sm-26d">
         <name>__aeabi_memcpy4</name>
         <value>0x20007b71</value>
         <object_component_ref idref="oc-36"/>
      </symbol>
      <symbol id="sm-27d">
         <name>memmove</name>
         <value>0x200085d3</value>
         <object_component_ref idref="oc-188"/>
      </symbol>
      <symbol id="sm-2f4">
         <name>_sys_memory</name>
         <value>0x20017000</value>
         <object_component_ref idref="oc-2a"/>
      </symbol>
      <symbol id="sm-2f5">
         <name>free</name>
         <value>0x20006c5b</value>
         <object_component_ref idref="oc-18e"/>
      </symbol>
      <symbol id="sm-2f6">
         <name>realloc</name>
         <value>0x20006d1d</value>
         <object_component_ref idref="oc-18e"/>
      </symbol>
      <symbol id="sm-2f7">
         <name>memalign</name>
         <value>0x20006e29</value>
         <object_component_ref idref="oc-18e"/>
      </symbol>
      <symbol id="sm-2f8">
         <name>calloc</name>
         <value>0x20006f0d</value>
         <object_component_ref idref="oc-18e"/>
      </symbol>
      <symbol id="sm-2f9">
         <name>malloc</name>
         <value>0x20006bf3</value>
         <object_component_ref idref="oc-18e"/>
      </symbol>
      <symbol id="sm-2fa">
         <name>minit</name>
         <value>0x20006b65</value>
         <object_component_ref idref="oc-18e"/>
      </symbol>
      <symbol id="sm-309">
         <name>__aeabi_memset</name>
         <value>0x20007f47</value>
         <object_component_ref idref="oc-4f"/>
      </symbol>
      <symbol id="sm-30a">
         <name>memset</name>
         <value>0x20007f4d</value>
         <object_component_ref idref="oc-4f"/>
      </symbol>
      <symbol id="sm-30b">
         <name>__aeabi_memset8</name>
         <value>0x20007f47</value>
         <object_component_ref idref="oc-4f"/>
      </symbol>
      <symbol id="sm-30c">
         <name>__aeabi_memset4</name>
         <value>0x20007f47</value>
         <object_component_ref idref="oc-4f"/>
      </symbol>
      <symbol id="sm-30d">
         <name>__aeabi_memclr8</name>
         <value>0x20007f45</value>
         <object_component_ref idref="oc-4f"/>
      </symbol>
      <symbol id="sm-30e">
         <name>__aeabi_memclr4</name>
         <value>0x20007f45</value>
         <object_component_ref idref="oc-4f"/>
      </symbol>
      <symbol id="sm-30f">
         <name>__aeabi_memclr</name>
         <value>0x20007f45</value>
         <object_component_ref idref="oc-4f"/>
      </symbol>
      <symbol id="sm-319">
         <name>_system_pre_init</name>
         <value>0x20008829</value>
         <object_component_ref idref="oc-5b"/>
      </symbol>
      <symbol id="sm-321">
         <name>main_func_sp</name>
         <value>0x20017970</value>
         <object_component_ref idref="oc-73"/>
      </symbol>
      <symbol id="sm-32f">
         <name>strlen</name>
         <value>0x200087e1</value>
         <object_component_ref idref="oc-182"/>
      </symbol>
      <symbol id="sm-350">
         <name>vsnprintf</name>
         <value>0x20007db1</value>
         <object_component_ref idref="oc-170"/>
      </symbol>
      <symbol id="sm-369">
         <name>_nop</name>
         <value>0x200087db</value>
         <object_component_ref idref="oc-10b"/>
      </symbol>
      <symbol id="sm-36a">
         <name>_lock</name>
         <value>0x20017954</value>
         <object_component_ref idref="oc-a7"/>
      </symbol>
      <symbol id="sm-36b">
         <name>_unlock</name>
         <value>0x20017958</value>
         <object_component_ref idref="oc-a7"/>
      </symbol>
      <symbol id="sm-36c">
         <name>_register_lock</name>
         <value>0x200087d3</value>
         <object_component_ref idref="oc-10b"/>
      </symbol>
      <symbol id="sm-36d">
         <name>_register_unlock</name>
         <value>0x200087cd</value>
         <object_component_ref idref="oc-10b"/>
      </symbol>
      <symbol id="sm-472">
         <name>__TI_printfi</name>
         <value>0x200051a1</value>
         <object_component_ref idref="oc-1db"/>
      </symbol>
      <symbol id="sm-487">
         <name>_args_main</name>
         <value>0x2000879d</value>
         <object_component_ref idref="oc-67"/>
      </symbol>
      <symbol id="sm-49d">
         <name>atoi</name>
         <value>0x200081c9</value>
         <object_component_ref idref="oc-259"/>
      </symbol>
      <symbol id="sm-4c3">
         <name>__TI_auto_init</name>
         <value>0x20008035</value>
         <object_component_ref idref="oc-61"/>
      </symbol>
      <symbol id="sm-4dd">
         <name>copy_in</name>
         <value>0x20008215</value>
         <object_component_ref idref="oc-97"/>
      </symbol>
      <symbol id="sm-4e8">
         <name>_ctypes_</name>
         <value>0x20008d27</value>
         <object_component_ref idref="oc-2a9"/>
      </symbol>
      <symbol id="sm-50c">
         <name>__aeabi_dsub</name>
         <value>0x200073b5</value>
         <object_component_ref idref="oc-236"/>
      </symbol>
      <symbol id="sm-50d">
         <name>__aeabi_dadd</name>
         <value>0x200073bf</value>
         <object_component_ref idref="oc-236"/>
      </symbol>
      <symbol id="sm-534">
         <name>__aeabi_cdcmpeq</name>
         <value>0x20007e39</value>
         <object_component_ref idref="oc-212"/>
      </symbol>
      <symbol id="sm-535">
         <name>__aeabi_cdcmple</name>
         <value>0x20007e39</value>
         <object_component_ref idref="oc-212"/>
      </symbol>
      <symbol id="sm-536">
         <name>__aeabi_cdrcmple</name>
         <value>0x20007ebf</value>
         <object_component_ref idref="oc-221"/>
      </symbol>
      <symbol id="sm-556">
         <name>__aeabi_ddiv</name>
         <value>0x200076cd</value>
         <object_component_ref idref="oc-21c"/>
      </symbol>
      <symbol id="sm-56d">
         <name>__aeabi_dmul</name>
         <value>0x20007915</value>
         <object_component_ref idref="oc-217"/>
      </symbol>
      <symbol id="sm-57b">
         <name>__aeabi_d2iz</name>
         <value>0x20008261</value>
         <object_component_ref idref="oc-226"/>
      </symbol>
      <symbol id="sm-588">
         <name>frexp</name>
         <value>0x20008619</value>
         <object_component_ref idref="oc-23b"/>
      </symbol>
      <symbol id="sm-594">
         <name>__aeabi_i2d</name>
         <value>0x20008529</value>
         <object_component_ref idref="oc-231"/>
      </symbol>
      <symbol id="sm-5a5">
         <name>ldexp</name>
         <value>0x200082a9</value>
         <object_component_ref idref="oc-241"/>
      </symbol>
      <symbol id="sm-5b4">
         <name>ltoa</name>
         <value>0x20008171</value>
         <object_component_ref idref="oc-22b"/>
      </symbol>
      <symbol id="sm-5c4">
         <name>memccpy</name>
         <value>0x200086d3</value>
         <object_component_ref idref="oc-253"/>
      </symbol>
      <symbol id="sm-5d4">
         <name>strchr</name>
         <value>0x200087b5</value>
         <object_component_ref idref="oc-247"/>
      </symbol>
      <symbol id="sm-5fe">
         <name>__aeabi_uldivmod</name>
         <value>0x200071c1</value>
         <object_component_ref idref="oc-20d"/>
      </symbol>
      <symbol id="sm-60c">
         <name>_Dclass</name>
         <value>0x20008585</value>
         <object_component_ref idref="oc-24d"/>
      </symbol>
      <symbol id="sm-62d">
         <name>_Dscale</name>
         <value>0x20007805</value>
         <object_component_ref idref="oc-295"/>
      </symbol>
      <symbol id="sm-641">
         <name>_Dunscale</name>
         <value>0x2000810b</value>
         <object_component_ref idref="oc-28d"/>
      </symbol>
      <symbol id="sm-650">
         <name>_Feraise</name>
         <value>0x200084f9</value>
         <object_component_ref idref="oc-29b"/>
      </symbol>
      <symbol id="sm-660">
         <name>_Rteps</name>
         <value>0x20017910</value>
         <object_component_ref idref="oc-2c3"/>
      </symbol>
      <symbol id="sm-661">
         <name>_Zero</name>
         <value>0x20017928</value>
         <object_component_ref idref="oc-2c3"/>
      </symbol>
      <symbol id="sm-662">
         <name>_Hugeval</name>
         <value>0x200178d0</value>
         <object_component_ref idref="oc-2c3"/>
      </symbol>
      <symbol id="sm-663">
         <name>_Snan</name>
         <value>0x20017900</value>
         <object_component_ref idref="oc-2c3"/>
      </symbol>
      <symbol id="sm-664">
         <name>_Nan</name>
         <value>0x200178f0</value>
         <object_component_ref idref="oc-2c3"/>
      </symbol>
      <symbol id="sm-665">
         <name>_Inf</name>
         <value>0x200178e0</value>
         <object_component_ref idref="oc-2c3"/>
      </symbol>
      <symbol id="sm-666">
         <name>_Xbig</name>
         <value>0x20017920</value>
         <object_component_ref idref="oc-2c3"/>
      </symbol>
      <symbol id="sm-667">
         <name>_Eps</name>
         <value>0x200178c0</value>
         <object_component_ref idref="oc-2c3"/>
      </symbol>
      <symbol id="sm-668">
         <name>_Denorm</name>
         <value>0x200178b0</value>
         <object_component_ref idref="oc-2c3"/>
      </symbol>
      <symbol id="sm-670">
         <name>_Errno</name>
         <value>0x2001796c</value>
         <object_component_ref idref="oc-2ce"/>
      </symbol>
      <symbol id="sm-68e">
         <name>feraiseexcept</name>
         <value>0x20008465</value>
         <object_component_ref idref="oc-2c8"/>
      </symbol>
      <symbol id="sm-68f">
         <name>_Tls_setup__Fenv</name>
         <value>0x20017968</value>
         <object_component_ref idref="oc-2f2"/>
      </symbol>
      <symbol id="sm-690">
         <name>_Fenv</name>
         <value>0x20017964</value>
         <object_component_ref idref="oc-2f2"/>
      </symbol>
      <symbol id="sm-6a4">
         <name>raise</name>
         <value>0x20008557</value>
         <object_component_ref idref="oc-2ec"/>
      </symbol>
      <symbol id="sm-6be">
         <name>signal</name>
         <value>0x20008375</value>
         <object_component_ref idref="oc-2fc"/>
      </symbol>
      <symbol id="sm-6d3">
         <name>_Dnorm</name>
         <value>0x20007a11</value>
         <object_component_ref idref="oc-2b9"/>
      </symbol>
      <symbol id="sm-6e7">
         <name>GPIODirModeSet</name>
         <value>0x2000842d</value>
         <object_component_ref idref="oc-12c"/>
      </symbol>
      <symbol id="sm-6e8">
         <name>GPIOPinWrite</name>
         <value>0x2000863b</value>
         <object_component_ref idref="oc-144"/>
      </symbol>
      <symbol id="sm-728">
         <name>PinTypeUART</name>
         <value>0x20008709</value>
         <object_component_ref idref="oc-138"/>
      </symbol>
      <symbol id="sm-729">
         <name>PinTypeGPIO</name>
         <value>0x20008499</value>
         <object_component_ref idref="oc-126"/>
      </symbol>
      <symbol id="sm-72a">
         <name>PinConfigSet</name>
         <value>0x20007ca1</value>
         <object_component_ref idref="oc-1b0"/>
      </symbol>
      <symbol id="sm-72b">
         <name>PinTypeSPI</name>
         <value>0x200086ef</value>
         <object_component_ref idref="oc-132"/>
      </symbol>
      <symbol id="sm-72c">
         <name>PinModeSet</name>
         <value>0x20008335</value>
         <object_component_ref idref="oc-1b6"/>
      </symbol>
      <symbol id="sm-75b">
         <name>PRCMPeripheralClkEnable</name>
         <value>0x200083b5</value>
         <object_component_ref idref="oc-120"/>
      </symbol>
      <symbol id="sm-75c">
         <name>PRCMPeripheralClockGet</name>
         <value>0x20007c0d</value>
         <object_component_ref idref="oc-de"/>
      </symbol>
      <symbol id="sm-7a9">
         <name>SPICSEnable</name>
         <value>0x20008755</value>
         <object_component_ref idref="oc-14a"/>
      </symbol>
      <symbol id="sm-7aa">
         <name>SPIFIFOEnable</name>
         <value>0x20008723</value>
         <object_component_ref idref="oc-d8"/>
      </symbol>
      <symbol id="sm-7ab">
         <name>SPIDataPut</name>
         <value>0x2000867b</value>
         <object_component_ref idref="oc-150"/>
      </symbol>
      <symbol id="sm-7ac">
         <name>SPIEnable</name>
         <value>0x2000876d</value>
         <object_component_ref idref="oc-ea"/>
      </symbol>
      <symbol id="sm-7ad">
         <name>SPIDataGet</name>
         <value>0x2000865b</value>
         <object_component_ref idref="oc-156"/>
      </symbol>
      <symbol id="sm-7ae">
         <name>SPIConfigSetExpClk</name>
         <value>0x20007ad1</value>
         <object_component_ref idref="oc-e4"/>
      </symbol>
      <symbol id="sm-7af">
         <name>SPIReset</name>
         <value>0x200085f7</value>
         <object_component_ref idref="oc-d2"/>
      </symbol>
      <symbol id="sm-7b0">
         <name>SPICSDisable</name>
         <value>0x2000873d</value>
         <object_component_ref idref="oc-15c"/>
      </symbol>
      <symbol id="sm-7ec">
         <name>UARTConfigSetExpClk</name>
         <value>0x20007fbf</value>
         <object_component_ref idref="oc-164"/>
      </symbol>
      <symbol id="sm-7ed">
         <name>UARTDisable</name>
         <value>0x200084c9</value>
         <object_component_ref idref="oc-1cd"/>
      </symbol>
      <symbol id="sm-7ee">
         <name>UARTCharsAvail</name>
         <value>0x20008785</value>
         <object_component_ref idref="oc-176"/>
      </symbol>
      <symbol id="sm-7ef">
         <name>UARTCharGetNonBlocking</name>
         <value>0x200086b7</value>
         <object_component_ref idref="oc-17c"/>
      </symbol>
      <symbol id="sm-7f0">
         <name>UARTCharPut</name>
         <value>0x20008699</value>
         <object_component_ref idref="oc-16a"/>
      </symbol>
      <symbol id="sm-7f1">
         <name>UARTEnable</name>
         <value>0x200085af</value>
         <object_component_ref idref="oc-1d3"/>
      </symbol>
      <symbol id="sm-7f5">
         <name>UtilsDelay</name>
         <value>0x2000881d</value>
         <object_component_ref idref="oc-102"/>
      </symbol>
      <symbol id="sm-7f8">
         <name>__TI_static_base__</name>
         <value>0x20008fd0</value>
      </symbol>
      <symbol id="sm-7fb">
         <name>SHT$$INIT_ARRAY$$Limit</name>
         <value>0x0</value>
      </symbol>
      <symbol id="sm-7fc">
         <name>SHT$$INIT_ARRAY$$Base</name>
         <value>0x0</value>
      </symbol>
   </symbol_table>
   <title>Link successful</title>
</link_info>
