******************************************************************************
                  TI ARM Linker PC v5.2.5                      
******************************************************************************
>> Linked Tue Apr 12 18:02:30 2016

OUTPUT FILE NAME:   <OLED.out>
ENTRY POINT SYMBOL: "_c_int00"  address: 200083f1


MEMORY CONFIGURATION

         name            origin    length      used     unused   attr    fill
----------------------  --------  ---------  --------  --------  ----  --------
  SRAM_CODE             20004000   00013000  00005058  0000dfa8  RW X
  SRAM_DATA             20017000   00019000  00001178  00017e88  RW X


SEGMENT ALLOCATION MAP

run origin  load origin   length   init length attrs members
----------  ----------- ---------- ----------- ----- -------
20004000    20004000    00005058   00005058    r-x
  20004000    20004000    00000400   00000400    r-- .intvecs
  20004400    20004400    0000442c   0000442c    r-x .text
  2000882c    2000882c    000007a4   000007a4    r-- .const
  20008fd0    20008fd0    00000088   00000088    r-- .cinit
20017000    20017000    00000978   00000000    rw-
  20017000    20017000    00000800   00000000    rw- .sysmem
  20017800    20017800    00000174   00000000    rw- .data
  20017974    20017974    00000004   00000000    rw- .bss
2002f800    2002f800    00000800   00000000    rw-
  2002f800    2002f800    00000800   00000000    rw- .stack


SECTION ALLOCATION MAP

 output                                  attributes/
section   page    origin      length       input sections
--------  ----  ----------  ----------   ----------------
.intvecs   0    20004000    00000400     
                  20004000    00000400     startup_ccs.obj (.intvecs)

.init_array 
*          0    20004000    00000000     UNINITIALIZED

.text      0    20004400    0000442c     
                  20004400    000010a6     rtsv7M4_T_le_eabi.lib : _printfi.obj (.text)
                  200054a6    00000002     --HOLE-- [fill = 0]
                  200054a8    00000a80     Adafruit_GFX.obj (.text)
                  20005f28    000007c4     test.obj (.text)
                  200066ec    00000476     Adafruit_OLED.obj (.text)
                  20006b62    00000002     --HOLE-- [fill = 0]
                  20006b64    000003dc     rtsv7M4_T_le_eabi.lib : memory.obj (.text)
                  20006f40    00000280     uart_if.obj (.text)
                  200071c0    000001f4     rtsv7M4_T_le_eabi.lib : ull_div_t2.obj (.text)
                  200073b4    000001b6                           : fd_add_t2.obj (.text)
                  2000756a    00000002     --HOLE-- [fill = 0]
                  2000756c    00000160     main.obj (.text)
                  200076cc    00000136     rtsv7M4_T_le_eabi.lib : fd_div_t2.obj (.text)
                  20007802    00000002     --HOLE-- [fill = 0]
                  20007804    00000110                           : xdscale.obj (.text)
                  20007914    000000fc                           : fd_mul_t2.obj (.text)
                  20007a10    000000be                           : xdnorm.obj (.text)
                  20007ace    00000002     --HOLE-- [fill = 0]
                  20007ad0    000000a0     driverlib.a : spi.obj (.text:SPIConfigSetExpClk)
                  20007b70    0000009c     rtsv7M4_T_le_eabi.lib : memcpy_t2.obj (.text)
                  20007c0c    00000094     driverlib.a : prcm.obj (.text:PRCMPeripheralClockGet)
                  20007ca0    00000088                 : pin.obj (.text:PinConfigSet)
                  20007d28    00000088     pin_mux_config.obj (.text)
                  20007db0    00000088     rtsv7M4_T_le_eabi.lib : vsnprintf.obj (.text)
                  20007e38    00000086                           : fd_cmp_t2.obj (.text:__aeabi_cdcmple)
                  20007ebe    00000086                           : fd_cmp_t2.obj (.text:__aeabi_cdrcmple)
                  20007f44    0000007a                           : memset_t2.obj (.text)
                  20007fbe    00000076     driverlib.a : uart.obj (.text:UARTConfigSetExpClk)
                  20008034    0000006c     rtsv7M4_T_le_eabi.lib : autoinit.obj (.text)
                  200080a0    0000006a                           : copy_decompress_rle.obj (.text)
                  2000810a    00000066                           : xdunscal.obj (.text)
                  20008170    00000056                           : ltoa.obj (.text)
                  200081c6    00000002     --HOLE-- [fill = 0]
                  200081c8    0000004c                           : atoi.obj (.text)
                  20008214    0000004c                           : cpy_tbl.obj (.text)
                  20008260    00000048                           : fd_toi_t2.obj (.text)
                  200082a8    00000046                           : ldexp.obj (.text)
                  200082ee    00000002     --HOLE-- [fill = 0]
                  200082f0    00000044                           : exit.obj (.text)
                  20008334    00000040     driverlib.a : pin.obj (.text:PinModeSet)
                  20008374    00000040     rtsv7M4_T_le_eabi.lib : signal.obj (.text)
                  200083b4    0000003c     driverlib.a : prcm.obj (.text:PRCMPeripheralClkEnable)
                  200083f0    0000003c     rtsv7M4_T_le_eabi.lib : boot.obj (.text)
                  2000842c    00000036     driverlib.a : gpio.obj (.text:GPIODirModeSet)
                  20008462    00000002     --HOLE-- [fill = 0]
                  20008464    00000034     rtsv7M4_T_le_eabi.lib : feraiseexcept.obj (.text)
                  20008498    00000030     driverlib.a : pin.obj (.text:PinTypeGPIO)
                  200084c8    00000030                 : uart.obj (.text:UARTDisable)
                  200084f8    00000030     rtsv7M4_T_le_eabi.lib : xferaise.obj (.text)
                  20008528    0000002e                           : i_tofd_t2.obj (.text)
                  20008556    0000002e                           : raise.obj (.text)
                  20008584    0000002a                           : xdclass.obj (.text)
                  200085ae    00000024     driverlib.a : uart.obj (.text:UARTEnable)
                  200085d2    00000024     rtsv7M4_T_le_eabi.lib : memmov.obj (.text)
                  200085f6    00000022     driverlib.a : spi.obj (.text:SPIReset)
                  20008618    00000022     rtsv7M4_T_le_eabi.lib : frexp.obj (.text)
                  2000863a    00000020     driverlib.a : gpio.obj (.text:GPIOPinWrite)
                  2000865a    00000020                 : spi.obj (.text:SPIDataGet)
                  2000867a    0000001e                 : spi.obj (.text:SPIDataPut)
                  20008698    0000001e                 : uart.obj (.text:UARTCharPut)
                  200086b6    0000001c                 : uart.obj (.text:UARTCharGetNonBlocking)
                  200086d2    0000001c     rtsv7M4_T_le_eabi.lib : memccpy.obj (.text)
                  200086ee    0000001a     driverlib.a : pin.obj (.text:PinTypeSPI)
                  20008708    0000001a                 : pin.obj (.text:PinTypeUART)
                  20008722    0000001a                 : spi.obj (.text:SPIFIFOEnable)
                  2000873c    00000018                 : spi.obj (.text:SPICSDisable)
                  20008754    00000018                 : spi.obj (.text:SPICSEnable)
                  2000876c    00000018                 : spi.obj (.text:SPIEnable)
                  20008784    00000018                 : uart.obj (.text:UARTCharsAvail)
                  2000879c    00000018     rtsv7M4_T_le_eabi.lib : args_main.obj (.text)
                  200087b4    00000016                           : strchr.obj (.text)
                  200087ca    00000002     --HOLE-- [fill = 0]
                  200087cc    00000014                           : _lock.obj (.text)
                  200087e0    00000014                           : strlen.obj (.text)
                  200087f4    0000000e                           : copy_decompress_none.obj (.text:decompress:none)
                  20008802    0000000e     startup_ccs.obj (.text)
                  20008810    0000000c     rtsv7M4_T_le_eabi.lib : copy_zero_init.obj (.text:decompress:ZI)
                  2000881c    00000006     driverlib.a : utils.obj (.text:UtilsDelay)
                  20008822    00000006     rtsv7M4_T_le_eabi.lib : copy_decompress_rle.obj (.text:decompress:rle24)
                  20008828    00000004                           : pre_init.obj (.text)

.const     0    2000882c    000007a4     
                  2000882c    000004fb     Adafruit_GFX.obj (.const:.string:font)
                  20008d27    00000101     rtsv7M4_T_le_eabi.lib : ctype.obj (.const:.string:_ctypes_)
                  20008e28    00000100     driverlib.a : pin.obj (.const:g_ulPinToPadMap)
                  20008f28    000000a8                 : prcm.obj (.const:PRCM_PeriphRegsList)

.cinit     0    20008fd0    00000088     
                  20008fd0    0000005e     (.cinit..data.load) [load image, compression = rle]
                  2000902e    00000002     --HOLE-- [fill = 0]
                  20009030    0000000c     (__TI_handler_table)
                  2000903c    00000004     --HOLE-- [fill = 0]
                  20009040    00000008     (.cinit..bss.load) [load image, compression = zero_init]
                  20009048    00000010     (__TI_cinit_table)

.sysmem    0    20017000    00000800     UNINITIALIZED
                  20017000    00000008     rtsv7M4_T_le_eabi.lib : memory.obj (.sysmem)
                  20017008    000007f8     --HOLE--

.data      0    20017800    00000174     UNINITIALIZED
                  20017800    000000b0     rtsv7M4_T_le_eabi.lib : signal.obj (.data:sigtable)
                  200178b0    00000080                           : xvalues.obj (.data)
                  20017930    00000015     Adafruit_GFX.obj (.data)
                  20017945    00000003     --HOLE--
                  20017948    0000000c     rtsv7M4_T_le_eabi.lib : memory.obj (.data)
                  20017954    00000008                           : _lock.obj (.data)
                  2001795c    00000008                           : exit.obj (.data)
                  20017964    00000008                           : feraiseexcept.obj (.data)
                  2001796c    00000004                           : errno.obj (.data)
                  20017970    00000004                           : stkdepth_vars.obj (.data)

.TI.persistent 
*          0    20017800    00000000     UNINITIALIZED

.bss       0    20017974    00000004     UNINITIALIZED
                  20017974    00000004     (.common:__Errorlog)

.TI.noinit 
*          0    20017974    00000000     UNINITIALIZED

.stack     0    2002f800    00000800     UNINITIALIZED
                  2002f800    00000800     --HOLE--


LINKER GENERATED COPY TABLES

__TI_cinit_table @ 20009048 records: 2, size/record: 8, table size: 16
	.data: load addr=20008fd0, load size=0000005e bytes, run addr=20017800, run size=00000174 bytes, compression=rle
	.bss: load addr=20009040, load size=00000008 bytes, run addr=20017974, run size=00000004 bytes, compression=zero_init


LINKER GENERATED HANDLER TABLE

__TI_handler_table @ 20009030 records: 3, size/record: 4, table size: 12
	index: 0, handler: __TI_decompress_rle24
	index: 1, handler: __TI_decompress_none
	index: 2, handler: __TI_zero_init


GLOBAL SYMBOLS: SORTED ALPHABETICALLY BY Name 

address   name                    
-------   ----                    
2000674d  Adafruit_Init           
200082f1  C$$EXIT                 
20006f81  ClearTerm               
200068c3  Color565                
20006f8b  Error                   
2000842d  GPIODirModeSet          
2000863b  GPIOPinWrite            
20006fc3  GetCmd                  
20006f41  InitTerm                
20006f5f  Message                 
20005e53  Outstr                  
200083b5  PRCMPeripheralClkEnable 
20007c0d  PRCMPeripheralClockGet  
20007ca1  PinConfigSet            
20008335  PinModeSet              
20007d29  PinMuxConfig            
20008499  PinTypeGPIO             
200086ef  PinTypeSPI              
20008709  PinTypeUART             
20007101  Report                  
20008803  ResetISR                
UNDEFED   SHT$$INIT_ARRAY$$Base   
UNDEFED   SHT$$INIT_ARRAY$$Limit  
2000873d  SPICSDisable            
20008755  SPICSEnable             
20007ad1  SPIConfigSetExpClk      
2000865b  SPIDataGet              
2000867b  SPIDataPut              
2000876d  SPIEnable               
20008723  SPIFIFOEnable           
200085f7  SPIReset                
20007069  TrimSpace               
200086b7  UARTCharGetNonBlocking  
20008699  UARTCharPut             
20008785  UARTCharsAvail          
20007fbf  UARTConfigSetExpClk     
200084c9  UARTDisable             
200085af  UARTEnable              
2000881d  UtilsDelay              
20008585  _Dclass                 
200178b0  _Denorm                 
20007a11  _Dnorm                  
20007805  _Dscale                 
2000810b  _Dunscale               
200178c0  _Eps                    
2001796c  _Errno                  
20017964  _Fenv                   
200084f9  _Feraise                
200178d0  _Hugeval                
200178e0  _Inf                    
200178f0  _Nan                    
20017910  _Rteps                  
20017900  _Snan                   
20017968  _Tls_setup__Fenv        
20017920  _Xbig                   
20017928  _Zero                   
20030000  __STACK_END             
00000800  __STACK_SIZE            
00000800  __SYSMEM_SIZE           
20009048  __TI_CINIT_Base         
20009058  __TI_CINIT_Limit        
20009030  __TI_Handler_Table_Base 
2000903c  __TI_Handler_Table_Limit
20008035  __TI_auto_init          
2001795c  __TI_cleanup_ptr        
200087f5  __TI_decompress_none    
20008823  __TI_decompress_rle24   
20017960  __TI_dtors_ptr          
200051a1  __TI_printfi            
20008fd0  __TI_static_base__      
20008811  __TI_zero_init          
20007e39  __aeabi_cdcmpeq         
20007e39  __aeabi_cdcmple         
20007ebf  __aeabi_cdrcmple        
20008261  __aeabi_d2iz            
200073bf  __aeabi_dadd            
200076cd  __aeabi_ddiv            
20007915  __aeabi_dmul            
200073b5  __aeabi_dsub            
20008529  __aeabi_i2d             
20007f45  __aeabi_memclr          
20007f45  __aeabi_memclr4         
20007f45  __aeabi_memclr8         
20007b71  __aeabi_memcpy          
20007b71  __aeabi_memcpy4         
20007b71  __aeabi_memcpy8         
20007f47  __aeabi_memset          
20007f47  __aeabi_memset4         
20007f47  __aeabi_memset8         
200071c1  __aeabi_uldivmod        
ffffffff  __binit__               
ffffffff  __c_args__              
2002f800  __stack                 
2000879d  _args_main              
200083f1  _c_int00                
20008d27  _ctypes_                
20017954  _lock                   
200087db  _nop                    
200087d3  _register_lock          
200087cd  _register_unlock        
20017000  _sys_memory             
20008829  _system_pre_init        
20017958  _unlock                 
200082f5  abort                   
200081c9  atoi                    
ffffffff  binit                   
20006f0d  calloc                  
20008215  copy_in                 
20017930  cursor_x                
20017934  cursor_y                
20005f29  delay                   
20005f5d  drawAllFont             
20005d07  drawChar                
200054a9  drawCircle              
200055dd  drawCircleHelper        
20006a6d  drawFastHLine           
200069d1  drawFastVLine           
200060d9  drawHorizontalLines     
20005823  drawLine                
20006b09  drawPixel               
2000590f  drawRect                
2000595d  drawRoundRect           
20005ac5  drawTriangle            
20006193  drawVerticalLines       
200082fd  exit                    
20008465  feraiseexcept           
200056fb  fillCircle              
20005735  fillCircleHelper        
2000691b  fillRect                
20005a4b  fillRoundRect           
20006905  fillScreen              
20005b07  fillTriangle            
20006c5b  free                    
20008619  frexp                   
20004000  g_pfnVectors            
2000687f  goTo                    
20005f07  height                  
20006b47  invert                  
200082a9  ldexp                   
20008171  ltoa                    
2000756d  main                    
20017970  main_func_sp            
20006bf3  malloc                  
20006e29  memalign                
200086d3  memccpy                 
20007b71  memcpy                  
200085d3  memmove                 
20007f4d  memset                  
20006b65  minit                   
20005fdd  printHelloWorld         
20008557  raise                   
20006d1d  realloc                 
20005e9f  setCursor               
20005ed7  setTextColor            
20005eb7  setTextSize             
20005eef  setTextWrap             
20008375  signal                  
200087b5  strchr                  
200087e1  strlen                  
20006573  testdrawcircles         
2000649b  testdrawrects           
20006429  testfastlines           
200064fb  testfillcircles         
2000625b  testlines               
200065f3  testroundrects          
2000666b  testtriangles           
20017940  textbgcolor             
2001793c  textcolor               
20017938  textsize                
20007db1  vsnprintf               
20005f03  width                   
20017944  wrap                    
200066ed  writeCommand            
2000671d  writeData               


GLOBAL SYMBOLS: SORTED BY Symbol Address 

address   name                    
-------   ----                    
00000800  __STACK_SIZE            
00000800  __SYSMEM_SIZE           
20004000  g_pfnVectors            
200051a1  __TI_printfi            
200054a9  drawCircle              
200055dd  drawCircleHelper        
200056fb  fillCircle              
20005735  fillCircleHelper        
20005823  drawLine                
2000590f  drawRect                
2000595d  drawRoundRect           
20005a4b  fillRoundRect           
20005ac5  drawTriangle            
20005b07  fillTriangle            
20005d07  drawChar                
20005e53  Outstr                  
20005e9f  setCursor               
20005eb7  setTextSize             
20005ed7  setTextColor            
20005eef  setTextWrap             
20005f03  width                   
20005f07  height                  
20005f29  delay                   
20005f5d  drawAllFont             
20005fdd  printHelloWorld         
200060d9  drawHorizontalLines     
20006193  drawVerticalLines       
2000625b  testlines               
20006429  testfastlines           
2000649b  testdrawrects           
200064fb  testfillcircles         
20006573  testdrawcircles         
200065f3  testroundrects          
2000666b  testtriangles           
200066ed  writeCommand            
2000671d  writeData               
2000674d  Adafruit_Init           
2000687f  goTo                    
200068c3  Color565                
20006905  fillScreen              
2000691b  fillRect                
200069d1  drawFastVLine           
20006a6d  drawFastHLine           
20006b09  drawPixel               
20006b47  invert                  
20006b65  minit                   
20006bf3  malloc                  
20006c5b  free                    
20006d1d  realloc                 
20006e29  memalign                
20006f0d  calloc                  
20006f41  InitTerm                
20006f5f  Message                 
20006f81  ClearTerm               
20006f8b  Error                   
20006fc3  GetCmd                  
20007069  TrimSpace               
20007101  Report                  
200071c1  __aeabi_uldivmod        
200073b5  __aeabi_dsub            
200073bf  __aeabi_dadd            
2000756d  main                    
200076cd  __aeabi_ddiv            
20007805  _Dscale                 
20007915  __aeabi_dmul            
20007a11  _Dnorm                  
20007ad1  SPIConfigSetExpClk      
20007b71  __aeabi_memcpy          
20007b71  __aeabi_memcpy4         
20007b71  __aeabi_memcpy8         
20007b71  memcpy                  
20007c0d  PRCMPeripheralClockGet  
20007ca1  PinConfigSet            
20007d29  PinMuxConfig            
20007db1  vsnprintf               
20007e39  __aeabi_cdcmpeq         
20007e39  __aeabi_cdcmple         
20007ebf  __aeabi_cdrcmple        
20007f45  __aeabi_memclr          
20007f45  __aeabi_memclr4         
20007f45  __aeabi_memclr8         
20007f47  __aeabi_memset          
20007f47  __aeabi_memset4         
20007f47  __aeabi_memset8         
20007f4d  memset                  
20007fbf  UARTConfigSetExpClk     
20008035  __TI_auto_init          
2000810b  _Dunscale               
20008171  ltoa                    
200081c9  atoi                    
20008215  copy_in                 
20008261  __aeabi_d2iz            
200082a9  ldexp                   
200082f1  C$$EXIT                 
200082f5  abort                   
200082fd  exit                    
20008335  PinModeSet              
20008375  signal                  
200083b5  PRCMPeripheralClkEnable 
200083f1  _c_int00                
2000842d  GPIODirModeSet          
20008465  feraiseexcept           
20008499  PinTypeGPIO             
200084c9  UARTDisable             
200084f9  _Feraise                
20008529  __aeabi_i2d             
20008557  raise                   
20008585  _Dclass                 
200085af  UARTEnable              
200085d3  memmove                 
200085f7  SPIReset                
20008619  frexp                   
2000863b  GPIOPinWrite            
2000865b  SPIDataGet              
2000867b  SPIDataPut              
20008699  UARTCharPut             
200086b7  UARTCharGetNonBlocking  
200086d3  memccpy                 
200086ef  PinTypeSPI              
20008709  PinTypeUART             
20008723  SPIFIFOEnable           
2000873d  SPICSDisable            
20008755  SPICSEnable             
2000876d  SPIEnable               
20008785  UARTCharsAvail          
2000879d  _args_main              
200087b5  strchr                  
200087cd  _register_unlock        
200087d3  _register_lock          
200087db  _nop                    
200087e1  strlen                  
200087f5  __TI_decompress_none    
20008803  ResetISR                
20008811  __TI_zero_init          
2000881d  UtilsDelay              
20008823  __TI_decompress_rle24   
20008829  _system_pre_init        
20008d27  _ctypes_                
20008fd0  __TI_static_base__      
20009030  __TI_Handler_Table_Base 
2000903c  __TI_Handler_Table_Limit
20009048  __TI_CINIT_Base         
20009058  __TI_CINIT_Limit        
20017000  _sys_memory             
200178b0  _Denorm                 
200178c0  _Eps                    
200178d0  _Hugeval                
200178e0  _Inf                    
200178f0  _Nan                    
20017900  _Snan                   
20017910  _Rteps                  
20017920  _Xbig                   
20017928  _Zero                   
20017930  cursor_x                
20017934  cursor_y                
20017938  textsize                
2001793c  textcolor               
20017940  textbgcolor             
20017944  wrap                    
20017954  _lock                   
20017958  _unlock                 
2001795c  __TI_cleanup_ptr        
20017960  __TI_dtors_ptr          
20017964  _Fenv                   
20017968  _Tls_setup__Fenv        
2001796c  _Errno                  
20017970  main_func_sp            
2002f800  __stack                 
20030000  __STACK_END             
ffffffff  __binit__               
ffffffff  __c_args__              
ffffffff  binit                   
UNDEFED   SHT$$INIT_ARRAY$$Base   
UNDEFED   SHT$$INIT_ARRAY$$Limit  

[174 symbols]
